   Γû▓ Next.js 15.5.12
   - Environments: .env.production.local, .env.local, .env.production, .env
   - Experiments (use with caution):
     Γ¿» serverMinification
     ┬╖ webVitalsAttribution
     ┬╖ optimizePackageImports
     Γ£ô webpackMemoryOptimizations

   Creating an optimized production build ...
 Γùï (serwist) The service worker will not be automatically registered, please call 'window.serwist.register()' in 'componentDidMount' or 'useEffect'.
 Γ£ô (serwist) Bundling the service worker script with the URL '/sw.js' and the scope '/'...
node.exe : <w> [webpack.cache.PackFileCacheStrategy] Serializing big strings (243kiB) 
impacts deserialization performance (consider using Buffer instead and decode when needed)
At line:1 char:1
+ & "C:\Program Files\nodejs/node.exe" "C:\Users\HLC_2021\AppData\Roami ...
+ ~~~~~~~~~~~~~~~~~~~~~~~~~~~~~~~~~~~~~~~~~~~~~~~~~~~~~~~~~~~~~~~~~~~~~
    + CategoryInfo          : NotSpecified: (<w> [webpack.ca...de when needed):String) [] 
   , RemoteException
    + FullyQualifiedErrorId : NativeCommandError
 
<w> [webpack.cache.PackFileCacheStrategy] Serializing big strings (243kiB) impacts 
deserialization performance (consider using Buffer instead and decode when needed)
<w> [webpack.cache.PackFileCacheStrategy] Serializing big strings (242kiB) impacts 
deserialization performance (consider using Buffer instead and decode when needed)
<w> [webpack.cache.PackFileCacheStrategy] Serializing big strings (242kiB) impacts 
deserialization performance (consider using Buffer instead and decode when needed)
<w> [webpack.cache.PackFileCacheStrategy] Serializing big strings (242kiB) impacts 
deserialization performance (consider using Buffer instead and decode when needed)
<w> [webpack.cache.PackFileCacheStrategy] Serializing big strings (242kiB) impacts 
deserialization performance (consider using Buffer instead and decode when needed)
<w> [webpack.cache.PackFileCacheStrategy] Serializing big strings (243kiB) impacts 
deserialization performance (consider using Buffer instead and decode when needed)
<w> [webpack.cache.PackFileCacheStrategy] Serializing big strings (243kiB) impacts 
deserialization performance (consider using Buffer instead and decode when needed)
<w> [webpack.cache.PackFileCacheStrategy] Serializing big strings (242kiB) impacts 
deserialization performance (consider using Buffer instead and decode when needed)
<w> [webpack.cache.PackFileCacheStrategy] Serializing big strings (242kiB) impacts 
deserialization performance (consider using Buffer instead and decode when needed)
<w> [webpack.cache.PackFileCacheStrategy] Serializing big strings (242kiB) impacts 
deserialization performance (consider using Buffer instead and decode when needed)
<w> [webpack.cache.PackFileCacheStrategy] Serializing big strings (242kiB) impacts 
deserialization performance (consider using Buffer instead and decode when needed)

<--- Last few GCs --->

[16084:0000020AC097A000]   139502 ms: Mark-Compact 3888.6 (4124.0) -> 3874.5 (4124.0) MB, 
pooled: 9 MB, 739.39 / 0.00 ms  (average mu = 0.204, current mu = 0.080) allocation 
failure; scavenge might not succeed
[16084:0000020AC097A000]   140820 ms: Mark-Compact 3896.7 (4130.8) -> 3883.7 (4131.1) MB, 
pooled: 8 MB, 1193.92 / 0.00 ms  (average mu = 0.138, current mu = 0.095) allocation 
failure; GC in old space requested

FATAL ERROR: Ineffective mark-compacts near heap limit Allocation failed - JavaScript 
heap out of memory
----- Native stack trace -----

 1: 00007FF7B28EAA39 node::OnFatalError+1225
 2: 00007FF7B352CD07 v8::Function::NewInstance+423
 3: 00007FF7B332D5B7 v8::base::AddressSpaceReservation::AddressSpaceReservation+322071
 4: 00007FF7B33312C4 v8::base::AddressSpaceReservation::AddressSpaceReservation+337700
 5: 00007FF7B334025C v8::internal::StrongRootAllocatorBase::deallocate_impl+16604
 6: 00007FF7B333FA9B v8::internal::StrongRootAllocatorBase::deallocate_impl+14619
 7: 00007FF7B47A4BAD v8::base::UnsignedDivisionByConstant<unsigned __int64>+2791357
 8: 00007FF7B332B080 v8::base::AddressSpaceReservation::AddressSpaceReservation+312544
 9: 00007FF7B334590A X509_STORE_set_cleanup+5098
10: 00007FF7B33516E8 uv_timer_set_repeat+18968
11: 00007FF7B336C8A4 uv_timer_set_repeat+130004
12: 00007FF7B336C77C uv_timer_set_repeat+129708
13: 00007FF7B2A90D5E v8::internal::Version::GetVersion+102958
14: 00007FF7B34BC7BD X509_STORE_CTX_set_verify+314781
15: 00007FF7B29206CC node::Buffer::New+1132
16: 0000020ADA596048 
