
[1m[46m RUN [49m[22m [36mv3.2.4 [39m[90mE:/Projex25/X-Chat/lobe-chat[39m

 [32mΓ£ô[39m src/services/__tests__/tool.test.ts [2m([22m[2m8 tests[22m[2m)[22m[33m 1924[2mms[22m[39m
   [33m[2mΓ£ô[22m[39m ToolService[2m > [22mgetToolManifest[2m > [22msupport OpenAPI manifest[2m > [22mshould get plugin manifest [33m 1911[2mms[22m[39m
bunx : [90mstderr[2m | src/app/(backend)/middleware/auth/utils.test.ts[2m > 
[22m[2mcheckAuthMethod[2m > [22m[2mshould pass with valid Clerk auth
At line:1 char:1
+ bunx vitest run --passWithNoTests 2>&1 > test-results.txt; cat test-r ...
+ ~~~~~~~~~~~~~~~~~~~~~~~~~~~~~~~~~~~~~~~~~~~~~~~~~~~~~~~~~
    + CategoryInfo          : NotSpecified: ([90mstderr[2m...alid Clerk 
auth:String) [], RemoteExcep    tion
    + FullyQualifiedErrorId : NativeCommandError
 
[22m[39mtracked an invalid access code, µúÇµƒÑσê░Φ╛ôσàÑτÜäΘöÖΦ»»σ»åτáü∩╝Ü 
[90mundefined[39m

[90mstderr[2m | src/app/(backend)/middleware/auth/utils.test.ts[2m > 
[22m[2mcheckAuthMethod[2m > [22m[2mshould throw error with invalid Clerk 
auth
[22m[39mtracked an invalid access code, µúÇµƒÑσê░Φ╛ôσàÑτÜäΘöÖΦ»»σ»åτáü∩╝Ü 
[90mundefined[39m

[90mstderr[2m | src/app/(backend)/middleware/auth/utils.test.ts[2m > 
[22m[2mcheckAuthMethod[2m > [22m[2mshould pass with valid Next auth
[22m[39mtracked an invalid access code, µúÇµƒÑσê░Φ╛ôσàÑτÜäΘöÖΦ»»σ»åτáü∩╝Ü 
[90mundefined[39m

[90mstderr[2m | src/app/(backend)/middleware/auth/utils.test.ts[2m > 
[22m[2mcheckAuthMethod[2m > [22m[2mshould throw error with invalid access 
code
[22m[39mtracked an invalid access code, µúÇµƒÑσê░Φ╛ôσàÑτÜäΘöÖΦ»»σ»åτáü∩╝Ü 
invalidAccessCode
tracked an invalid access code, µúÇµƒÑσê░Φ╛ôσàÑτÜäΘöÖΦ»»σ»åτáü∩╝Ü 
[90mundefined[39m

 [31mΓ¥»[39m src/app/(backend)/middleware/auth/utils.test.ts [2m([22m[2m7 tests[22m[2m | [22m[31m3 failed[39m[2m)[22m[32m 19[2mms[22m[39m
[31m   [31m├ù[31m checkAuthMethod[2m > [22mshould pass with valid Clerk auth[39m[32m 12[2mms[22m[39m
[31m     ΓåÆ expected [Function] to not throw an error but { error: undefined, ΓÇª(1) } was thrown[39m
[31m   [31m├ù[31m checkAuthMethod[2m > [22mshould throw error with invalid Clerk auth[39m[32m 3[2mms[22m[39m
[31m     ΓåÆ expected { error: undefined, ΓÇª(1) } to deeply equal { errorType: 'InvalidClerkUser' }[39m
[31m   [31m├ù[31m checkAuthMethod[2m > [22mshould pass with valid Next auth[39m[32m 1[2mms[22m[39m
[31m     ΓåÆ expected [Function] to not throw an error but { error: undefined, ΓÇª(1) } was thrown[39m
   [32mΓ£ô[39m checkAuthMethod[2m > [22mshould pass with valid API key[32m 0[2mms[22m[39m
   [32mΓ£ô[39m checkAuthMethod[2m > [22mshould pass with no access code required[32m 0[2mms[22m[39m
   [32mΓ£ô[39m checkAuthMethod[2m > [22mshould pass with valid access code[32m 0[2mms[22m[39m
   [32mΓ£ô[39m checkAuthMethod[2m > [22mshould throw error with invalid access code[32m 1[2mms[22m[39m
[90mstderr[2m | src/store/serverConfig/selectors.test.ts[2m > 
[22m[2mfeatureFlagsSelectors[2m > [22m[2mshould return mapped feature 
flags from store
[22m[39m`ReactDOMTestUtils.act` is deprecated in favor of `React.act`. 
Import `act` from `react` instead of `react-dom/test-utils`. See 
https://react.dev/warnings/react-dom-test-utils for more info.

 [31mΓ¥»[39m src/store/serverConfig/selectors.test.ts [2m([22m[2m4 tests[22m[2m | [22m[31m1 failed[39m[2m)[22m[32m 17[2mms[22m[39m
[31m   [31m├ù[31m featureFlagsSelectors[2m > [22mshould return mapped feature flags from store[39m[32m 14[2mms[22m[39m
[31m     ΓåÆ expected { isAgentEditable: false, ΓÇª(21) } to deeply equal { isAgentEditable: false, ΓÇª(21) }[39m
   [32mΓ£ô[39m serverConfigSelectors[2m > [22menabledOAuthSSO[2m > [22mshould return enabledOAuthSSO value from store[32m 1[2mms[22m[39m
   [32mΓ£ô[39m serverConfigSelectors[2m > [22menabledTelemetryChat[2m > [22mshould return langfuse value from store when defined[32m 0[2mms[22m[39m
   [32mΓ£ô[39m serverConfigSelectors[2m > [22menabledTelemetryChat[2m > [22mshould return false when langfuse is not defined[32m 0[2mms[22m[39m
[90mstdout[2m | src/services/message/client.test.ts[2m > [22m[2mMessageClientService[2m > [22m[2mcreate[2m > [22m[2mshould create a message and return its id
[22m[39m≡ƒùé Migration success, take 3244ms

[90mstdout[2m | src/services/message/client.test.ts[2m > [22m[2mMessageClientService[2m > [22m[2mcreate[2m > [22m[2mshould create a message and return its id
[22m[39mΓ£à Database initialized in 4090ms

 [32mΓ£ô[39m src/services/message/client.test.ts [2m([22m[2m18 tests[22m[2m)[22m[33m 4673[2mms[22m[39m
   [33m[2mΓ£ô[22m[39m MessageClientService[2m > [22mcreate[2m > [22mshould create a message and return its id [33m 4248[2mms[22m[39m
[90mstdout[2m | src/services/user/client.test.ts[2m > [22m[2mClientService[2m > [22m[2mshould get user state correctly
[22m[39m≡ƒùé Migration success, take 3548ms

[90mstdout[2m | src/services/user/client.test.ts[2m > [22m[2mClientService[2m > [22m[2mshould get user state correctly
[22m[39mΓ£à Database initialized in 4650ms

 [32mΓ£ô[39m src/services/user/client.test.ts [2m([22m[2m7 tests[22m[2m)[22m[33m 4841[2mms[22m[39m
   [33m[2mΓ£ô[22m[39m ClientService[2m > [22mshould get user state correctly [33m 4745[2mms[22m[39m
[90mstdout[2m | src/services/file/client.test.ts[2m > [22m[2mFileService[2m > [22m[2mcreateFile[2m > [22m[2mcreateFile should save the file to the database
[22m[39m≡ƒùé Migration success, take 3748ms

[90mstdout[2m | src/services/file/client.test.ts[2m > [22m[2mFileService[2m > [22m[2mcreateFile[2m > [22m[2mcreateFile should save the file to the database
[22m[39mΓ£à Database initialized in 4891ms

[90mstdout[2m | src/services/topic/pglite.test.ts[2m > [22m[2mTopicService[2m > [22m[2mcreateTopic[2m > [22m[2mshould create a topic and return its id
[22m[39m≡ƒùé Migration success, take 3650ms

[90mstdout[2m | src/services/topic/pglite.test.ts[2m > [22m[2mTopicService[2m > [22m[2mcreateTopic[2m > [22m[2mshould create a topic and return its id
[22m[39mΓ£à Database initialized in 4949ms

[90mstdout[2m | src/services/plugin/client.test.ts[2m > [22m[2mPluginService[2m > [22m[2minstallPlugin[2m > [22m[2mshould install a plugin
[22m[39m≡ƒùé Migration success, take 3480ms

[90mstdout[2m | src/services/plugin/client.test.ts[2m > [22m[2mPluginService[2m > [22m[2minstallPlugin[2m > [22m[2mshould install a plugin
[22m[39mΓ£à Database initialized in 5139ms

 [32mΓ£ô[39m src/services/file/client.test.ts [2m([22m[2m9 tests[22m[2m)[22m[33m 5201[2mms[22m[39m
   [33m[2mΓ£ô[22m[39m FileService[2m > [22mcreateFile[2m > [22mcreateFile should save the file to the database [33m 4997[2mms[22m[39m
 [32mΓ£ô[39m src/services/topic/pglite.test.ts [2m([22m[2m14 tests[22m[2m)[22m[33m 5295[2mms[22m[39m
   [33m[2mΓ£ô[22m[39m TopicService[2m > [22mcreateTopic[2m > [22mshould create a topic and return its id [33m 5047[2mms[22m[39m
 [32mΓ£ô[39m src/services/plugin/client.test.ts [2m([22m[2m8 tests[22m[2m)[22m[33m 5366[2mms[22m[39m
   [33m[2mΓ£ô[22m[39m PluginService[2m > [22minstallPlugin[2m > [22mshould install a plugin [33m 5239[2mms[22m[39m
[90mstdout[2m | src/services/session/client.test.ts[2m > [22m[2mSessionService[2m > [22m[2mcreateSession[2m > [22m[2mshould create a new session and return its id
[22m[39m≡ƒùé Migration success, take 3669ms

[90mstdout[2m | src/services/session/client.test.ts[2m > [22m[2mSessionService[2m > [22m[2mcreateSession[2m > [22m[2mshould create a new session and return its id
[22m[39mΓ£à Database initialized in 4822ms

[90mstdout[2m | src/services/import/client.test.ts[2m > [22m[2mImporterService[2m > [22m[2mimport sessionGroups[2m > [22m[2mshould import session groups and return correct result
[22m[39m≡ƒùé Migration success, take 3702ms

[90mstdout[2m | src/services/import/client.test.ts[2m > [22m[2mImporterService[2m > [22m[2mimport sessionGroups[2m > [22m[2mshould import session groups and return correct result
[22m[39mΓ£à Database initialized in 4847ms

[90mstderr[2m | src/server/services/mcp/index.test.ts[2m > 
[22m[2mMCPService[2m > [22m[2mcallTool[2m > [22m[2mshould throw 
TRPCError when client throws error
[22m[39mError calling tool "testTool" for params {
  name: [32m'test-mcp'[39m,
  type: [32m'stdio'[39m,
  command: [32m'test-command'[39m,
  args: [ [32m'--test'[39m ]
}: Error: MCP client error
    at [90mE:\Projex25\X-Chat\lobe-chat\[39msrc\server\services\mcp\index.tes
t.ts:141:21
    at [90mfile:///E:/Projex25/X-Chat/lobe-chat/[39mnode_modules/[4m.pnpm[2
4m/@vitest+runner@3.2.4/node_modules/[4m@vitest[24m/runner/dist/chunk-hooks.j
s:155:11
    at [90mfile:///E:/Projex25/X-Chat/lobe-chat/[39mnode_modules/[4m.pnpm[2
4m/@vitest+runner@3.2.4/node_modules/[4m@vitest[24m/runner/dist/chunk-hooks.j
s:752:26
    at [90mfile:///E:/Projex25/X-Chat/lobe-chat/[39mnode_modules/[4m.pnpm[2
4m/@vitest+runner@3.2.4/node_modules/[4m@vitest[24m/runner/dist/chunk-hooks.j
s:1897:20
    at new Promise (<anonymous>)
    at runWithTimeout [90m(file:///E:/Projex25/X-Chat/lobe-chat/[39mnode_modu
les/[4m.pnpm[24m/@vitest+runner@3.2.4/node_modules/[4m@vitest[24m/runner/di
st/chunk-hooks.js:1863:10[90m)[39m
    at runTest [90m(file:///E:/Projex25/X-Chat/lobe-chat/[39mnode_modules/[4
m.pnpm[24m/@vitest+runner@3.2.4/node_modules/[4m@vitest[24m/runner/dist/chun
k-hooks.js:1574:12[90m)[39m
[90m    at processTicksAndRejections 
(node:internal/process/task_queues:105:5)[39m
    at runSuite [90m(file:///E:/Projex25/X-Chat/lobe-chat/[39mnode_modules/[
4m.pnpm[24m/@vitest+runner@3.2.4/node_modules/[4m@vitest[24m/runner/dist/chu
nk-hooks.js:1729:8[90m)[39m
    at runSuite [90m(file:///E:/Projex25/X-Chat/lobe-chat/[39mnode_modules/[
4m.pnpm[24m/@vitest+runner@3.2.4/node_modules/[4m@vitest[24m/runner/dist/chu
nk-hooks.js:1729:8[90m)[39m

 [32mΓ£ô[39m src/server/services/mcp/index.test.ts [2m([22m[2m10 tests[22m[2m)[22m[33m 350[2mms[22m[39m
   [33m[2mΓ£ô[22m[39m MCPService[2m > [22mcallTool[2m > [22mshould return original data when content array is empty [33m 331[2mms[22m[39m
[90mstdout[2m | src/services/import/client.test.ts[2m > [22m[2mImporterService[2m > [22m[2mimport messages[2m > [22m[2mshould import messages and return correct result
[22m[39mfind messages: 2.151ms

[90mstdout[2m | src/services/import/client.test.ts[2m > [22m[2mImporterService[2m > [22m[2mimport messages[2m > [22m[2mshould import messages and return correct result
[22m[39minsert messages: 2.939ms

[90mstdout[2m | src/services/import/client.test.ts[2m > [22m[2mImporterService[2m > [22m[2mimport messages[2m > [22m[2mshould import messages and return correct result
[22m[39mexecute updates parentId: 2.808ms

[90mstdout[2m | src/services/import/client.test.ts[2m > [22m[2mImporterService[2m > [22m[2mimport messages[2m > [22m[2mshould skip existing messages and return correct result
[22m[39mfind messages: 1.771ms

[90mstdout[2m | src/services/import/client.test.ts[2m > [22m[2mImporterService[2m > [22m[2mimport messages[2m > [22m[2mshould skip existing messages and return correct result
[22m[39minsert messages: 1.782ms

[90mstdout[2m | src/services/import/client.test.ts[2m > [22m[2mImporterService[2m > [22m[2mimport messages[2m > [22m[2mshould skip existing messages and return correct result
[22m[39mexecute updates parentId: 0.024ms

[90mstdout[2m | src/services/import/client.test.ts[2m > [22m[2mImporterService[2m > [22m[2mimport messages[2m > [22m[2mshould associate imported messages with sessions and topics
[22m[39mfind messages: 1.804ms

[90mstdout[2m | src/services/import/client.test.ts[2m > [22m[2mImporterService[2m > [22m[2mimport messages[2m > [22m[2mshould associate imported messages with sessions and topics
[22m[39minsert messages: 2.495ms

[90mstdout[2m | src/services/import/client.test.ts[2m > [22m[2mImporterService[2m > [22m[2mimport messages[2m > [22m[2mshould associate imported messages with sessions and topics
[22m[39mexecute updates parentId: 1.729ms

[90mstdout[2m | src/services/import/client.test.ts[2m > [22m[2mImporterService[2m > [22m[2mimport messages[2m > [22m[2mshould set parentId for messages
[22m[39mfind messages: 2.056ms

[90mstdout[2m | src/services/import/client.test.ts[2m > [22m[2mImporterService[2m > [22m[2mimport messages[2m > [22m[2mshould set parentId for messages
[22m[39minsert messages: 2.045ms

[90mstdout[2m | src/services/import/client.test.ts[2m > [22m[2mImporterService[2m > [22m[2mimport messages[2m > [22m[2mshould set parentId for messages
[22m[39mexecute updates parentId: 1.656ms

[90mstdout[2m | src/services/import/client.test.ts[2m > [22m[2mImporterService[2m > [22m[2mreal world examples[2m > [22m[2mshould import successfully
[22m[39mfind messages: 1.788ms

[90mstdout[2m | src/services/import/client.test.ts[2m > [22m[2mImporterService[2m > [22m[2mreal world examples[2m > [22m[2mshould import successfully
[22m[39minsert messages: 2.564ms

[90mstdout[2m | src/services/import/client.test.ts[2m > [22m[2mImporterService[2m > [22m[2mreal world examples[2m > [22m[2mshould import successfully
[22m[39mexecute updates parentId: 2.554ms

[90mstdout[2m | src/services/import/client.test.ts[2m > [22m[2mImporterService[2m > [22m[2mreal world examples[2m > [22m[2mshould import real world data
[22m[39mfind messages: 2.192ms

[90mstdout[2m | src/services/import/client.test.ts[2m > [22m[2mImporterService[2m > [22m[2mreal world examples[2m > [22m[2mshould import real world data
[22m[39minsert messages: 12.365ms

[90mstdout[2m | src/services/import/client.test.ts[2m > [22m[2mImporterService[2m > [22m[2mreal world examples[2m > [22m[2mshould import real world data
[22m[39mexecute updates parentId: 4.234ms

 [32mΓ£ô[39m src/services/import/client.test.ts [2m([22m[2m17 tests[22m[2m)[22m[33m 5354[2mms[22m[39m
   [33m[2mΓ£ô[22m[39m ImporterService[2m > [22mimport sessionGroups[2m > [22mshould import session groups and return correct result [33m 4940[2mms[22m[39m
 [32mΓ£ô[39m src/services/session/client.test.ts [2m([22m[2m27 tests[22m[2m | [22m[33m1 skipped[39m[2m)[22m[33m 5425[2mms[22m[39m
   [33m[2mΓ£ô[22m[39m SessionService[2m > [22mcreateSession[2m > [22mshould create a new session and return its id [33m 4945[2mms[22m[39m
 [32mΓ£ô[39m src/database/_deprecated/models/__tests__/sessionGroup.test.ts [2m([22m[2m17 tests[22m[2m)[22m[33m 735[2mms[22m[39m
   [33m[2mΓ£ô[22m[39m SessionGroupModel[2m > [22mquery[2m > [22mshould return session groups sorted by createdAt when sort field does not exist [33m 308[2mms[22m[39m
   [33m[2mΓ£ô[22m[39m SessionGroupModel[2m > [22mquery[2m > [22mshould return session groups sorted by createdAt when sort fields are equal [33m 303[2mms[22m[39m
[90mstderr[2m | src/store/global/action.test.ts[2m > 
[22m[2mcreatePreferenceSlice[2m > [22m[2mtoggleChatSideBar[2m > 
[22m[2mshould toggle chat sidebar
[22m[39m`ReactDOMTestUtils.act` is deprecated in favor of `React.act`. 
Import `act` from `react` instead of `react-dom/test-utils`. See 
https://react.dev/warnings/react-dom-test-utils for more info.

 [32mΓ£ô[39m src/store/global/action.test.ts [2m([22m[2m24 tests[22m[2m)[22m[33m 468[2mms[22m[39m
[90mstderr[2m | src/services/chat/chat.test.ts[2m > 
[22m[2mChatService[2m > [22m[2mfetchPresetTaskResult[2m > 
[22m[2mshould handle error in chat completion
[22m[39mError: translated_response.404
    at Object.onErrorHandle [90m(E:\Projex25\X-Chat\lobe-chat\[39msrc\service
s\chat\index.ts:438:25[90m)[39m
    at ChatService.<anonymous> [90m(E:\Projex25\X-Chat\lobe-chat\[39msrc\serv
ices\chat\chat.test.ts:1162:21[90m)[39m
    at ChatService.mockCall [90m(file:///E:/Projex25/X-Chat/lobe-chat/[39mnod
e_modules/[4m.pnpm[24m/@vitest+spy@3.2.4/node_modules/[4m@vitest[24m/spy/di
st/index.js:96:15[90m)[39m
    at ChatService.getChatCompletion [90m(file:///E:/Projex25/X-Chat/lobe-chat
/[39mnode_modules/[4m.pnpm[24m/tinyspy@4.0.3/node_modules/[4mtinyspy[24m/d
ist/index.js:47:103[90m)[39m
    at ChatService.fetchPresetTaskResult [90m(E:\Projex25\X-Chat\lobe-chat\[3
9msrc\services\chat\index.ts:434:18[90m)[39m
[90m    at processTicksAndRejections 
(node:internal/process/task_queues:105:5)[39m
    at 
[90mE:\Projex25\X-Chat\lobe-chat\[39msrc\services\chat\chat.test.ts:1177:7
    at [90mfile:///E:/Projex25/X-Chat/lobe-chat/[39mnode_modules/[4m.pnpm[2
4m/@vitest+runner@3.2.4/node_modules/[4m@vitest[24m/runner/dist/chunk-hooks.j
s:752:20

[90mstderr[2m | src/store/user/slices/modelList/action.test.ts[2m > 
[22m[2mLLMSettingsSliceAction[2m > [22m[2msetModelProviderConfig[2m > 
[22m[2mshould set OpenAI configuration
[22m[39m`ReactDOMTestUtils.act` is deprecated in favor of `React.act`. 
Import `act` from `react` instead of `react-dom/test-utils`. See 
https://react.dev/warnings/react-dom-test-utils for more info.

[90mstderr[2m | src/store/user/slices/common/action.test.ts[2m > 
[22m[2mcreateCommonSlice[2m > [22m[2mupdateAvatar[2m > [22m[2mshould 
update avatar
[22m[39m`ReactDOMTestUtils.act` is deprecated in favor of `React.act`. 
Import `act` from `react` instead of `react-dom/test-utils`. See 
https://react.dev/warnings/react-dom-test-utils for more info.

[90mstdout[2m | src/store/user/slices/modelList/action.test.ts[2m > [22m[2mLLMSettingsSliceAction[2m > [22m[2mremoveEnabledModels[2m > [22m[2mshould remove the specified model from enabledModels
[22m[39m{"languageModel":{"azure":{"enabledModels":["gpt-3.5-turbo","gpt-4"]}}}

 [32mΓ£ô[39m src/services/chat/chat.test.ts [2m([22m[2m30 tests[22m[2m)[22m[33m 2156[2mms[22m[39m
   [33m[2mΓ£ô[22m[39m ChatService private methods[2m > [22mgetChatCompletion[2m > [22mshould merge responseAnimation styles correctly [33m 581[2mms[22m[39m
 [32mΓ£ô[39m src/store/user/slices/common/action.test.ts [2m([22m[2m11 tests[22m[2m)[22m[33m 467[2mms[22m[39m
 [32mΓ£ô[39m src/store/user/slices/modelList/action.test.ts [2m([22m[2m15 tests[22m[2m)[22m[33m 524[2mms[22m[39m
[90mstderr[2m | src/store/agent/slices/chat/action.test.ts[2m > 
[22m[2mAgentSlice[2m > [22m[2mremovePlugin[2m > [22m[2mshould call 
togglePlugin with the provided id and false
[22m[39m`ReactDOMTestUtils.act` is deprecated in favor of `React.act`. 
Import `act` from `react` instead of `react-dom/test-utils`. See 
https://react.dev/warnings/react-dom-test-utils for more info.

[90mstderr[2m | src/components/FormInput/FormInput.test.tsx
[22m[39mWarning: KaTeX doesn't work in quirks mode. Make sure your website 
has a suitable doctype.

 [32mΓ£ô[39m src/store/agent/slices/chat/action.test.ts [2m([22m[2m17 tests[22m[2m)[22m[32m 181[2mms[22m[39m
 [32mΓ£ô[39m src/server/globalConfig/genServerAiProviderConfig.test.ts [2m([22m[2m10 tests[22m[2m)[22m[32m 219[2mms[22m[39m
 [32mΓ£ô[39m src/components/FormInput/FormInput.test.tsx [2m([22m[2m5 tests[22m[2m)[22m[33m 461[2mms[22m[39m
[90mstderr[2m | src/features/User/__tests__/PanelContent.test.tsx
[22m[39mWarning: KaTeX doesn't work in quirks mode. Make sure your website 
has a suitable doctype.

[90mstderr[2m | 
src/app/[variants]/(main)/_layout/Desktop/SideBar/Avatar.test.tsx
[22m[39mWarning: KaTeX doesn't work in quirks mode. Make sure your website 
has a suitable doctype.

[90mstderr[2m | src/features/User/__tests__/PanelContent.test.tsx[2m > 
[22m[2mPanelContent[2m > [22m[2menable auth[2m > [22m[2mshould render 
UserInfo when user is signed in
[22m[39m`ReactDOMTestUtils.act` is deprecated in favor of `React.act`. 
Import `act` from `react` instead of `react-dom/test-utils`. See 
https://react.dev/warnings/react-dom-test-utils for more info.

[90mstderr[2m | src/features/User/__tests__/PanelContent.test.tsx[2m > 
[22m[2mPanelContent[2m > [22m[2menable auth[2m > [22m[2mshould render 
UserInfo when user is signed in
[22m[39mreact-i18next:: useTranslation: You will need to pass in an i18next 
instance by using initReactI18next { code: [32m'NO_I18NEXT_INSTANCE'[39m }

 [32mΓ£ô[39m src/features/User/__tests__/PanelContent.test.tsx [2m([22m[2m7 tests[22m[2m)[22m[32m 269[2mms[22m[39m
[90mstderr[2m | 
src/app/[variants]/(main)/_layout/Desktop/SideBar/Avatar.test.tsx[2m > 
[22m[2mAvatar[2m > [22m[2mshould render UserAvatar and UserPanel when 
hideSettingsMoveGuide is true
[22m[39mreact-i18next:: useTranslation: You will need to pass in an i18next 
instance by using initReactI18next { code: [32m'NO_I18NEXT_INSTANCE'[39m }

 [32mΓ£ô[39m src/app/[variants]/(main)/_layout/Desktop/SideBar/Avatar.test.tsx [2m([22m[2m3 tests[22m[2m)[22m[32m 158[2mms[22m[39m
[90mstdout[2m | src/database/_deprecated/models/__tests__/topic.test.ts[2m > [22m[2mTopicModel[2m > [22m[2mqueryByKeyword[2m > [22m[2mshould query global topics by keyword
[22m[39mqueryTopicsByKeyword: 1.291ms

[90mstdout[2m | src/database/_deprecated/models/__tests__/topic.test.ts[2m > [22m[2mTopicModel[2m > [22m[2mqueryByKeyword[2m > [22m[2mshould query topics in current session by keyword
[22m[39mqueryTopicsByKeyword: 1.525ms

[90mstdout[2m | src/database/_deprecated/models/__tests__/topic.test.ts[2m > [22m[2mTopicModel[2m > [22m[2mqueryByKeyword[2m > [22m[2mshould not query any topic in other session by keyword
[22m[39mqueryTopicsByKeyword: 1.132ms

 [32mΓ£ô[39m src/database/_deprecated/models/__tests__/topic.test.ts [2m([22m[2m29 tests[22m[2m)[22m[32m 144[2mms[22m[39m
[90mstderr[2m | src/store/chat/slices/topic/action.test.ts
[22m[39mWarning: KaTeX doesn't work in quirks mode. Make sure your website 
has a suitable doctype.

[90mstderr[2m | src/store/chat/slices/topic/action.test.ts[2m > 
[22m[2mtopic action[2m > [22m[2mopenNewTopicOrSaveTopic[2m > 
[22m[2mshould call switchTopic if activeTopicId exists
[22m[39m`ReactDOMTestUtils.act` is deprecated in favor of `React.act`. 
Import `act` from `react` instead of `react-dom/test-utils`. See 
https://react.dev/warnings/react-dom-test-utils for more info.

[90mstderr[2m | src/store/chat/slices/topic/action.test.ts[2m > 
[22m[2mtopic action[2m > [22m[2msaveToTopic[2m > [22m[2mshould create 
a topic and bind messages to it
[22m[39mAn update to TestComponent inside a test was not wrapped in act(...).

When testing, code that causes React state updates should be wrapped into 
act(...):

act(() => {
  /* fire events that update state */
});
/* assert on the output */

This ensures that you're testing the behavior the user would see in the 
browser. Learn more at https://react.dev/link/wrap-tests-with-act
An update to TestComponent inside a test was not wrapped in act(...).

When testing, code that causes React state updates should be wrapped into 
act(...):

act(() => {
  /* fire events that update state */
});
/* assert on the output */

This ensures that you're testing the behavior the user would see in the 
browser. Learn more at https://react.dev/link/wrap-tests-with-act

[90mstderr[2m | src/store/chat/slices/topic/action.test.ts[2m > 
[22m[2mtopic action[2m > [22m[2msaveToTopic[2m > [22m[2mshould create 
a topic and bind messages to it
[22m[39mAn update to TestComponent inside a test was not wrapped in act(...).

When testing, code that causes React state updates should be wrapped into 
act(...):

act(() => {
  /* fire events that update state */
});
/* assert on the output */

This ensures that you're testing the behavior the user would see in the 
browser. Learn more at https://react.dev/link/wrap-tests-with-act
An update to TestComponent inside a test was not wrapped in act(...).

When testing, code that causes React state updates should be wrapped into 
act(...):

act(() => {
  /* fire events that update state */
});
/* assert on the output */

This ensures that you're testing the behavior the user would see in the 
browser. Learn more at https://react.dev/link/wrap-tests-with-act

[90mstderr[2m | src/store/chat/slices/topic/action.test.ts[2m > 
[22m[2mtopic action[2m > [22m[2msaveToTopic[2m > [22m[2mshould create 
a topic and bind messages to it
[22m[39mAn update to TestComponent inside a test was not wrapped in act(...).

When testing, code that causes React state updates should be wrapped into 
act(...):

act(() => {
  /* fire events that update state */
});
/* assert on the output */

This ensures that you're testing the behavior the user would see in the 
browser. Learn more at https://react.dev/link/wrap-tests-with-act

[90mstderr[2m | src/store/chat/slices/topic/action.test.ts[2m > 
[22m[2mtopic action[2m > [22m[2msaveToTopic[2m > [22m[2mshould create 
a topic and bind messages to it
[22m[39mAn update to TestComponent inside a test was not wrapped in act(...).

When testing, code that causes React state updates should be wrapped into 
act(...):

act(() => {
  /* fire events that update state */
});
/* assert on the output */

This ensures that you're testing the behavior the user would see in the 
browser. Learn more at https://react.dev/link/wrap-tests-with-act

 [32mΓ£ô[39m src/store/chat/slices/topic/action.test.ts [2m([22m[2m21 tests[22m[2m)[22m[32m 189[2mms[22m[39m
[90mstderr[2m | src/store/chat/slices/message/action.test.ts
[22m[39mWarning: KaTeX doesn't work in quirks mode. Make sure your website 
has a suitable doctype.

 [32mΓ£ô[39m src/store/tool/slices/plugin/action.test.ts [2m([22m[2m9 tests[22m[2m)[22m[32m 50[2mms[22m[39m
[90mstderr[2m | 
src/store/chat/slices/aiChat/actions/__tests__/generateAIChat.test.ts
[22m[39mWarning: KaTeX doesn't work in quirks mode. Make sure your website 
has a suitable doctype.

[90mstderr[2m | 
src/store/chat/slices/aiChat/actions/__tests__/generateAIChat.test.ts[2m > 
[22m[2mchatMessage actions[2m > [22m[2msendMessage[2m > [22m[2mshould 
not send message if there is no active session
[22m[39m`ReactDOMTestUtils.act` is deprecated in favor of `React.act`. 
Import `act` from `react` instead of `react-dom/test-utils`. See 
https://react.dev/warnings/react-dom-test-utils for more info.

[90mstderr[2m | 
src/store/chat/slices/aiChat/actions/__tests__/generateAIChat.test.ts[2m > 
[22m[2mchatMessage actions[2m > [22m[2msendMessage[2m > [22m[2mσ╜ô 
createMessage µè¢σç║ΘöÖΦ»»µù╢,µ¡úτí«σñäτÉåΘöÖΦ»»ΦÇîΣ╕ìσ╜▒σôìµò┤Σ╕¬σ║öτö¿
[22m[39mAn update to TestComponent inside a test was not wrapped in act(...).

When testing, code that causes React state updates should be wrapped into 
act(...):

act(() => {
  /* fire events that update state */
});
/* assert on the output */

This ensures that you're testing the behavior the user would see in the 
browser. Learn more at https://react.dev/link/wrap-tests-with-act
An update to TestComponent inside a test was not wrapped in act(...).

When testing, code that causes React state updates should be wrapped into 
act(...):

act(() => {
  /* fire events that update state */
});
/* assert on the output */

This ensures that you're testing the behavior the user would see in the 
browser. Learn more at https://react.dev/link/wrap-tests-with-act
An update to TestComponent inside a test was not wrapped in act(...).

When testing, code that causes React state updates should be wrapped into 
act(...):

act(() => {
  /* fire events that update state */
});
/* assert on the output */

This ensures that you're testing the behavior the user would see in the 
browser. Learn more at https://react.dev/link/wrap-tests-with-act

[90mstderr[2m | 
src/store/chat/slices/aiChat/actions/__tests__/generateAIChat.test.ts[2m > 
[22m[2mchatMessage actions[2m > [22m[2msendMessage[2m > [22m[2mσ╜ô 
createMessage µè¢σç║ΘöÖΦ»»µù╢,µ¡úτí«σñäτÉåΘöÖΦ»»ΦÇîΣ╕ìσ╜▒σôìµò┤Σ╕¬σ║öτö¿
[22m[39mAn update to TestComponent inside a test was not wrapped in act(...).

When testing, code that causes React state updates should be wrapped into 
act(...):

act(() => {
  /* fire events that update state */
});
/* assert on the output */

This ensures that you're testing the behavior the user would see in the 
browser. Learn more at https://react.dev/link/wrap-tests-with-act
An update to TestComponent inside a test was not wrapped in act(...).

When testing, code that causes React state updates should be wrapped into 
act(...):

act(() => {
  /* fire events that update state */
});
/* assert on the output */

This ensures that you're testing the behavior the user would see in the 
browser. Learn more at https://react.dev/link/wrap-tests-with-act

[90mstderr[2m | 
src/store/chat/slices/aiChat/actions/__tests__/generateAIChat.test.ts[2m > 
[22m[2mchatMessage actions[2m > [22m[2msendMessage[2m > [22m[2mσ╜ô 
createMessage µè¢σç║ΘöÖΦ»»µù╢,µ¡úτí«σñäτÉåΘöÖΦ»»ΦÇîΣ╕ìσ╜▒σôìµò┤Σ╕¬σ║öτö¿
[22m[39mAn update to TestComponent inside a test was not wrapped in act(...).

When testing, code that causes React state updates should be wrapped into 
act(...):

act(() => {
  /* fire events that update state */
});
/* assert on the output */

This ensures that you're testing the behavior the user would see in the 
browser. Learn more at https://react.dev/link/wrap-tests-with-act

 [32mΓ£ô[39m src/store/chat/slices/aiChat/actions/__tests__/generateAIChat.test.ts [2m([22m[2m37 tests[22m[2m)[22m[32m 159[2mms[22m[39m
 [32mΓ£ô[39m src/database/_deprecated/models/__tests__/message.test.ts [2m([22m[2m20 tests[22m[2m)[22m[32m 97[2mms[22m[39m
[90mstderr[2m | src/store/chat/slices/message/action.test.ts[2m > 
[22m[2mchatMessage actions[2m > [22m[2maddAIMessage[2m > [22m[2mshould 
return early if activeId is undefined
[22m[39m`ReactDOMTestUtils.act` is deprecated in favor of `React.act`. 
Import `act` from `react` instead of `react-dom/test-utils`. See 
https://react.dev/warnings/react-dom-test-utils for more info.

 [32mΓ£ô[39m src/store/chat/slices/message/action.test.ts [2m([22m[2m28 tests[22m[2m)[22m[32m 138[2mms[22m[39m
[90mstderr[2m | 
src/store/chat/slices/aiChat/actions/__tests__/generateAIChatV2.test.ts
[22m[39mWarning: KaTeX doesn't work in quirks mode. Make sure your website 
has a suitable doctype.

[90mstderr[2m | 
src/store/chat/slices/aiChat/actions/__tests__/generateAIChatV2.test.ts[2m > 
[22m[2mgenerateAIChatV2 actions[2m > [22m[2msendMessageInServer[2m > 
[22m[2mshould not send message if there is no active session
[22m[39m`ReactDOMTestUtils.act` is deprecated in favor of `React.act`. 
Import `act` from `react` instead of `react-dom/test-utils`. See 
https://react.dev/warnings/react-dom-test-utils for more info.

[90mstderr[2m | 
src/store/chat/slices/aiChat/actions/__tests__/generateAIChatV2.test.ts[2m > 
[22m[2mgenerateAIChatV2 actions[2m > [22m[2msendMessageInServer[2m > 
[22m[2mshould handle errors correctly when createMessage throws error 
without affecting the app
[22m[39mAn update to TestComponent inside a test was not wrapped in act(...).

When testing, code that causes React state updates should be wrapped into 
act(...):

act(() => {
  /* fire events that update state */
});
/* assert on the output */

This ensures that you're testing the behavior the user would see in the 
browser. Learn more at https://react.dev/link/wrap-tests-with-act
An update to TestComponent inside a test was not wrapped in act(...).

When testing, code that causes React state updates should be wrapped into 
act(...):

act(() => {
  /* fire events that update state */
});
/* assert on the output */

This ensures that you're testing the behavior the user would see in the 
browser. Learn more at https://react.dev/link/wrap-tests-with-act
An update to TestComponent inside a test was not wrapped in act(...).

When testing, code that causes React state updates should be wrapped into 
act(...):

act(() => {
  /* fire events that update state */
});
/* assert on the output */

This ensures that you're testing the behavior the user would see in the 
browser. Learn more at https://react.dev/link/wrap-tests-with-act
An update to TestComponent inside a test was not wrapped in act(...).

When testing, code that causes React state updates should be wrapped into 
act(...):

act(() => {
  /* fire events that update state */
});
/* assert on the output */

This ensures that you're testing the behavior the user would see in the 
browser. Learn more at https://react.dev/link/wrap-tests-with-act

[90mstderr[2m | 
src/store/chat/slices/aiChat/actions/__tests__/generateAIChatV2.test.ts[2m > 
[22m[2mgenerateAIChatV2 actions[2m > [22m[2msendMessageInServer[2m > 
[22m[2mshould handle errors correctly when createMessage throws error 
without affecting the app
[22m[39mAn update to TestComponent inside a test was not wrapped in act(...).

When testing, code that causes React state updates should be wrapped into 
act(...):

act(() => {
  /* fire events that update state */
});
/* assert on the output */

This ensures that you're testing the behavior the user would see in the 
browser. Learn more at https://react.dev/link/wrap-tests-with-act
An update to TestComponent inside a test was not wrapped in act(...).

When testing, code that causes React state updates should be wrapped into 
act(...):

act(() => {
  /* fire events that update state */
});
/* assert on the output */

This ensures that you're testing the behavior the user would see in the 
browser. Learn more at https://react.dev/link/wrap-tests-with-act
An update to TestComponent inside a test was not wrapped in act(...).

When testing, code that causes React state updates should be wrapped into 
act(...):

act(() => {
  /* fire events that update state */
});
/* assert on the output */

This ensures that you're testing the behavior the user would see in the 
browser. Learn more at https://react.dev/link/wrap-tests-with-act

[90mstderr[2m | 
src/store/chat/slices/aiChat/actions/__tests__/generateAIChatV2.test.ts[2m > 
[22m[2mgenerateAIChatV2 actions[2m > [22m[2mOperation state management 
tests[2m > [22m[2mshould correctly handle cancel reason and call abort 
method
[22m[39mAn update to TestComponent inside a test was not wrapped in act(...).

When testing, code that causes React state updates should be wrapped into 
act(...):

act(() => {
  /* fire events that update state */
});
/* assert on the output */

This ensures that you're testing the behavior the user would see in the 
browser. Learn more at https://react.dev/link/wrap-tests-with-act
An update to TestComponent inside a test was not wrapped in act(...).

When testing, code that causes React state updates should be wrapped into 
act(...):

act(() => {
  /* fire events that update state */
});
/* assert on the output */

This ensures that you're testing the behavior the user would see in the 
browser. Learn more at https://react.dev/link/wrap-tests-with-act

 [32mΓ£ô[39m src/store/chat/slices/aiChat/actions/__tests__/generateAIChatV2.test.ts [2m([22m[2m30 tests[22m[2m)[22m[32m 132[2mms[22m[39m
[90mstderr[2m | src/features/Conversation/Extras/Assistant.test.tsx
[22m[39mWarning: KaTeX doesn't work in quirks mode. Make sure your website 
has a suitable doctype.

[90mstderr[2m | src/features/User/__tests__/UserAvatar.test.tsx
[22m[39mWarning: KaTeX doesn't work in quirks mode. Make sure your website 
has a suitable doctype.

 [32mΓ£ô[39m src/store/image/slices/generationTopic/action.test.ts [2m([22m[2m27 tests[22m[2m)[22m[32m 80[2mms[22m[39m
[90mstderr[2m | src/features/User/__tests__/UserAvatar.test.tsx[2m > 
[22m[2mUserAvatar[2m > [22m[2menable Auth[2m > [22m[2mshould show the 
username and avatar are displayed when the user is logged in
[22m[39m`ReactDOMTestUtils.act` is deprecated in favor of `React.act`. 
Import `act` from `react` instead of `react-dom/test-utils`. See 
https://react.dev/warnings/react-dom-test-utils for more info.

[90mstderr[2m | src/features/User/__tests__/UserAvatar.test.tsx[2m > 
[22m[2mUserAvatar[2m > [22m[2menable Auth[2m > [22m[2mshould show the 
username and avatar are displayed when the user is logged in
[22m[39mReceived `true` for a non-boolean attribute `unoptimized`.

If you want to write it to the DOM, pass a string instead: unoptimized="true" 
or unoptimized={value.toString()}.

 [32mΓ£ô[39m src/features/User/__tests__/UserAvatar.test.tsx [2m([22m[2m4 tests[22m[2m)[22m[32m 113[2mms[22m[39m
[90mstderr[2m | src/features/User/__tests__/useMenu.test.tsx
[22m[39mWarning: KaTeX doesn't work in quirks mode. Make sure your website 
has a suitable doctype.

 [32mΓ£ô[39m src/store/user/slices/settings/selectors/general.test.ts [2m([22m[2m10 tests[22m[2m)[22m[32m 70[2mms[22m[39m
[90mstderr[2m | src/store/chat/slices/plugin/action.test.ts
[22m[39mWarning: KaTeX doesn't work in quirks mode. Make sure your website 
has a suitable doctype.

[90mstderr[2m | src/store/chat/slices/plugin/action.test.ts[2m > 
[22m[2mChatPluginAction[2m > [22m[2msummaryPluginContent[2m > 
[22m[2mshould summarize plugin content
[22m[39m`ReactDOMTestUtils.act` is deprecated in favor of `React.act`. 
Import `act` from `react` instead of `react-dom/test-utils`. See 
https://react.dev/warnings/react-dom-test-utils for more info.

[90mstdout[2m | src/store/chat/slices/plugin/action.test.ts[2m > [22m[2mChatPluginAction[2m > [22m[2minvokeDefaultTypePlugin[2m > [22m[2mshould handle errors when the plugin API call fails
[22m[39mError: API call failed
    at [90mE:\Projex25\X-Chat\lobe-chat\[39msrc\store\chat\slices\plugin\action.test.ts:261:21
    at [90mfile:///E:/Projex25/X-Chat/lobe-chat/[39mnode_modules/[4m.pnpm[24m/@vitest+runner@3.2.4/node_modules/[4m@vitest[24m/runner/dist/chunk-hooks.js:155:11
    at [90mfile:///E:/Projex25/X-Chat/lobe-chat/[39mnode_modules/[4m.pnpm[24m/@vitest+runner@3.2.4/node_modules/[4m@vitest[24m/runner/dist/chunk-hooks.js:752:26
    at [90mfile:///E:/Projex25/X-Chat/lobe-chat/[39mnode_modules/[4m.pnpm[24m/@vitest+runner@3.2.4/node_modules/[4m@vitest[24m/runner/dist/chunk-hooks.js:1897:20
    at new Promise (<anonymous>)
    at runWithTimeout [90m(file:///E:/Projex25/X-Chat/lobe-chat/[39mnode_modules/[4m.pnpm[24m/@vitest+runner@3.2.4/node_modules/[4m@vitest[24m/runner/dist/chunk-hooks.js:1863:10[90m)[39m
    at runTest [90m(file:///E:/Projex25/X-Chat/lobe-chat/[39mnode_modules/[4m.pnpm[24m/@vitest+runner@3.2.4/node_modules/[4m@vitest[24m/runner/dist/chunk-hooks.js:1574:12[90m)[39m
    at runSuite [90m(file:///E:/Projex25/X-Chat/lobe-chat/[39mnode_modules/[4m.pnpm[24m/@vitest+runner@3.2.4/node_modules/[4m@vitest[24m/runner/dist/chunk-hooks.js:1729:8[90m)[39m
    at runSuite [90m(file:///E:/Projex25/X-Chat/lobe-chat/[39mnode_modules/[4m.pnpm[24m/@vitest+runner@3.2.4/node_modules/[4m@vitest[24m/runner/dist/chunk-hooks.js:1729:8[90m)[39m
    at runSuite [90m(file:///E:/Projex25/X-Chat/lobe-chat/[39mnode_modules/[4m.pnpm[24m/@vitest+runner@3.2.4/node_modules/[4m@vitest[24m/runner/dist/chunk-hooks.js:1729:8[90m)[39m

[90mstderr[2m | src/store/chat/slices/plugin/action.test.ts[2m > 
[22m[2mChatPluginAction[2m > [22m[2minvokeBuiltinTool[2m > 
[22m[2mshould handle errors when transformApiArgumentsToAiState throw error
[22m[39m{ error: [32m'transformApiArgumentsToAiState throw error'[39m }

[90mstdout[2m | src/store/chat/slices/plugin/action.test.ts[2m > [22m[2mChatPluginAction[2m > [22m[2minternal_callPluginApi[2m > [22m[2mshould handle API call errors
[22m[39mError: API call failed
    at [90mE:\Projex25\X-Chat\lobe-chat\[39msrc\store\chat\slices\plugin\action.test.ts:981:21
    at [90mfile:///E:/Projex25/X-Chat/lobe-chat/[39mnode_modules/[4m.pnpm[24m/@vitest+runner@3.2.4/node_modules/[4m@vitest[24m/runner/dist/chunk-hooks.js:155:11
    at [90mfile:///E:/Projex25/X-Chat/lobe-chat/[39mnode_modules/[4m.pnpm[24m/@vitest+runner@3.2.4/node_modules/[4m@vitest[24m/runner/dist/chunk-hooks.js:752:26
    at [90mfile:///E:/Projex25/X-Chat/lobe-chat/[39mnode_modules/[4m.pnpm[24m/@vitest+runner@3.2.4/node_modules/[4m@vitest[24m/runner/dist/chunk-hooks.js:1897:20
    at new Promise (<anonymous>)
    at runWithTimeout [90m(file:///E:/Projex25/X-Chat/lobe-chat/[39mnode_modules/[4m.pnpm[24m/@vitest+runner@3.2.4/node_modules/[4m@vitest[24m/runner/dist/chunk-hooks.js:1863:10[90m)[39m
    at runTest [90m(file:///E:/Projex25/X-Chat/lobe-chat/[39mnode_modules/[4m.pnpm[24m/@vitest+runner@3.2.4/node_modules/[4m@vitest[24m/runner/dist/chunk-hooks.js:1574:12[90m)[39m
    at runSuite [90m(file:///E:/Projex25/X-Chat/lobe-chat/[39mnode_modules/[4m.pnpm[24m/@vitest+runner@3.2.4/node_modules/[4m@vitest[24m/runner/dist/chunk-hooks.js:1729:8[90m)[39m
    at runSuite [90m(file:///E:/Projex25/X-Chat/lobe-chat/[39mnode_modules/[4m.pnpm[24m/@vitest+runner@3.2.4/node_modules/[4m@vitest[24m/runner/dist/chunk-hooks.js:1729:8[90m)[39m
    at runSuite [90m(file:///E:/Projex25/X-Chat/lobe-chat/[39mnode_modules/[4m.pnpm[24m/@vitest+runner@3.2.4/node_modules/[4m@vitest[24m/runner/dist/chunk-hooks.js:1729:8[90m)[39m

 [32mΓ£ô[39m src/store/chat/slices/plugin/action.test.ts [2m([22m[2m26 tests[22m[2m)[22m[32m 80[2mms[22m[39m
[90mstdout[2m | src/database/_deprecated/models/__tests__/session.test.ts[2m > [22m[2mSessionModel[2m > [22m[2mqueryByKeyword[2m > [22m[2mshould query sessions by keyword
[22m[39mµúÇτ┤óσê░ 1 Θí╣∩╝îΦÇùµù╢ 3ms

 [32mΓ£ô[39m src/database/_deprecated/models/__tests__/session.test.ts [2m([22m[2m17 tests[22m[2m)[22m[32m 99[2mms[22m[39m
 [32mΓ£ô[39m src/database/_deprecated/core/__tests__/db.test.ts [2m([22m[2m4 tests[22m[2m)[22m[32m 55[2mms[22m[39m
 [32mΓ£ô[39m src/database/_deprecated/models/__tests__/file.test.ts [2m([22m[2m4 tests[22m[2m)[22m[32m 57[2mms[22m[39m
[90mstderr[2m | src/store/image/slices/generationConfig/action.test.ts[2m > 
[22m[2mGenerationConfigAction[2m > [22m[2mAspect Ratio and Dimension 
Control[2m > [22m[2mshould update width without affecting height when 
aspect ratio is unlocked
[22m[39mAn update to TestComponent inside a test was not wrapped in act(...).

When testing, code that causes React state updates should be wrapped into 
act(...):

act(() => {
  /* fire events that update state */
});
/* assert on the output */

This ensures that you're testing the behavior the user would see in the 
browser. Learn more at https://react.dev/link/wrap-tests-with-act

[90mstderr[2m | src/store/image/slices/generationConfig/action.test.ts[2m > 
[22m[2mGenerationConfigAction[2m > [22m[2mAspect Ratio and Dimension 
Control[2m > [22m[2mshould update both dimensions when aspect ratio is 
locked
[22m[39mAn update to TestComponent inside a test was not wrapped in act(...).

When testing, code that causes React state updates should be wrapped into 
act(...):

act(() => {
  /* fire events that update state */
});
/* assert on the output */

This ensures that you're testing the behavior the user would see in the 
browser. Learn more at https://react.dev/link/wrap-tests-with-act

[90mstderr[2m | src/store/image/slices/generationConfig/action.test.ts[2m > 
[22m[2mGenerationConfigAction[2m > [22m[2mAspect Ratio and Dimension 
Control[2m > [22m[2mshould clamp dimensions to schema bounds when aspect 
ratio is locked
[22m[39mAn update to TestComponent inside a test was not wrapped in act(...).

When testing, code that causes React state updates should be wrapped into 
act(...):

act(() => {
  /* fire events that update state */
});
/* assert on the output */

This ensures that you're testing the behavior the user would see in the 
browser. Learn more at https://react.dev/link/wrap-tests-with-act

[90mstderr[2m | src/store/image/slices/generationConfig/action.test.ts[2m > 
[22m[2mGenerationConfigAction[2m > [22m[2mAspect Ratio and Dimension 
Control[2m > [22m[2mshould update height with proportional width adjustment 
when locked
[22m[39mAn update to TestComponent inside a test was not wrapped in act(...).

When testing, code that causes React state updates should be wrapped into 
act(...):

act(() => {
  /* fire events that update state */
});
/* assert on the output */

This ensures that you're testing the behavior the user would see in the 
browser. Learn more at https://react.dev/link/wrap-tests-with-act

[90mstderr[2m | src/store/image/slices/generationConfig/action.test.ts[2m > 
[22m[2mGenerationConfigAction[2m > [22m[2mAspect Ratio and Dimension 
Control[2m > [22m[2mshould toggle aspect ratio lock state
[22m[39mAn update to TestComponent inside a test was not wrapped in act(...).

When testing, code that causes React state updates should be wrapped into 
act(...):

act(() => {
  /* fire events that update state */
});
/* assert on the output */

This ensures that you're testing the behavior the user would see in the 
browser. Learn more at https://react.dev/link/wrap-tests-with-act

[90mstderr[2m | src/store/image/slices/generationConfig/action.test.ts[2m > 
[22m[2mGenerationConfigAction[2m > [22m[2mAspect Ratio and Dimension 
Control[2m > [22m[2mshould adjust dimensions when locking with mismatched 
ratio
[22m[39mAn update to TestComponent inside a test was not wrapped in act(...).

When testing, code that causes React state updates should be wrapped into 
act(...):

act(() => {
  /* fire events that update state */
});
/* assert on the output */

This ensures that you're testing the behavior the user would see in the 
browser. Learn more at https://react.dev/link/wrap-tests-with-act

[90mstderr[2m | src/store/image/slices/generationConfig/action.test.ts[2m > 
[22m[2mGenerationConfigAction[2m > [22m[2mAspect Ratio Setting[2m > 
[22m[2mshould update active aspect ratio
[22m[39mAn update to TestComponent inside a test was not wrapped in act(...).

When testing, code that causes React state updates should be wrapped into 
act(...):

act(() => {
  /* fire events that update state */
});
/* assert on the output */

This ensures that you're testing the behavior the user would see in the 
browser. Learn more at https://react.dev/link/wrap-tests-with-act

[90mstderr[2m | src/store/image/slices/generationConfig/action.test.ts[2m > 
[22m[2mGenerationConfigAction[2m > [22m[2mAspect Ratio Setting[2m > 
[22m[2mshould calculate dimensions for width/height-based models
[22m[39mAn update to TestComponent inside a test was not wrapped in act(...).

When testing, code that causes React state updates should be wrapped into 
act(...):

act(() => {
  /* fire events that update state */
});
/* assert on the output */

This ensures that you're testing the behavior the user would see in the 
browser. Learn more at https://react.dev/link/wrap-tests-with-act

[90mstderr[2m | src/store/image/slices/generationConfig/action.test.ts[2m > 
[22m[2mGenerationConfigAction[2m > [22m[2mAspect Ratio Setting[2m > 
[22m[2mshould update aspectRatio parameter for models with native support
[22m[39mAn update to TestComponent inside a test was not wrapped in act(...).

When testing, code that causes React state updates should be wrapped into 
act(...):

act(() => {
  /* fire events that update state */
});
/* assert on the output */

This ensures that you're testing the behavior the user would see in the 
browser. Learn more at https://react.dev/link/wrap-tests-with-act

[90mstderr[2m | src/store/image/slices/generationConfig/action.test.ts[2m > 
[22m[2mGenerationConfigAction[2m > [22m[2mAspect Ratio Setting[2m > 
[22m[2mshould handle missing parameters or schema gracefully
[22m[39mAn update to TestComponent inside a test was not wrapped in act(...).

When testing, code that causes React state updates should be wrapped into 
act(...):

act(() => {
  /* fire events that update state */
});
/* assert on the output */

This ensures that you're testing the behavior the user would see in the 
browser. Learn more at https://react.dev/link/wrap-tests-with-act

[90mstderr[2m | src/store/image/slices/generationConfig/action.test.ts[2m > 
[22m[2mGenerationConfigAction[2m > [22m[2mConfiguration 
Initialization[2m > [22m[2mshould initialize with remembered model when 
user is logged in
[22m[39mAn update to TestComponent inside a test was not wrapped in act(...).

When testing, code that causes React state updates should be wrapped into 
act(...):

act(() => {
  /* fire events that update state */
});
/* assert on the output */

This ensures that you're testing the behavior the user would see in the 
browser. Learn more at https://react.dev/link/wrap-tests-with-act

[90mstderr[2m | src/store/image/slices/generationConfig/action.test.ts[2m > 
[22m[2mGenerationConfigAction[2m > [22m[2mConfiguration 
Initialization[2m > [22m[2mshould handle initialization without remembered 
preferences
[22m[39mAn update to TestComponent inside a test was not wrapped in act(...).

When testing, code that causes React state updates should be wrapped into 
act(...):

act(() => {
  /* fire events that update state */
});
/* assert on the output */

This ensures that you're testing the behavior the user would see in the 
browser. Learn more at https://react.dev/link/wrap-tests-with-act

[90mstderr[2m | src/store/image/slices/generationConfig/action.test.ts[2m > 
[22m[2mGenerationConfigAction[2m > [22m[2mConfiguration 
Initialization[2m > [22m[2mshould handle initialization errors gracefully
[22m[39mAn update to TestComponent inside a test was not wrapped in act(...).

When testing, code that causes React state updates should be wrapped into 
act(...):

act(() => {
  /* fire events that update state */
});
/* assert on the output */

This ensures that you're testing the behavior the user would see in the 
browser. Learn more at https://react.dev/link/wrap-tests-with-act

 [32mΓ£ô[39m src/store/image/slices/generationConfig/action.test.ts [2m([22m[2m24 tests[22m[2m)[22m[32m 63[2mms[22m[39m
 [31mΓ¥»[39m src/libs/mcp/__tests__/index.test.ts [2m([22m[2m5 tests[22m[2m | [22m[31m4 failed[39m[2m)[22m[33m 40023[2mms[22m[39m
[31m   [31m├ù[31m MCPClient[2m > [22mStdio Transport[2m > [22mshould create and initialize an instance with stdio transport[39m[33m 10007[2mms[22m[39m
[31m     ΓåÆ Hook timed out in 10000ms.
If this is a long-running hook, pass a timeout value as the last argument or configure it globally with "hookTimeout".[39m
[31m   [31m├ù[31m MCPClient[2m > [22mStdio Transport[2m > [22mshould list tools via stdio[39m[33m 10002[2mms[22m[39m
[31m     ΓåÆ Hook timed out in 10000ms.
If this is a long-running hook, pass a timeout value as the last argument or configure it globally with "hookTimeout".[39m
[31m   [31m├ù[31m MCPClient[2m > [22mStdio Transport[2m > [22mshould call the "echo" tool via stdio[39m[33m 10006[2mms[22m[39m
[31m     ΓåÆ Hook timed out in 10000ms.
If this is a long-running hook, pass a timeout value as the last argument or configure it globally with "hookTimeout".[39m
[31m   [31m├ù[31m MCPClient[2m > [22mStdio Transport[2m > [22mshould call the "add" tool via stdio[39m[33m 10001[2mms[22m[39m
[31m     ΓåÆ Hook timed out in 10000ms.
If this is a long-running hook, pass a timeout value as the last argument or configure it globally with "hookTimeout".[39m
   [32mΓ£ô[39m MCPClient[2m > [22mError Handling[2m > [22mshould throw error for unsupported connection type[32m 5[2mms[22m[39m
[90mstderr[2m | src/store/global/actions/__tests__/general.test.ts[2m > 
[22m[2mgeneralActionSlice[2m > [22m[2museCheckLatestVersion[2m > 
[22m[2mshould not set hasNewVersion for same major.minor version
[22m[39mAn update to TestComponent inside a test was not wrapped in act(...).

When testing, code that causes React state updates should be wrapped into 
act(...):

act(() => {
  /* fire events that update state */
});
/* assert on the output */

This ensures that you're testing the behavior the user would see in the 
browser. Learn more at https://react.dev/link/wrap-tests-with-act

 [32mΓ£ô[39m src/store/global/actions/__tests__/general.test.ts [2m([22m[2m14 tests[22m[2m)[22m[32m 55[2mms[22m[39m
 [32mΓ£ô[39m src/store/image/slices/generationBatch/action.test.ts [2m([22m[2m17 tests[22m[2m)[22m[32m 68[2mms[22m[39m
[90mstderr[2m | 
src/app/[variants]/(main)/_layout/Desktop/SideBar/TopActions.test.tsx[2m > 
[22m[2mTopActions[2m > [22m[2mshould render Chat, AI Image and Market by 
default
[22m[39mAn update to null inside a test was not wrapped in act(...).

When testing, code that causes React state updates should be wrapped into 
act(...):

act(() => {
  /* fire events that update state */
});
/* assert on the output */

This ensures that you're testing the behavior the user would see in the 
browser. Learn more at https://react.dev/link/wrap-tests-with-act

[90mstderr[2m | 
src/app/[variants]/(main)/_layout/Desktop/SideBar/TopActions.test.tsx[2m > 
[22m[2mTopActions[2m > [22m[2mshould render only Chat icon when `-market` 
is set
[22m[39mAn update to null inside a test was not wrapped in act(...).

When testing, code that causes React state updates should be wrapped into 
act(...):

act(() => {
  /* fire events that update state */
});
/* assert on the output */

This ensures that you're testing the behavior the user would see in the 
browser. Learn more at https://react.dev/link/wrap-tests-with-act

[90mstderr[2m | 
src/app/[variants]/(main)/_layout/Desktop/SideBar/TopActions.test.tsx[2m > 
[22m[2mTopActions[2m > [22m[2mshould render File icon when 
`-knowledge_base` is set
[22m[39mAn update to null inside a test was not wrapped in act(...).

When testing, code that causes React state updates should be wrapped into 
act(...):

act(() => {
  /* fire events that update state */
});
/* assert on the output */

This ensures that you're testing the behavior the user would see in the 
browser. Learn more at https://react.dev/link/wrap-tests-with-act

[90mstderr[2m | 
src/app/[variants]/(main)/_layout/Desktop/SideBar/TopActions.test.tsx[2m > 
[22m[2mTopActions[2m > [22m[2mshould not render AI Image icon when 
ai_image is disabled
[22m[39mAn update to null inside a test was not wrapped in act(...).

When testing, code that causes React state updates should be wrapped into 
act(...):

act(() => {
  /* fire events that update state */
});
/* assert on the output */

This ensures that you're testing the behavior the user would see in the 
browser. Learn more at https://react.dev/link/wrap-tests-with-act

 [32mΓ£ô[39m src/app/[variants]/(main)/_layout/Desktop/SideBar/TopActions.test.tsx [2m([22m[2m5 tests[22m[2m)[22m[32m 63[2mms[22m[39m
 [32mΓ£ô[39m src/services/chat/clientModelRuntime.test.ts [2m([22m[2m17 tests[22m[2m)[22m[32m 48[2mms[22m[39m
 [32mΓ£ô[39m src/hooks/useHotkeys/useHotkeyById.test.ts [2m([22m[2m7 tests[22m[2m)[22m[32m 30[2mms[22m[39m
 [32mΓ£ô[39m src/features/Conversation/Extras/Assistant.test.tsx [2m([22m[2m6 tests[22m[2m)[22m[32m 130[2mms[22m[39m
 [32mΓ£ô[39m src/features/User/__tests__/useMenu.test.tsx [2m([22m[2m3 tests[22m[2m)[22m[32m 89[2mms[22m[39m
[90mstderr[2m | Fetch.onError (file:\E:\Projex25\X-Chat\lobe-chat\node_module
s\.pnpm\happy-dom@18.0.1\node_modules\happy-dom\src\fetch\Fetch.ts:671:35)
[22m[39mDOMException [AbortError]: The operation was aborted.
    at Fetch.onAsyncTaskManagerAbort [90m(file:///E:/Projex25/X-Chat/lobe-chat
/[39mnode_modules/[4m.pnpm[24m/happy-dom@18.0.1/node_modules/[4mhappy-dom[
24m/src/fetch/Fetch.ts:684:17[90m)[39m
    at Object.<anonymous> [90m(file:///E:/Projex25/X-Chat/lobe-chat/[39mnode_
modules/[4m.pnpm[24m/happy-dom@18.0.1/node_modules/[4mhappy-dom[24m/src/fet
ch/Fetch.ts:518:10[90m)[39m
    at AsyncTaskManager.abortAll [90m(file:///E:/Projex25/X-Chat/lobe-chat/[3
9mnode_modules/[4m.pnpm[24m/happy-dom@18.0.1/node_modules/[4mhappy-dom[24m/
src/async-task-manager/AsyncTaskManager.ts:328:21[90m)[39m
    at AsyncTaskManager.abort [90m(file:///E:/Projex25/X-Chat/lobe-chat/[39mn
ode_modules/[4m.pnpm[24m/happy-dom@18.0.1/node_modules/[4mhappy-dom[24m/src
/async-task-manager/AsyncTaskManager.ts:61:15[90m)[39m
    at DetachedBrowserFrame.abort [90m(file:///E:/Projex25/X-Chat/lobe-chat/[
39mnode_modules/[4m.pnpm[24m/happy-dom@18.0.1/node_modules/[4mhappy-dom[24m
/src/browser/detached-browser/DetachedBrowserFrame.ts:150:49[90m)[39m
    at DetachedWindowAPI.abort [90m(file:///E:/Projex25/X-Chat/lobe-chat/[39m
node_modules/[4m.pnpm[24m/happy-dom@18.0.1/node_modules/[4mhappy-dom[24m/sr
c/window/DetachedWindowAPI.ts:62:29[90m)[39m
    at teardownWindow [90m(file:///E:/Projex25/X-Chat/lobe-chat/[39mnode_modu
les/[4m.pnpm[24m/vitest@3.2.4_@edge-runtime+_d654910e62d3fe919de0c53ec0bc889b
/node_modules/[4mvitest[24m/dist/chunks/index.CmSc2RE5.js:336:22[90m)[39m
    at Object.teardown [90m(file:///E:/Projex25/X-Chat/lobe-chat/[39mnode_mod
ules/[4m.pnpm[24m/vitest@3.2.4_@edge-runtime+_d654910e62d3fe919de0c53ec0bc889
b/node_modules/[4mvitest[24m/dist/chunks/index.CmSc2RE5.js:391:10[90m)[39m
    at withEnv [90m(file:///E:/Projex25/X-Chat/lobe-chat/[39mnode_modules/[4
m.pnpm[24m/vitest@3.2.4_@edge-runtime+_d654910e62d3fe919de0c53ec0bc889b/node_m
odules/[4mvitest[24m/dist/chunks/runBaseTests.9Ij9_de-.js:89:13[90m)[39m
    at run [90m(file:///E:/Projex25/X-Chat/lobe-chat/[39mnode_modules/[4m.pn
pm[24m/vitest@3.2.4_@edge-runtime+_d654910e62d3fe919de0c53ec0bc889b/node_modul
es/[4mvitest[24m/dist/chunks/runBaseTests.9Ij9_de-.js:109:2[90m)[39m

 [32mΓ£ô[39m src/server/services/generation/index.test.ts [2m([22m[2m33 tests[22m[2m)[22m[32m 40[2mms[22m[39m
[90mstderr[2m | src/store/chat/slices/builtinTool/actions/search.test.ts
[22m[39mWarning: KaTeX doesn't work in quirks mode. Make sure your website 
has a suitable doctype.

 [32mΓ£ô[39m src/server/routers/lambda/__tests__/file.test.ts [2m([22m[2m9 tests[22m[2m)[22m[32m 27[2mms[22m[39m
 [32mΓ£ô[39m src/store/chat/slices/builtinTool/actions/search.test.ts [2m([22m[2m9 tests[22m[2m)[22m[32m 45[2mms[22m[39m
 [32mΓ£ô[39m src/database/_deprecated/models/__tests__/plugin.test.ts [2m([22m[2m6 tests[22m[2m)[22m[32m 41[2mms[22m[39m
 [32mΓ£ô[39m src/store/image/slices/createImage/action.test.ts [2m([22m[2m11 tests[22m[2m)[22m[32m 42[2mms[22m[39m
[90mstderr[2m | src/store/chat/slices/aiChat/actions/__tests__/rag.test.ts
[22m[39mWarning: KaTeX doesn't work in quirks mode. Make sure your website 
has a suitable doctype.

 [32mΓ£ô[39m src/store/session/slices/session/action.test.ts [2m([22m[2m11 tests[22m[2m)[22m[32m 46[2mms[22m[39m
 [32mΓ£ô[39m src/store/chat/slices/aiChat/actions/__tests__/rag.test.ts [2m([22m[2m11 tests[22m[2m)[22m[32m 44[2mms[22m[39m
[90mstderr[2m | src/components/DragUpload/useDragUpload.test.tsx[2m > 
[22m[2museDragUpload[2m > [22m[2mshould initialize and cleanup correctly
[22m[39mreact-i18next:: useTranslation: You will need to pass in an i18next 
instance by using initReactI18next { code: [32m'NO_I18NEXT_INSTANCE'[39m }

 [32mΓ£ô[39m src/components/DragUpload/useDragUpload.test.tsx [2m([22m[2m8 tests[22m[2m)[22m[32m 47[2mms[22m[39m
 [32mΓ£ô[39m src/hooks/useTokenCount.test.ts [2m([22m[2m4 tests[22m[2m | [22m[33m1 skipped[39m[2m)[22m[32m 26[2mms[22m[39m
 [32mΓ£ô[39m src/database/_deprecated/core/__tests__/db-upgrade.test.ts [2m([22m[2m1 test[22m[2m)[22m[32m 39[2mms[22m[39m
 [32mΓ£ô[39m src/app/[variants]/(main)/(mobile)/me/(home)/__tests__/UserBanner.test.tsx [2m([22m[2m3 tests[22m[2m)[22m[32m 39[2mms[22m[39m
[90mstderr[2m | src/store/user/slices/settings/action.test.ts[2m > 
[22m[2mSettingsAction[2m > [22m[2mimportAppSettings[2m > [22m[2mshould 
import app settings
[22m[39m`ReactDOMTestUtils.act` is deprecated in favor of `React.act`. 
Import `act` from `react` instead of `react-dom/test-utils`. See 
https://react.dev/warnings/react-dom-test-utils for more info.

 [32mΓ£ô[39m src/store/user/slices/settings/action.test.ts [2m([22m[2m5 tests[22m[2m)[22m[32m 37[2mms[22m[39m
 [32mΓ£ô[39m src/services/chat/contextEngineering.test.ts [2m([22m[2m21 tests[22m[2m)[22m[32m 36[2mms[22m[39m
 [32mΓ£ô[39m src/store/image/slices/generationConfig/hooks.test.ts [2m([22m[2m18 tests[22m[2m)[22m[32m 43[2mms[22m[39m
 [32mΓ£ô[39m src/database/_deprecated/models/__tests__/user.test.ts [2m([22m[2m5 tests[22m[2m)[22m[32m 38[2mms[22m[39m
 [32mΓ£ô[39m src/store/session/slices/sessionGroup/action.test.ts [2m([22m[2m6 tests[22m[2m)[22m[32m 29[2mms[22m[39m
 [32mΓ£ô[39m src/store/user/slices/modelList/selectors/modelProvider.test.ts [2m([22m[2m14 tests[22m[2m | [22m[33m1 skipped[39m[2m)[22m[32m 37[2mms[22m[39m
 [32mΓ£ô[39m src/features/PluginsUI/Render/utils/listenToPlugin.test.ts [2m([22m[2m10 tests[22m[2m)[22m[32m 30[2mms[22m[39m
 [32mΓ£ô[39m src/store/tool/slices/oldStore/action.test.ts [2m([22m[2m10 tests[22m[2m)[22m[32m 38[2mms[22m[39m
 [32mΓ£ô[39m src/features/Conversation/components/MarkdownElements/remarkPlugins/createRemarkSelfClosingTagPlugin.test.ts [2m([22m[2m11 tests[22m[2m)[22m[32m 30[2mms[22m[39m
[90mstderr[2m | src/store/user/slices/auth/action.test.ts[2m > 
[22m[2mcreateAuthSlice[2m > [22m[2mrefreshUserState[2m > [22m[2mshould 
refresh user config
[22m[39m`ReactDOMTestUtils.act` is deprecated in favor of `React.act`. 
Import `act` from `react` instead of `react-dom/test-utils`. See 
https://react.dev/warnings/react-dom-test-utils for more info.

 [32mΓ£ô[39m src/store/user/slices/auth/action.test.ts [2m([22m[2m9 tests[22m[2m)[22m[32m 32[2mms[22m[39m
 [32mΓ£ô[39m src/features/PluginsUI/Render/BuiltinType/index.test.tsx [2m([22m[2m5 tests[22m[2m)[22m[32m 26[2mms[22m[39m
 [32mΓ£ô[39m src/features/PluginsUI/Render/utils/pluginSettings.test.ts [2m([22m[2m3 tests[22m[2m)[22m[32m 20[2mms[22m[39m
 [32mΓ£ô[39m src/app/[variants]/(main)/(mobile)/me/(home)/__tests__/useCategory.test.tsx [2m([22m[2m3 tests[22m[2m)[22m[32m 34[2mms[22m[39m
[90mstderr[2m | src/server/services/file/impls/local.test.ts[2m > 
[22m[2mDesktopLocalFileImpl[2m > [22m[2mdeleteFiles[2m > 
[22m[2mσ╜ôµÅÉΣ╛¢µùáµòêΘö«µù╢σ║öΦ┐öσ¢₧ΘöÖΦ»»
[22m[39mInvalid desktop file paths: [ [32m'invalid://file1.txt'[39m ]

[90mstderr[2m | src/server/services/file/impls/local.test.ts[2m > 
[22m[2mDesktopLocalFileImpl[2m > [22m[2mdeleteFiles[2m > 
[22m[2mσ╜ôσêáΘÖñΦ┐çτ¿ïΣ╕¡σç║τÄ░ΘöÖΦ»»µù╢σ║öµ¡úτí«σñäτÉå
[22m[39mFailed to delete files: Error: σêáΘÖñΘöÖΦ»»
    at [90mE:\Projex25\X-Chat\lobe-chat\[39msrc\server\services\file\impls\lo
cal.test.ts:124:70
    at [90mfile:///E:/Projex25/X-Chat/lobe-chat/[39mnode_modules/[4m.pnpm[2
4m/@vitest+runner@3.2.4/node_modules/[4m@vitest[24m/runner/dist/chunk-hooks.j
s:155:11
    at [90mfile:///E:/Projex25/X-Chat/lobe-chat/[39mnode_modules/[4m.pnpm[2
4m/@vitest+runner@3.2.4/node_modules/[4m@vitest[24m/runner/dist/chunk-hooks.j
s:752:26
    at [90mfile:///E:/Projex25/X-Chat/lobe-chat/[39mnode_modules/[4m.pnpm[2
4m/@vitest+runner@3.2.4/node_modules/[4m@vitest[24m/runner/dist/chunk-hooks.j
s:1897:20
    at new Promise (<anonymous>)
    at runWithTimeout [90m(file:///E:/Projex25/X-Chat/lobe-chat/[39mnode_modu
les/[4m.pnpm[24m/@vitest+runner@3.2.4/node_modules/[4m@vitest[24m/runner/di
st/chunk-hooks.js:1863:10[90m)[39m
    at runTest [90m(file:///E:/Projex25/X-Chat/lobe-chat/[39mnode_modules/[4
m.pnpm[24m/@vitest+runner@3.2.4/node_modules/[4m@vitest[24m/runner/dist/chun
k-hooks.js:1574:12[90m)[39m
[90m    at processTicksAndRejections 
(node:internal/process/task_queues:105:5)[39m
    at runSuite [90m(file:///E:/Projex25/X-Chat/lobe-chat/[39mnode_modules/[
4m.pnpm[24m/@vitest+runner@3.2.4/node_modules/[4m@vitest[24m/runner/dist/chu
nk-hooks.js:1729:8[90m)[39m
    at runSuite [90m(file:///E:/Projex25/X-Chat/lobe-chat/[39mnode_modules/[
4m.pnpm[24m/@vitest+runner@3.2.4/node_modules/[4m@vitest[24m/runner/dist/chu
nk-hooks.js:1729:8[90m)[39m

[90mstdout[2m | src/server/services/file/impls/local.test.ts[2m > [22m[2mDesktopLocalFileImpl[2m > [22m[2muploadMedia[2m > [22m[2mσ║öΦ»ÑµêÉσèƒΣ╕èΣ╝áσ¬ÆΣ╜ôµûçΣ╗╢
[22m[39m[DesktopLocalFileImpl] File uploaded successfully: {
  path: [32m'desktop://images/test.jpg'[39m,
  filename: [32m'test.jpg'[39m,
  dirname: [32m'desktop://images'[39m,
  date: [32m'2025-10-28T11:17:49.099Z'[39m
}

[90mstdout[2m | src/server/services/file/impls/local.test.ts[2m > [22m[2mDesktopLocalFileImpl[2m > [22m[2muploadMedia[2m > [22m[2mσ║öΦ»Ñµ¡úτí«σñäτÉåPNGµûçΣ╗╢
[22m[39m[DesktopLocalFileImpl] File uploaded successfully: {
  path: [32m'desktop://images/test.png'[39m,
  filename: [32m'test.png'[39m,
  dirname: [32m'desktop://images'[39m,
  date: [32m'2025-10-28T11:17:49.103Z'[39m
}

 [32mΓ£ô[39m src/server/services/file/impls/local.test.ts [2m([22m[2m28 tests[22m[2m | [22m[33m7 skipped[39m[2m)[22m[32m 30[2mms[22m[39m
[90mstderr[2m | 
src/store/chat/slices/aiChat/actions/__tests__/cancel-functionality.test.ts
[22m[39mWarning: KaTeX doesn't work in quirks mode. Make sure your website 
has a suitable doctype.

 [32mΓ£ô[39m src/store/tool/slices/customPlugin/action.test.ts [2m([22m[2m4 tests[22m[2m)[22m[32m 32[2mms[22m[39m
 [32mΓ£ô[39m src/hooks/usePWAInstall.test.ts [2m([22m[2m4 tests[22m[2m)[22m[32m 25[2mms[22m[39m
 [32mΓ£ô[39m src/store/chat/slices/aiChat/actions/__tests__/cancel-functionality.test.ts [2m([22m[2m6 tests[22m[2m)[22m[32m 32[2mms[22m[39m
[90mstderr[2m | src/store/chat/slices/builtinTool/actions/dalle.test.ts
[22m[39mWarning: KaTeX doesn't work in quirks mode. Make sure your website 
has a suitable doctype.

 [32mΓ£ô[39m src/hooks/useQueryRoute.test.ts [2m([22m[2m6 tests[22m[2m)[22m[32m 26[2mms[22m[39m
 [32mΓ£ô[39m src/store/chat/slices/builtinTool/actions/dalle.test.ts [2m([22m[2m3 tests[22m[2m)[22m[32m 29[2mms[22m[39m
[90mstderr[2m | src/store/chat/slices/portal/action.test.ts
[22m[39mWarning: KaTeX doesn't work in quirks mode. Make sure your website 
has a suitable doctype.

[90mstderr[2m | src/store/tool/slices/builtin/action.test.ts[2m > 
[22m[2mcreateBuiltinToolSlice[2m > [22m[2minvokeBuiltinTool[2m > 
[22m[2mshould return if the tool is already loading
[22m[39m`ReactDOMTestUtils.act` is deprecated in favor of `React.act`. 
Import `act` from `react` instead of `react-dom/test-utils`. See 
https://react.dev/warnings/react-dom-test-utils for more info.

 [32mΓ£ô[39m src/store/user/slices/modelList/selectors/modelConfig.test.ts [2m([22m[2m13 tests[22m[2m)[22m[32m 24[2mms[22m[39m
 [32mΓ£ô[39m src/store/tool/slices/builtin/action.test.ts [2m([22m[2m3 tests[22m[2m)[22m[32m 26[2mms[22m[39m
[90mstderr[2m | src/store/chat/slices/portal/action.test.ts[2m > 
[22m[2mchatDockSlice[2m > [22m[2mcloseToolUI[2m > [22m[2mshould set 
dockToolMessage to undefined
[22m[39m`ReactDOMTestUtils.act` is deprecated in favor of `React.act`. 
Import `act` from `react` instead of `react-dom/test-utils`. See 
https://react.dev/warnings/react-dom-test-utils for more info.

 [32mΓ£ô[39m src/store/chat/slices/portal/action.test.ts [2m([22m[2m5 tests[22m[2m)[22m[32m 29[2mms[22m[39m
[90mstderr[2m | src/store/chat/slices/translate/action.test.ts
[22m[39mWarning: KaTeX doesn't work in quirks mode. Make sure your website 
has a suitable doctype.

[90mstdout[2m | src/app/api/payment/sepay/create-credit-card/route.test.ts[2m > [22m[2mPOST /api/payment/sepay/create-credit-card[2m > [22m[2mshould create credit card payment successfully
[22m[39m≡ƒÆ│ Processing credit card payment: {
  amount: [33m100000[39m,
  billingCycle: [32m'monthly'[39m,
  orderId: [32m'PHO_CC_1761650276493'[39m,
  planId: [32m'premium'[39m,
  userId: [32m'user123'[39m
}

[90mstdout[2m | src/app/api/payment/sepay/create-credit-card/route.test.ts[2m > [22m[2mPOST /api/payment/sepay/create-credit-card[2m > [22m[2mshould create credit card payment successfully
[22m[39mΓ£à Credit card payment created successfully: { orderId: [32m'PHO_CC_1761650276493'[39m, transactionId: [32m'TXN_123456'[39m }

[90mstdout[2m | src/app/api/payment/sepay/create-credit-card/route.test.ts[2m > [22m[2mPOST /api/payment/sepay/create-credit-card[2m > [22m[2mshould handle payment creation errors
[22m[39m≡ƒÆ│ Processing credit card payment: {
  amount: [33m100000[39m,
  billingCycle: [32m'monthly'[39m,
  orderId: [32m'PHO_CC_1761650276496'[39m,
  planId: [32m'premium'[39m,
  userId: [32m'user123'[39m
}

[90mstderr[2m | 
src/app/api/payment/sepay/create-credit-card/route.test.ts[2m > [22m[2mPOST 
/api/payment/sepay/create-credit-card[2m > [22m[2mshould handle payment 
creation errors
[22m[39mΓ¥î Credit card payment failed: { error: [32m'Invalid card 
number'[39m, orderId: [32m'PHO_CC_1761650276496'[39m }

[90mstdout[2m | src/app/api/payment/sepay/create-credit-card/route.test.ts[2m > [22m[2mPOST /api/payment/sepay/create-credit-card[2m > [22m[2mshould handle server errors gracefully
[22m[39m≡ƒÆ│ Processing credit card payment: {
  amount: [33m100000[39m,
  billingCycle: [32m'monthly'[39m,
  orderId: [32m'PHO_CC_1761650276498'[39m,
  planId: [32m'premium'[39m,
  userId: [32m'user123'[39m
}

[90mstderr[2m | 
src/app/api/payment/sepay/create-credit-card/route.test.ts[2m > [22m[2mPOST 
/api/payment/sepay/create-credit-card[2m > [22m[2mshould handle server 
errors gracefully
[22m[39mΓ¥î Sepay credit card payment creation error: Error: Network error
    at [90mE:\Projex25\X-Chat\lobe-chat\[39msrc\app\api\payment\sepay\create-
credit-card\route.test.ts:181:7
[90m    at processTicksAndRejections 
(node:internal/process/task_queues:105:5)[39m
    at [90mfile:///E:/Projex25/X-Chat/lobe-chat/[39mnode_modules/[4m.pnpm[2
4m/@vitest+runner@3.2.4/node_modules/[4m@vitest[24m/runner/dist/chunk-hooks.j
s:752:20

[90mstdout[2m | src/app/api/payment/sepay/create-credit-card/route.test.ts[2m > [22m[2mPOST /api/payment/sepay/create-credit-card[2m > [22m[2mshould persist payment record after successful payment
[22m[39m≡ƒÆ│ Processing credit card payment: {
  amount: [33m100000[39m,
  billingCycle: [32m'monthly'[39m,
  orderId: [32m'PHO_CC_1761650276503'[39m,
  planId: [32m'premium'[39m,
  userId: [32m'user123'[39m
}

[90mstdout[2m | src/app/api/payment/sepay/create-credit-card/route.test.ts[2m > [22m[2mPOST /api/payment/sepay/create-credit-card[2m > [22m[2mshould persist payment record after successful payment
[22m[39mΓ£à Credit card payment created successfully: { orderId: [32m'PHO_CC_1761650276503'[39m, transactionId: [32m'TXN_123456'[39m }

 [32mΓ£ô[39m src/app/api/payment/sepay/create-credit-card/route.test.ts [2m([22m[2m7 tests[22m[2m)[22m[32m 21[2mms[22m[39m
 [32mΓ£ô[39m src/store/chat/slices/translate/action.test.ts [2m([22m[2m2 tests[22m[2m)[22m[32m 27[2mms[22m[39m
 [32mΓ£ô[39m src/hooks/usePlatform.test.ts [2m([22m[2m5 tests[22m[2m)[22m[32m 20[2mms[22m[39m
 [32mΓ£ô[39m src/server/routers/lambda/generationBatch.test.ts [2m([22m[2m9 tests[22m[2m)[22m[32m 21[2mms[22m[39m
 [32mΓ£ô[39m src/server/routers/lambda/generationTopic.test.ts [2m([22m[2m13 tests[22m[2m)[22m[32m 25[2mms[22m[39m
 [32mΓ£ô[39m src/services/__tests__/generation.test.ts [2m([22m[2m2 tests[22m[2m)[22m[32m 5[2mms[22m[39m
 [32mΓ£ô[39m src/features/PluginsUI/Render/utils/iframeOnReady.test.ts [2m([22m[2m4 tests[22m[2m)[22m[32m 22[2mms[22m[39m
[90mstderr[2m | src/store/file/slices/tts/action.test.ts[2m > 
[22m[2mTTSFileAction[2m > [22m[2mremoveTTSFile should call 
fileService.removeFile
[22m[39m`ReactDOMTestUtils.act` is deprecated in favor of `React.act`. 
Import `act` from `react` instead of `react-dom/test-utils`. See 
https://react.dev/warnings/react-dom-test-utils for more info.

 [32mΓ£ô[39m src/store/file/slices/tts/action.test.ts [2m([22m[2m3 tests[22m[2m)[22m[32m 21[2mms[22m[39m
 [32mΓ£ô[39m src/database/_deprecated/core/__tests__/model.test.ts [2m([22m[2m3 tests[22m[2m)[22m[32m 20[2mms[22m[39m
 [32mΓ£ô[39m src/server/services/file/impls/s3.test.ts [2m([22m[2m23 tests[22m[2m)[22m[32m 19[2mms[22m[39m
 [32mΓ£ô[39m src/store/user/slices/modelList/selectors/keyVaults.test.ts [2m([22m[2m13 tests[22m[2m)[22m[32m 19[2mms[22m[39m
 [32mΓ£ô[39m src/server/services/file/__tests__/index.test.ts [2m([22m[2m16 tests[22m[2m)[22m[32m 19[2mms[22m[39m
 [32mΓ£ô[39m src/hooks/useInterceptingRoutes.test.ts [2m([22m[2m3 tests[22m[2m)[22m[32m 21[2mms[22m[39m
 [32mΓ£ô[39m src/store/user/slices/preference/action.test.ts [2m([22m[2m2 tests[22m[2m)[22m[32m 20[2mms[22m[39m
 [32mΓ£ô[39m src/features/PluginsUI/Render/utils/pluginState.test.ts [2m([22m[2m2 tests[22m[2m)[22m[32m 20[2mms[22m[39m
 [32mΓ£ô[39m src/server/routers/lambda/aiProvider.test.ts [2m([22m[2m9 tests[22m[2m)[22m[32m 18[2mms[22m[39m
 [32mΓ£ô[39m src/services/user/_deprecated.test.ts [2m([22m[2m5 tests[22m[2m)[22m[32m 19[2mms[22m[39m
 [32mΓ£ô[39m src/store/image/slices/generationBatch/reducer.test.ts [2m([22m[2m22 tests[22m[2m)[22m[32m 13[2mms[22m[39m
[90mstderr[2m | src/store/file/slices/chat/action.test.ts[2m > 
[22m[2museFileStore:chat[2m > [22m[2mclearChatUploadFileList should clear 
the inputFilesList
[22m[39m`ReactDOMTestUtils.act` is deprecated in favor of `React.act`. 
Import `act` from `react` instead of `react-dom/test-utils`. See 
https://react.dev/warnings/react-dom-test-utils for more info.

 [32mΓ£ô[39m src/store/file/slices/chat/action.test.ts [2m([22m[2m1 test[22m[2m)[22m[32m 18[2mms[22m[39m
 [32mΓ£ô[39m src/components/AntdStaticMethods/index.test.tsx [2m([22m[2m2 tests[22m[2m)[22m[32m 31[2mms[22m[39m
 [32mΓ£ô[39m src/store/chat/slices/message/reducer.test.ts [2m([22m[2m28 tests[22m[2m)[22m[32m 17[2mms[22m[39m
 [32mΓ£ô[39m src/store/chat/slices/topic/selectors.test.ts [2m([22m[2m15 tests[22m[2m)[22m[32m 14[2mms[22m[39m
 [32mΓ£ô[39m src/store/chat/slices/message/selectors.test.ts [2m([22m[2m23 tests[22m[2m)[22m[32m 18[2mms[22m[39m
 [32mΓ£ô[39m src/server/services/user/index.test.ts [2m([22m[2m9 tests[22m[2m)[22m[32m 14[2mms[22m[39m
[90mstderr[2m | src/store/chat/slices/tts/action.test.ts
[22m[39mWarning: KaTeX doesn't work in quirks mode. Make sure your website 
has a suitable doctype.

 [32mΓ£ô[39m src/services/__tests__/upload.test.ts [2m([22m[2m6 tests[22m[2m)[22m[32m 16[2mms[22m[39m
 [32mΓ£ô[39m src/store/chat/slices/tts/action.test.ts [2m([22m[2m1 test[22m[2m)[22m[32m 18[2mms[22m[39m
 [32mΓ£ô[39m src/store/agent/slices/chat/selectors/chatConfig.test.ts [2m([22m[2m24 tests[22m[2m)[22m[32m 13[2mms[22m[39m
 [32mΓ£ô[39m src/server/routers/lambda/generation.test.ts [2m([22m[2m8 tests[22m[2m)[22m[32m 15[2mms[22m[39m
 [32mΓ£ô[39m src/server/routers/lambda/__tests__/importer.test.ts [2m([22m[2m8 tests[22m[2m)[22m[32m 14[2mms[22m[39m
 [32mΓ£ô[39m src/store/middleware/createHyperStorage/index.test.ts [2m([22m[2m17 tests[22m[2m)[22m[32m 14[2mms[22m[39m
 [32mΓ£ô[39m src/services/session/_deprecated.test.ts [2m([22m[2m25 tests[22m[2m)[22m[32m 15[2mms[22m[39m
[90mstdout[2m | src/migrations/FromV3ToV4/migrations.test.ts[2m > [22m[2mMigrationV3ToV4[2m > [22m[2mshould migrate data correctly from previous versions[2m > [22m[2mopenai
[22m[39mΦ┐üτº╗σÖ¿∩╝Ü MigrationV3ToV4 { version: [33m3[39m } µò░µì«∩╝Ü {
  exportType: [32m'settings'[39m,
  state: {
    settings: {
      defaultAgent: [36m[Object][39m,
      languageModel: [36m[Object][39m,
      sync: [36m[Object][39m,
      tool: [36m[Object][39m,
      tts: [36m[Object][39m,
      fontSize: [33m14[39m,
      language: [32m'auto'[39m,
      themeMode: [32m'auto'[39m,
      primaryColor: [32m''[39m,
      neutralColor: [32m''[39m
    }
  },
  version: [33m4[39m
} Φ┐üτº╗σÉÄτëêµ£¼: [33m4[39m

[90mstdout[2m | src/migrations/FromV3ToV4/migrations.test.ts[2m > [22m[2mMigrationV3ToV4[2m > [22m[2mshould migrate data correctly from previous versions[2m > [22m[2mazure
[22m[39mΦ┐üτº╗σÖ¿∩╝Ü MigrationV3ToV4 { version: [33m3[39m } µò░µì«∩╝Ü {
  exportType: [32m'settings'[39m,
  state: {
    settings: {
      defaultAgent: [36m[Object][39m,
      languageModel: [36m[Object][39m,
      sync: [36m[Object][39m,
      tool: [36m[Object][39m,
      tts: [36m[Object][39m,
      fontSize: [33m14[39m,
      language: [32m'auto'[39m,
      themeMode: [32m'auto'[39m,
      primaryColor: [32m''[39m,
      neutralColor: [32m''[39m
    }
  },
  version: [33m4[39m
} Φ┐üτº╗σÉÄτëêµ£¼: [33m4[39m

[90mstdout[2m | src/migrations/FromV3ToV4/migrations.test.ts[2m > [22m[2mMigrationV3ToV4[2m > [22m[2mshould migrate data correctly from previous versions[2m > [22m[2mopenrouter
[22m[39mΦ┐üτº╗σÖ¿∩╝Ü MigrationV3ToV4 { version: [33m3[39m } µò░µì«∩╝Ü {
  exportType: [32m'settings'[39m,
  state: {
    settings: {
      defaultAgent: [36m[Object][39m,
      languageModel: [36m[Object][39m,
      sync: [36m[Object][39m,
      tool: [36m[Object][39m,
      tts: [36m[Object][39m,
      fontSize: [33m14[39m,
      language: [32m'auto'[39m,
      themeMode: [32m'auto'[39m,
      primaryColor: [32m''[39m,
      neutralColor: [32m''[39m
    }
  },
  version: [33m4[39m
} Φ┐üτº╗σÉÄτëêµ£¼: [33m4[39m

[90mstdout[2m | src/migrations/FromV3ToV4/migrations.test.ts[2m > [22m[2mMigrationV3ToV4[2m > [22m[2mshould migrate data correctly from previous versions[2m > [22m[2mollama
[22m[39mΦ┐üτº╗σÖ¿∩╝Ü MigrationV3ToV4 { version: [33m3[39m } µò░µì«∩╝Ü {
  exportType: [32m'settings'[39m,
  state: {
    settings: {
      defaultAgent: [36m[Object][39m,
      languageModel: [36m[Object][39m,
      sync: [36m[Object][39m,
      tool: [36m[Object][39m,
      tts: [36m[Object][39m,
      fontSize: [33m14[39m,
      language: [32m'auto'[39m,
      themeMode: [32m'auto'[39m,
      primaryColor: [32m''[39m,
      neutralColor: [32m''[39m
    }
  },
  version: [33m4[39m
} Φ┐üτº╗σÉÄτëêµ£¼: [33m4[39m

[90mstdout[2m | src/migrations/FromV3ToV4/migrations.test.ts[2m > [22m[2mMigrationV3ToV4[2m > [22m[2mshould work correct from v1 to v4
[22m[39mΦ┐üτº╗σÖ¿∩╝Ü MigrationV1ToV2 {
  version: [33m1[39m,
  migrateSession: [36m[Function: migrateSession][39m,
  migrationMessage: [36m[Function: migrationMessage][39m,
  migrationTopic: [36m[Function: migrationTopic][39m
} µò░µì«∩╝Ü {
  exportType: [32m'sessions'[39m,
  state: {
    sessions: [ [36m[Object][39m ],
    messages: [
      [36m[Object][39m, [36m[Object][39m,
      [36m[Object][39m, [36m[Object][39m,
      [36m[Object][39m, [36m[Object][39m,
      [36m[Object][39m, [36m[Object][39m,
      [36m[Object][39m, [36m[Object][39m,
      [36m[Object][39m, [36m[Object][39m
    ],
    topics: [ [36m[Object][39m, [36m[Object][39m ]
  },
  version: [33m2[39m
} Φ┐üτº╗σÉÄτëêµ£¼: [33m2[39m
Φ┐üτº╗σÖ¿∩╝Ü MigrationV2ToV3 {
  version: [33m2[39m,
  migrateSession: [36m[Function: migrateSession][39m
} µò░µì«∩╝Ü {
  exportType: [32m'sessions'[39m,
  state: {
    sessions: [ [36m[Object][39m ],
    messages: [
      [36m[Object][39m, [36m[Object][39m,
      [36m[Object][39m, [36m[Object][39m,
      [36m[Object][39m, [36m[Object][39m,
      [36m[Object][39m, [36m[Object][39m,
      [36m[Object][39m, [36m[Object][39m,
      [36m[Object][39m, [36m[Object][39m
    ],
    topics: [ [36m[Object][39m, [36m[Object][39m ],
    sessionGroups: []
  },
  version: [33m3[39m
} Φ┐üτº╗σÉÄτëêµ£¼: [33m3[39m
Φ┐üτº╗σÖ¿∩╝Ü MigrationV3ToV4 { version: [33m3[39m } µò░µì«∩╝Ü {
  exportType: [32m'sessions'[39m,
  state: {
    sessions: [ [36m[Object][39m ],
    messages: [
      [36m[Object][39m, [36m[Object][39m,
      [36m[Object][39m, [36m[Object][39m,
      [36m[Object][39m, [36m[Object][39m,
      [36m[Object][39m, [36m[Object][39m,
      [36m[Object][39m, [36m[Object][39m,
      [36m[Object][39m, [36m[Object][39m
    ],
    topics: [ [36m[Object][39m, [36m[Object][39m ],
    sessionGroups: [],
    settings: [90mundefined[39m
  },
  version: [33m4[39m
} Φ┐üτº╗σÉÄτëêµ£¼: [33m4[39m

[90mstdout[2m | src/migrations/FromV3ToV4/migrations.test.ts[2m > [22m[2mMigrationV3ToV4[2m > [22m[2mEdge Case[2m > [22m[2mshould handle undefined settings or languageModel
[22m[39mΦ┐üτº╗σÖ¿∩╝Ü MigrationV3ToV4 { version: [33m3[39m } µò░µì«∩╝Ü { version: [33m4[39m, state: { settings: [90mundefined[39m } } Φ┐üτº╗σÉÄτëêµ£¼: [33m4[39m

[90mstdout[2m | src/migrations/FromV3ToV4/migrations.test.ts[2m > [22m[2mMigrationV3ToV4[2m > [22m[2mEdge Case[2m > [22m[2mshould handle undefined languageModel
[22m[39mΦ┐üτº╗σÖ¿∩╝Ü MigrationV3ToV4 { version: [33m3[39m } µò░µì«∩╝Ü { version: [33m4[39m, state: { settings: { languageModel: [90mundefined[39m } } } Φ┐üτº╗σÉÄτëêµ£¼: [33m4[39m

[90mstdout[2m | src/migrations/FromV3ToV4/migrations.test.ts[2m > [22m[2mMigrationV3ToV4[2m > [22m[2mEdge Case[2m > [22m[2mshould handle missing provider configurations
[22m[39mΦ┐üτº╗σÖ¿∩╝Ü MigrationV3ToV4 { version: [33m3[39m } µò░µì«∩╝Ü { version: [33m4[39m, state: { settings: { languageModel: [36m[Object][39m } } } Φ┐üτº╗σÉÄτëêµ£¼: [33m4[39m

[90mstdout[2m | src/migrations/FromV3ToV4/migrations.test.ts[2m > [22m[2mMigrationV3ToV4[2m > [22m[2mEdge Case[2m > [22m[2mshould success for invalid data format
[22m[39mΦ┐üτº╗σÖ¿∩╝Ü MigrationV3ToV4 { version: [33m3[39m } µò░µì«∩╝Ü { version: [33m4[39m, state: { settings: { languageModel: [36m[Object][39m } } } Φ┐üτº╗σÉÄτëêµ£¼: [33m4[39m

[90mstdout[2m | src/migrations/FromV3ToV4/migrations.test.ts[2m > [22m[2mMigrationV3ToV4[2m > [22m[2mEdge Case[2m > [22m[2mshould handle empty strings and empty objects
[22m[39mΦ┐üτº╗σÖ¿∩╝Ü MigrationV3ToV4 { version: [33m3[39m } µò░µì«∩╝Ü { version: [33m4[39m, state: { settings: { languageModel: [36m[Object][39m } } } Φ┐üτº╗σÉÄτëêµ£¼: [33m4[39m

 [32mΓ£ô[39m src/migrations/FromV3ToV4/migrations.test.ts [2m([22m[2m10 tests[22m[2m)[22m[32m 14[2mms[22m[39m
 [32mΓ£ô[39m src/services/message/_deprecated.test.ts [2m([22m[2m20 tests[22m[2m)[22m[32m 14[2mms[22m[39m
[90mstderr[2m | src/store/chat/slices/share/action.test.ts
[22m[39mWarning: KaTeX doesn't work in quirks mode. Make sure your website 
has a suitable doctype.

 [32mΓ£ô[39m src/store/chat/slices/share/action.test.ts [2m([22m[2m1 test[22m[2m)[22m[32m 16[2mms[22m[39m
 [32mΓ£ô[39m src/server/routers/lambda/aiModel.test.ts [2m([22m[2m10 tests[22m[2m)[22m[32m 14[2mms[22m[39m
 [32mΓ£ô[39m src/services/file/_deprecated.test.ts [2m([22m[2m4 tests[22m[2m)[22m[32m 12[2mms[22m[39m
 [32mΓ£ô[39m src/store/agent/slices/chat/selectors/agent.test.ts [2m([22m[2m19 tests[22m[2m)[22m[32m 12[2mms[22m[39m
[90mstderr[2m | src/utils/__tests__/messageCalculator.test.ts[2m > 
[22m[2mMessage Calculator[2m > [22m[2mcalculateCostPerMessage[2m > 
[22m[2mshould return 0 for unknown model
[22m[39mModel costs not found for: unknown-model

 [32mΓ£ô[39m src/utils/__tests__/messageCalculator.test.ts [2m([22m[2m25 tests[22m[2m)[22m[32m 14[2mms[22m[39m
 [32mΓ£ô[39m src/server/utils/__tests__/tempFileManager.test.ts [2m([22m[2m6 tests[22m[2m)[22m[32m 12[2mms[22m[39m
 [32mΓ£ô[39m src/store/user/slices/settings/selectors/settings.test.ts [2m([22m[2m13 tests[22m[2m)[22m[32m 13[2mms[22m[39m
 [32mΓ£ô[39m src/store/file/reducers/uploadFileList.test.ts [2m([22m[2m13 tests[22m[2m)[22m[32m 12[2mms[22m[39m
 [32mΓ£ô[39m src/features/Conversation/components/ChatItem/utils.test.ts [2m([22m[2m27 tests[22m[2m)[22m[32m 9[2mms[22m[39m
 [32mΓ£ô[39m src/server/routers/lambda/aiChat.test.ts [2m([22m[2m2 tests[22m[2m)[22m[32m 11[2mms[22m[39m
[90mstderr[2m | src/utils/errorResponse.test.ts[2m > 
[22m[2mcreateErrorResponse[2m > [22m[2mlogs an error when the status code 
is not a number or not in the range of 200-599
[22m[39mcurrent StatusCode: `Unknown Error` . Please go to 
`./src/app/api/errorResponse.ts` to defined the statusCode.

 [32mΓ£ô[39m src/utils/errorResponse.test.ts [2m([22m[2m18 tests[22m[2m)[22m[32m 11[2mms[22m[39m
 [32mΓ£ô[39m src/app/[variants]/(main)/image/@menu/features/ConfigPanel/utils/__tests__/imageValidation.test.ts [2m([22m[2m32 tests[22m[2m)[22m[32m 11[2mms[22m[39m
[90mstdout[2m | src/services/session/server.test.ts[2m > [22m[2mServerService[2m > [22m[2mbatchCreateSessions should call lambdaClient
[22m[39m[90mundefined[39m

 [32mΓ£ô[39m src/services/session/server.test.ts [2m([22m[2m19 tests[22m[2m)[22m[32m 12[2mms[22m[39m
 [32mΓ£ô[39m src/services/topic/_deprecated.test.ts [2m([22m[2m14 tests[22m[2m)[22m[32m 10[2mms[22m[39m
 [32mΓ£ô[39m src/store/image/slices/generationTopic/reducer.test.ts [2m([22m[2m12 tests[22m[2m)[22m[32m 11[2mms[22m[39m
 [32mΓ£ô[39m src/store/aiInfra/slices/aiProvider/__tests__/action.test.ts [2m([22m[2m13 tests[22m[2m)[22m[32m 12[2mms[22m[39m
 [32mΓ£ô[39m src/store/image/slices/generationBatch/selectors.test.ts [2m([22m[2m15 tests[22m[2m)[22m[32m 11[2mms[22m[39m
 [32mΓ£ô[39m src/services/__tests__/models.test.ts [2m([22m[2m1 test[22m[2m)[22m[32m 10[2mms[22m[39m
 [32mΓ£ô[39m src/config/customizations.test.ts [2m([22m[2m46 tests[22m[2m)[22m[32m 10[2mms[22m[39m
 [32mΓ£ô[39m src/store/serverConfig/store.test.ts [2m([22m[2m4 tests[22m[2m)[22m[32m 10[2mms[22m[39m
 [32mΓ£ô[39m src/features/Conversation/Extras/Usage/UsageDetail/tokens.test.ts [2m([22m[2m12 tests[22m[2m)[22m[32m 9[2mms[22m[39m
 [32mΓ£ô[39m src/store/chat/helpers.test.ts [2m([22m[2m13 tests[22m[2m)[22m[32m 8[2mms[22m[39m
 [32mΓ£ô[39m src/store/chat/slices/builtinTool/actions/__tests__/localFile.test.ts [2m([22m[2m10 tests[22m[2m)[22m[32m 10[2mms[22m[39m
 [32mΓ£ô[39m src/middleware/rate-limit.test.ts [2m([22m[2m20 tests[22m[2m)[22m[32m 9[2mms[22m[39m
[90mstdout[2m | src/migrations/FromV6ToV7/migrations.test.ts[2m > [22m[2mMigrationV6ToV7[2m > [22m[2mshould migrate data correctly from previous versions[2m > [22m[2mprovider
[22m[39mΦ┐üτº╗σÖ¿∩╝Ü MigrationV6ToV7 { version: [33m6[39m } µò░µì«∩╝Ü {
  exportType: [32m'settings'[39m,
  state: {
    settings: {
      defaultAgent: [36m[Object][39m,
      sync: [36m[Object][39m,
      tool: [36m[Object][39m,
      tts: [36m[Object][39m,
      general: [36m[Object][39m,
      keyVaults: [36m[Object][39m,
      languageModel: [36m[Object][39m
    }
  },
  version: [33m7[39m
} Φ┐üτº╗σÉÄτëêµ£¼: [33m7[39m

[90mstdout[2m | src/migrations/FromV6ToV7/migrations.test.ts[2m > [22m[2mMigrationV6ToV7[2m > [22m[2mshould work correct from v1 to v7
[22m[39mΦ┐üτº╗σÖ¿∩╝Ü MigrationV1ToV2 {
  version: [33m1[39m,
  migrateSession: [36m[Function: migrateSession][39m,
  migrationMessage: [36m[Function: migrationMessage][39m,
  migrationTopic: [36m[Function: migrationTopic][39m
} µò░µì«∩╝Ü {
  exportType: [32m'sessions'[39m,
  state: {
    sessions: [ [36m[Object][39m ],
    messages: [
      [36m[Object][39m, [36m[Object][39m,
      [36m[Object][39m, [36m[Object][39m,
      [36m[Object][39m, [36m[Object][39m,
      [36m[Object][39m, [36m[Object][39m,
      [36m[Object][39m, [36m[Object][39m,
      [36m[Object][39m, [36m[Object][39m
    ],
    topics: [ [36m[Object][39m, [36m[Object][39m ]
  },
  version: [33m2[39m
} Φ┐üτº╗σÉÄτëêµ£¼: [33m2[39m
Φ┐üτº╗σÖ¿∩╝Ü MigrationV2ToV3 {
  version: [33m2[39m,
  migrateSession: [36m[Function: migrateSession][39m
} µò░µì«∩╝Ü {
  exportType: [32m'sessions'[39m,
  state: {
    sessions: [ [36m[Object][39m ],
    messages: [
      [36m[Object][39m, [36m[Object][39m,
      [36m[Object][39m, [36m[Object][39m,
      [36m[Object][39m, [36m[Object][39m,
      [36m[Object][39m, [36m[Object][39m,
      [36m[Object][39m, [36m[Object][39m,
      [36m[Object][39m, [36m[Object][39m
    ],
    topics: [ [36m[Object][39m, [36m[Object][39m ],
    sessionGroups: []
  },
  version: [33m3[39m
} Φ┐üτº╗σÉÄτëêµ£¼: [33m3[39m
Φ┐üτº╗σÖ¿∩╝Ü MigrationV3ToV4 { version: [33m3[39m } µò░µì«∩╝Ü {
  exportType: [32m'sessions'[39m,
  state: {
    sessions: [ [36m[Object][39m ],
    messages: [
      [36m[Object][39m, [36m[Object][39m,
      [36m[Object][39m, [36m[Object][39m,
      [36m[Object][39m, [36m[Object][39m,
      [36m[Object][39m, [36m[Object][39m,
      [36m[Object][39m, [36m[Object][39m,
      [36m[Object][39m, [36m[Object][39m
    ],
    topics: [ [36m[Object][39m, [36m[Object][39m ],
    sessionGroups: [],
    settings: [90mundefined[39m
  },
  version: [33m4[39m
} Φ┐üτº╗σÉÄτëêµ£¼: [33m4[39m
Φ┐üτº╗σÖ¿∩╝Ü MigrationV4ToV5 { version: [33m4[39m } µò░µì«∩╝Ü {
  exportType: [32m'sessions'[39m,
  state: {
    sessions: [ [36m[Object][39m ],
    messages: [
      [36m[Object][39m, [36m[Object][39m,
      [36m[Object][39m, [36m[Object][39m,
      [36m[Object][39m, [36m[Object][39m,
      [36m[Object][39m, [36m[Object][39m,
      [36m[Object][39m, [36m[Object][39m,
      [36m[Object][39m, [36m[Object][39m,
      [36m[Object][39m, [36m[Object][39m
    ],
    topics: [ [36m[Object][39m, [36m[Object][39m ],
    sessionGroups: [],
    settings: [90mundefined[39m
  },
  version: [33m5[39m
} Φ┐üτº╗σÉÄτëêµ£¼: [33m5[39m
Φ┐üτº╗σÖ¿∩╝Ü MigrationV5ToV6 { version: [33m5[39m } µò░µì«∩╝Ü {
  exportType: [32m'sessions'[39m,
  state: {
    sessions: [ [36m[Object][39m ],
    messages: [
      [36m[Object][39m, [36m[Object][39m,
      [36m[Object][39m, [36m[Object][39m,
      [36m[Object][39m, [36m[Object][39m,
      [36m[Object][39m, [36m[Object][39m,
      [36m[Object][39m, [36m[Object][39m,
      [36m[Object][39m, [36m[Object][39m,
      [36m[Object][39m, [36m[Object][39m
    ],
    topics: [ [36m[Object][39m, [36m[Object][39m ],
    sessionGroups: [],
    settings: [90mundefined[39m
  },
  version: [33m6[39m
} Φ┐üτº╗σÉÄτëêµ£¼: [33m6[39m
Φ┐üτº╗σÖ¿∩╝Ü MigrationV6ToV7 { version: [33m6[39m } µò░µì«∩╝Ü {
  exportType: [32m'sessions'[39m,
  state: {
    sessions: [ [36m[Object][39m ],
    messages: [
      [36m[Object][39m, [36m[Object][39m,
      [36m[Object][39m, [36m[Object][39m,
      [36m[Object][39m, [36m[Object][39m,
      [36m[Object][39m, [36m[Object][39m,
      [36m[Object][39m, [36m[Object][39m,
      [36m[Object][39m, [36m[Object][39m,
      [36m[Object][39m, [36m[Object][39m
    ],
    topics: [ [36m[Object][39m, [36m[Object][39m ],
    sessionGroups: [],
    settings: [90mundefined[39m
  },
  version: [33m7[39m
} Φ┐üτº╗σÉÄτëêµ£¼: [33m7[39m

 [32mΓ£ô[39m src/migrations/FromV6ToV7/migrations.test.ts [2m([22m[2m2 tests[22m[2m)[22m[32m 9[2mms[22m[39m
 [32mΓ£ô[39m src/store/image/slices/generationConfig/selectors.test.ts [2m([22m[2m19 tests[22m[2m)[22m[32m 9[2mms[22m[39m
 [32mΓ£ô[39m src/services/file/ClientS3/index.test.ts [2m([22m[2m7 tests[22m[2m)[22m[32m 9[2mms[22m[39m
 [32mΓ£ô[39m src/server/routers/lambda/__tests__/message.test.ts [2m([22m[2m8 tests[22m[2m)[22m[32m 9[2mms[22m[39m
[90mstdout[2m | src/migrations/FromV4ToV5/migrations.test.ts[2m > [22m[2mMigrationV4ToV5[2m > [22m[2mshould migrate data correctly from previous versions[2m > [22m[2mrole=function
[22m[39mΦ┐üτº╗σÖ¿∩╝Ü MigrationV4ToV5 { version: [33m4[39m } µò░µì«∩╝Ü {
  exportType: [32m'sessions'[39m,
  state: {
    messages: [ [36m[Object][39m, [36m[Object][39m, [36m[Object][39m, [36m[Object][39m ],
    sessions: [ [36m[Object][39m ],
    topics: [ [36m[Object][39m ]
  },
  version: [33m5[39m
} Φ┐üτº╗σÉÄτëêµ£¼: [33m5[39m

[90mstdout[2m | src/migrations/FromV4ToV5/migrations.test.ts[2m > [22m[2mMigrationV4ToV5[2m > [22m[2mshould work correct from v1 to v5
[22m[39mΦ┐üτº╗σÖ¿∩╝Ü MigrationV1ToV2 {
  version: [33m1[39m,
  migrateSession: [36m[Function: migrateSession][39m,
  migrationMessage: [36m[Function: migrationMessage][39m,
  migrationTopic: [36m[Function: migrationTopic][39m
} µò░µì«∩╝Ü {
  exportType: [32m'sessions'[39m,
  state: {
    sessions: [ [36m[Object][39m ],
    messages: [
      [36m[Object][39m, [36m[Object][39m,
      [36m[Object][39m, [36m[Object][39m,
      [36m[Object][39m, [36m[Object][39m,
      [36m[Object][39m, [36m[Object][39m,
      [36m[Object][39m, [36m[Object][39m,
      [36m[Object][39m, [36m[Object][39m
    ],
    topics: [ [36m[Object][39m, [36m[Object][39m ]
  },
  version: [33m2[39m
} Φ┐üτº╗σÉÄτëêµ£¼: [33m2[39m
Φ┐üτº╗σÖ¿∩╝Ü MigrationV2ToV3 {
  version: [33m2[39m,
  migrateSession: [36m[Function: migrateSession][39m
} µò░µì«∩╝Ü {
  exportType: [32m'sessions'[39m,
  state: {
    sessions: [ [36m[Object][39m ],
    messages: [
      [36m[Object][39m, [36m[Object][39m,
      [36m[Object][39m, [36m[Object][39m,
      [36m[Object][39m, [36m[Object][39m,
      [36m[Object][39m, [36m[Object][39m,
      [36m[Object][39m, [36m[Object][39m,
      [36m[Object][39m, [36m[Object][39m
    ],
    topics: [ [36m[Object][39m, [36m[Object][39m ],
    sessionGroups: []
  },
  version: [33m3[39m
} Φ┐üτº╗σÉÄτëêµ£¼: [33m3[39m
Φ┐üτº╗σÖ¿∩╝Ü MigrationV3ToV4 { version: [33m3[39m } µò░µì«∩╝Ü {
  exportType: [32m'sessions'[39m,
  state: {
    sessions: [ [36m[Object][39m ],
    messages: [
      [36m[Object][39m, [36m[Object][39m,
      [36m[Object][39m, [36m[Object][39m,
      [36m[Object][39m, [36m[Object][39m,
      [36m[Object][39m, [36m[Object][39m,
      [36m[Object][39m, [36m[Object][39m,
      [36m[Object][39m, [36m[Object][39m
    ],
    topics: [ [36m[Object][39m, [36m[Object][39m ],
    sessionGroups: [],
    settings: [90mundefined[39m
  },
  version: [33m4[39m
} Φ┐üτº╗σÉÄτëêµ£¼: [33m4[39m
Φ┐üτº╗σÖ¿∩╝Ü MigrationV4ToV5 { version: [33m4[39m } µò░µì«∩╝Ü {
  exportType: [32m'sessions'[39m,
  state: {
    sessions: [ [36m[Object][39m ],
    messages: [
      [36m[Object][39m, [36m[Object][39m,
      [36m[Object][39m, [36m[Object][39m,
      [36m[Object][39m, [36m[Object][39m,
      [36m[Object][39m, [36m[Object][39m,
      [36m[Object][39m, [36m[Object][39m,
      [36m[Object][39m, [36m[Object][39m,
      [36m[Object][39m, [36m[Object][39m
    ],
    topics: [ [36m[Object][39m, [36m[Object][39m ],
    sessionGroups: [],
    settings: [90mundefined[39m
  },
  version: [33m5[39m
} Φ┐üτº╗σÉÄτëêµ£¼: [33m5[39m

 [32mΓ£ô[39m src/migrations/FromV4ToV5/migrations.test.ts [2m([22m[2m2 tests[22m[2m)[22m[32m 8[2mms[22m[39m
 [32mΓ£ô[39m src/store/middleware/createHyperStorage/urlStorage.test.ts [2m([22m[2m8 tests[22m[2m)[22m[32m 7[2mms[22m[39m
 [32mΓ£ô[39m src/services/aiModel/server.test.ts [2m([22m[2m11 tests[22m[2m)[22m[32m 8[2mms[22m[39m
 [32mΓ£ô[39m src/server/globalConfig/parseDefaultAgent.test.ts [2m([22m[2m24 tests[22m[2m)[22m[32m 8[2mms[22m[39m
 [32mΓ£ô[39m src/store/user/slices/auth/selectors.test.ts [2m([22m[2m21 tests[22m[2m)[22m[32m 9[2mms[22m[39m
[90mstdout[2m | src/migrations/FromV1ToV2/migrations.test.ts[2m > [22m[2mMigrationV1ToV2[2m > [22m[2mshould migrate data correctly through multiple versions
[22m[39mΦ┐üτº╗σÖ¿∩╝Ü MigrationV1ToV2 {
  version: [33m1[39m,
  migrateSession: [36m[Function: migrateSession][39m,
  migrationMessage: [36m[Function: migrationMessage][39m,
  migrationTopic: [36m[Function: migrationTopic][39m
} µò░µì«∩╝Ü {
  exportType: [32m'sessions'[39m,
  state: {
    sessions: [ [36m[Object][39m ],
    messages: [
      [36m[Object][39m, [36m[Object][39m,
      [36m[Object][39m, [36m[Object][39m,
      [36m[Object][39m, [36m[Object][39m,
      [36m[Object][39m, [36m[Object][39m,
      [36m[Object][39m, [36m[Object][39m,
      [36m[Object][39m, [36m[Object][39m
    ],
    topics: [ [36m[Object][39m, [36m[Object][39m ]
  },
  version: [33m2[39m
} Φ┐üτº╗σÉÄτëêµ£¼: [33m2[39m

[90mstdout[2m | src/migrations/FromV1ToV2/migrations.test.ts[2m > [22m[2mMigrationV1ToV2[2m > [22m[2mshould work correctly with session with no topic
[22m[39mΦ┐üτº╗σÖ¿∩╝Ü MigrationV1ToV2 {
  version: [33m1[39m,
  migrateSession: [36m[Function: migrateSession][39m,
  migrationMessage: [36m[Function: migrationMessage][39m,
  migrationTopic: [36m[Function: migrationTopic][39m
} µò░µì«∩╝Ü {
  state: { sessions: [ [36m[Object][39m ], messages: [], topics: [] },
  version: [33m2[39m
} Φ┐üτº╗σÉÄτëêµ£¼: [33m2[39m

[90mstdout[2m | src/migrations/FromV1ToV2/migrations.test.ts[2m > [22m[2mMigrationV1ToV2[2m > [22m[2mshould add inbox messages
[22m[39mΦ┐üτº╗σÖ¿∩╝Ü MigrationV1ToV2 {
  version: [33m1[39m,
  migrateSession: [36m[Function: migrateSession][39m,
  migrationMessage: [36m[Function: migrationMessage][39m,
  migrationTopic: [36m[Function: migrationTopic][39m
} µò░µì«∩╝Ü {
  state: {
    inbox: {
      type: [32m'agent'[39m,
      updateAt: [33m12[39m,
      createAt: [33m12[39m,
      id: [32m'inbox'[39m,
      meta: {},
      config: {},
      chats: [36m[Object][39m,
      topics: [36m[Object][39m
    },
    messages: [ [36m[Object][39m, [36m[Object][39m, [36m[Object][39m, [36m[Object][39m ],
    sessions: [],
    topics: [ [36m[Object][39m, [36m[Object][39m ]
  },
  version: [33m2[39m
} Φ┐üτº╗σÉÄτëêµ£¼: [33m2[39m

 [32mΓ£ô[39m src/migrations/FromV1ToV2/migrations.test.ts [2m([22m[2m3 tests[22m[2m)[22m[32m 8[2mms[22m[39m
 [32mΓ£ô[39m src/app/[variants]/(main)/image/features/GenerationFeed/GenerationItem/utils.test.ts [2m([22m[2m24 tests[22m[2m)[22m[32m 9[2mms[22m[39m
 [32mΓ£ô[39m src/store/aiInfra/slices/aiModel/selectors.test.ts [2m([22m[2m22 tests[22m[2m)[22m[32m 8[2mms[22m[39m
[90mstdout[2m | src/migrations/FromV5ToV6/migrations.test.ts[2m > [22m[2mMigrationV5ToV6[2m > [22m[2mshould migrate data correctly from previous versions[2m > [22m[2msession config
[22m[39mΦ┐üτº╗σÖ¿∩╝Ü MigrationV5ToV6 { version: [33m5[39m } µò░µì«∩╝Ü {
  exportType: [32m'sessions'[39m,
  state: { sessions: [ [36m[Object][39m, [36m[Object][39m ] },
  version: [33m6[39m
} Φ┐üτº╗σÉÄτëêµ£¼: [33m6[39m

[90mstdout[2m | src/migrations/FromV5ToV6/migrations.test.ts[2m > [22m[2mMigrationV5ToV6[2m > [22m[2mshould work correct from v1 to v6
[22m[39mΦ┐üτº╗σÖ¿∩╝Ü MigrationV1ToV2 {
  version: [33m1[39m,
  migrateSession: [36m[Function: migrateSession][39m,
  migrationMessage: [36m[Function: migrationMessage][39m,
  migrationTopic: [36m[Function: migrationTopic][39m
} µò░µì«∩╝Ü {
  exportType: [32m'sessions'[39m,
  state: {
    sessions: [ [36m[Object][39m ],
    messages: [
      [36m[Object][39m, [36m[Object][39m,
      [36m[Object][39m, [36m[Object][39m,
      [36m[Object][39m, [36m[Object][39m,
      [36m[Object][39m, [36m[Object][39m,
      [36m[Object][39m, [36m[Object][39m,
      [36m[Object][39m, [36m[Object][39m
    ],
    topics: [ [36m[Object][39m, [36m[Object][39m ]
  },
  version: [33m2[39m
} Φ┐üτº╗σÉÄτëêµ£¼: [33m2[39m
Φ┐üτº╗σÖ¿∩╝Ü MigrationV2ToV3 {
  version: [33m2[39m,
  migrateSession: [36m[Function: migrateSession][39m
} µò░µì«∩╝Ü {
  exportType: [32m'sessions'[39m,
  state: {
    sessions: [ [36m[Object][39m ],
    messages: [
      [36m[Object][39m, [36m[Object][39m,
      [36m[Object][39m, [36m[Object][39m,
      [36m[Object][39m, [36m[Object][39m,
      [36m[Object][39m, [36m[Object][39m,
      [36m[Object][39m, [36m[Object][39m,
      [36m[Object][39m, [36m[Object][39m
    ],
    topics: [ [36m[Object][39m, [36m[Object][39m ],
    sessionGroups: []
  },
  version: [33m3[39m
} Φ┐üτº╗σÉÄτëêµ£¼: [33m3[39m
Φ┐üτº╗σÖ¿∩╝Ü MigrationV3ToV4 { version: [33m3[39m } µò░µì«∩╝Ü {
  exportType: [32m'sessions'[39m,
  state: {
    sessions: [ [36m[Object][39m ],
    messages: [
      [36m[Object][39m, [36m[Object][39m,
      [36m[Object][39m, [36m[Object][39m,
      [36m[Object][39m, [36m[Object][39m,
      [36m[Object][39m, [36m[Object][39m,
      [36m[Object][39m, [36m[Object][39m,
      [36m[Object][39m, [36m[Object][39m
    ],
    topics: [ [36m[Object][39m, [36m[Object][39m ],
    sessionGroups: [],
    settings: [90mundefined[39m
  },
  version: [33m4[39m
} Φ┐üτº╗σÉÄτëêµ£¼: [33m4[39m
Φ┐üτº╗σÖ¿∩╝Ü MigrationV4ToV5 { version: [33m4[39m } µò░µì«∩╝Ü {
  exportType: [32m'sessions'[39m,
  state: {
    sessions: [ [36m[Object][39m ],
    messages: [
      [36m[Object][39m, [36m[Object][39m,
      [36m[Object][39m, [36m[Object][39m,
      [36m[Object][39m, [36m[Object][39m,
      [36m[Object][39m, [36m[Object][39m,
      [36m[Object][39m, [36m[Object][39m,
      [36m[Object][39m, [36m[Object][39m,
      [36m[Object][39m, [36m[Object][39m
    ],
    topics: [ [36m[Object][39m, [36m[Object][39m ],
    sessionGroups: [],
    settings: [90mundefined[39m
  },
  version: [33m5[39m
} Φ┐üτº╗σÉÄτëêµ£¼: [33m5[39m
Φ┐üτº╗σÖ¿∩╝Ü MigrationV5ToV6 { version: [33m5[39m } µò░µì«∩╝Ü {
  exportType: [32m'sessions'[39m,
  state: {
    sessions: [ [36m[Object][39m ],
    messages: [
      [36m[Object][39m, [36m[Object][39m,
      [36m[Object][39m, [36m[Object][39m,
      [36m[Object][39m, [36m[Object][39m,
      [36m[Object][39m, [36m[Object][39m,
      [36m[Object][39m, [36m[Object][39m,
      [36m[Object][39m, [36m[Object][39m,
      [36m[Object][39m, [36m[Object][39m
    ],
    topics: [ [36m[Object][39m, [36m[Object][39m ],
    sessionGroups: [],
    settings: [90mundefined[39m
  },
  version: [33m6[39m
} Φ┐üτº╗σÉÄτëêµ£¼: [33m6[39m

 [32mΓ£ô[39m src/migrations/FromV5ToV6/migrations.test.ts [2m([22m[2m2 tests[22m[2m)[22m[32m 9[2mms[22m[39m
 [32mΓ£ô[39m src/services/__tests__/global.test.ts [2m([22m[2m6 tests[22m[2m)[22m[32m 8[2mms[22m[39m
 [32mΓ£ô[39m src/services/plugin/_deprecated.test.ts [2m([22m[2m8 tests[22m[2m)[22m[32m 8[2mms[22m[39m
 [32mΓ£ô[39m src/libs/clerk-auth/index.test.ts [2m([22m[2m16 tests[22m[2m)[22m[32m 8[2mms[22m[39m
[90mstdout[2m | src/migrations/FromV2ToV3/migrations.test.ts[2m > [22m[2mMigrationV2ToV3[2m > [22m[2mshould migrate data correctly through multiple versions
[22m[39mΦ┐üτº╗σÖ¿∩╝Ü MigrationV2ToV3 {
  version: [33m2[39m,
  migrateSession: [36m[Function: migrateSession][39m
} µò░µì«∩╝Ü {
  exportType: [32m'sessions'[39m,
  state: {
    sessions: [ [36m[Object][39m, [36m[Object][39m ],
    topics: [],
    messages: [],
    sessionGroups: []
  },
  version: [33m3[39m
} Φ┐üτº╗σÉÄτëêµ£¼: [33m3[39m

[90mstdout[2m | src/migrations/FromV2ToV3/migrations.test.ts[2m > [22m[2mMigrationV2ToV3[2m > [22m[2mshould work correct from v1 to v3
[22m[39mΦ┐üτº╗σÖ¿∩╝Ü MigrationV1ToV2 {
  version: [33m1[39m,
  migrateSession: [36m[Function: migrateSession][39m,
  migrationMessage: [36m[Function: migrationMessage][39m,
  migrationTopic: [36m[Function: migrationTopic][39m
} µò░µì«∩╝Ü {
  exportType: [32m'sessions'[39m,
  state: {
    sessions: [ [36m[Object][39m ],
    messages: [
      [36m[Object][39m, [36m[Object][39m,
      [36m[Object][39m, [36m[Object][39m,
      [36m[Object][39m, [36m[Object][39m,
      [36m[Object][39m, [36m[Object][39m,
      [36m[Object][39m, [36m[Object][39m,
      [36m[Object][39m, [36m[Object][39m
    ],
    topics: [ [36m[Object][39m, [36m[Object][39m ]
  },
  version: [33m2[39m
} Φ┐üτº╗σÉÄτëêµ£¼: [33m2[39m
Φ┐üτº╗σÖ¿∩╝Ü MigrationV2ToV3 {
  version: [33m2[39m,
  migrateSession: [36m[Function: migrateSession][39m
} µò░µì«∩╝Ü {
  exportType: [32m'sessions'[39m,
  state: {
    sessions: [ [36m[Object][39m ],
    messages: [
      [36m[Object][39m, [36m[Object][39m,
      [36m[Object][39m, [36m[Object][39m,
      [36m[Object][39m, [36m[Object][39m,
      [36m[Object][39m, [36m[Object][39m,
      [36m[Object][39m, [36m[Object][39m,
      [36m[Object][39m, [36m[Object][39m
    ],
    topics: [ [36m[Object][39m, [36m[Object][39m ],
    sessionGroups: []
  },
  version: [33m3[39m
} Φ┐üτº╗σÉÄτëêµ£¼: [33m3[39m

 [32mΓ£ô[39m src/migrations/FromV2ToV3/migrations.test.ts [2m([22m[2m2 tests[22m[2m)[22m[32m 8[2mms[22m[39m
 [32mΓ£ô[39m src/store/user/slices/modelList/reducers/customModelCard.test.ts [2m([22m[2m9 tests[22m[2m)[22m[32m 8[2mms[22m[39m
[90mstderr[2m | src/services/__tests__/_auth.test.ts[2m > 
[22m[2mgetProviderAuthPayload[2m > [22m[2mshould return correct payload 
for ZhiPu provider
[22m[39m`ReactDOMTestUtils.act` is deprecated in favor of `React.act`. 
Import `act` from `react` instead of `react-dom/test-utils`. See 
https://react.dev/warnings/react-dom-test-utils for more info.

 [32mΓ£ô[39m src/services/__tests__/_auth.test.ts [2m([22m[2m14 tests[22m[2m)[22m[32m 8[2mms[22m[39m
 [32mΓ£ô[39m src/store/tool/selectors/tool.test.ts [2m([22m[2m17 tests[22m[2m)[22m[32m 8[2mms[22m[39m
 [32mΓ£ô[39m src/store/aiInfra/slices/aiProvider/__tests__/selectors.test.ts [2m([22m[2m30 tests[22m[2m)[22m[32m 8[2mms[22m[39m
 [32mΓ£ô[39m src/store/image/slices/createImage/selectors.test.ts [2m([22m[2m10 tests[22m[2m)[22m[32m 5[2mms[22m[39m
 [32mΓ£ô[39m src/server/services/file/impls/utils.test.ts [2m([22m[2m13 tests[22m[2m)[22m[32m 8[2mms[22m[39m
 [32mΓ£ô[39m src/libs/traces/event.test.ts [2m([22m[2m5 tests[22m[2m)[22m[32m 9[2mms[22m[39m
 [32mΓ£ô[39m src/store/session/slices/sessionGroup/reducer.test.ts [2m([22m[2m5 tests[22m[2m)[22m[32m 6[2mms[22m[39m
[90mstdout[2m | src/migrations/VersionController.test.ts[2m > [22m[2mVersionController[2m > [22m[2mshould migrate data correctly through multiple versions
[22m[39mΦ┐üτº╗σÖ¿∩╝Ü TestMigration0 { version: [33m0[39m } µò░µì«∩╝Ü { state: { value: [33m10[39m }, version: [33m1[39m } Φ┐üτº╗σÉÄτëêµ£¼: [33m1[39m
Φ┐üτº╗σÖ¿∩╝Ü TestMigration1 { version: [33m1[39m } µò░µì«∩╝Ü { state: { value: [33m10[39m, value1: [33m20[39m }, version: [33m2[39m } Φ┐üτº╗σÉÄτëêµ£¼: [33m2[39m
Φ┐üτº╗σÖ¿∩╝Ü TestMigration2 { version: [33m2[39m } µò░µì«∩╝Ü { state: { value: [33m10[39m, value1: [33m20[39m, value2: [33m40[39m }, version: [33m3[39m } Φ┐üτº╗σÉÄτëêµ£¼: [33m3[39m

[90mstdout[2m | src/migrations/VersionController.test.ts[2m > [22m[2mVersionController[2m > [22m[2mshould migrate data correctly if starting from a specific version
[22m[39mΦ┐üτº╗σÖ¿∩╝Ü TestMigration1 { version: [33m1[39m } µò░µì«∩╝Ü { state: { value: [33m10[39m, value1: [33m20[39m }, version: [33m2[39m } Φ┐üτº╗σÉÄτëêµ£¼: [33m2[39m
Φ┐üτº╗σÖ¿∩╝Ü TestMigration2 { version: [33m2[39m } µò░µì«∩╝Ü { state: { value: [33m10[39m, value1: [33m20[39m, value2: [33m40[39m }, version: [33m3[39m } Φ┐üτº╗σÉÄτëêµ£¼: [33m3[39m

 [32mΓ£ô[39m src/migrations/VersionController.test.ts [2m([22m[2m4 tests[22m[2m)[22m[32m 7[2mms[22m[39m
 [32mΓ£ô[39m src/store/image/slices/generationTopic/selectors.test.ts [2m([22m[2m11 tests[22m[2m)[22m[32m 7[2mms[22m[39m
 [32mΓ£ô[39m src/server/globalConfig/parseSystemAgent.test.ts [2m([22m[2m13 tests[22m[2m)[22m[32m 7[2mms[22m[39m
 [32mΓ£ô[39m src/store/global/selectors/systemStatus.test.ts [2m([22m[2m14 tests[22m[2m)[22m[32m 7[2mms[22m[39m
 [32mΓ£ô[39m src/store/session/slices/session/reducers.test.ts [2m([22m[2m4 tests[22m[2m)[22m[32m 7[2mms[22m[39m
 [32mΓ£ô[39m src/services/user/server.test.ts [2m([22m[2m9 tests[22m[2m)[22m[32m 7[2mms[22m[39m
 [32mΓ£ô[39m src/app/[variants]/(main)/image/@menu/features/ConfigPanel/utils/__tests__/dimensionConstraints.test.ts [2m([22m[2m24 tests[22m[2m)[22m[32m 7[2mms[22m[39m
 [32mΓ£ô[39m src/server/services/aiChat/index.test.ts [2m([22m[2m2 tests[22m[2m)[22m[32m 10[2mms[22m[39m
 [32mΓ£ô[39m src/store/chat/slices/topic/reducer.test.ts [2m([22m[2m7 tests[22m[2m)[22m[32m 7[2mms[22m[39m
 [32mΓ£ô[39m src/features/PluginDevModal/MCPManifestForm/utils.test.ts [2m([22m[2m21 tests[22m[2m)[22m[32m 7[2mms[22m[39m
 [32mΓ£ô[39m src/store/chat/slices/portal/selectors.test.ts [2m([22m[2m21 tests[22m[2m)[22m[32m 7[2mms[22m[39m
 [32mΓ£ô[39m src/server/routers/lambda/__tests__/image.test.ts [2m([22m[2m9 tests[22m[2m)[22m[32m 6[2mms[22m[39m
 [32mΓ£ô[39m src/utils/locale.test.ts [2m([22m[2m8 tests[22m[2m)[22m[32m 7[2mms[22m[39m
 [32mΓ£ô[39m src/app/(backend)/middleware/auth/index.test.ts [2m([22m[2m3 tests[22m[2m)[22m[32m 7[2mms[22m[39m
 [32mΓ£ô[39m src/server/globalConfig/parseFilesConfig.test.ts [2m([22m[2m14 tests[22m[2m)[22m[32m 7[2mms[22m[39m
 [32mΓ£ô[39m src/utils/client/switchLang.test.ts [2m([22m[2m2 tests[22m[2m)[22m[32m 7[2mms[22m[39m
 [32mΓ£ô[39m src/features/ShareModal/ShareJSON/generateMessages.test.ts [2m([22m[2m7 tests[22m[2m)[22m[32m 6[2mms[22m[39m
 [32mΓ£ô[39m src/services/__tests__/generationTopic.test.ts [2m([22m[2m5 tests[22m[2m)[22m[32m 6[2mms[22m[39m
 [32mΓ£ô[39m src/app/(backend)/webapi/plugin/gateway/settings.test.ts [2m([22m[2m12 tests[22m[2m)[22m[32m 5[2mms[22m[39m
 [32mΓ£ô[39m src/features/PluginsUI/Render/utils/postMessage.test.ts [2m([22m[2m4 tests[22m[2m)[22m[32m 6[2mms[22m[39m
[90mstdout[2m | src/libs/trpc/middleware/userAuth.test.ts[2m > [22m[2muserAuth middleware[2m > [22m[2mshould throw UNAUTHORIZED error if userId is not present in context
[22m[39mnext auth: [90mundefined[39m

 [32mΓ£ô[39m src/libs/trpc/middleware/userAuth.test.ts [2m([22m[2m2 tests[22m[2m)[22m[32m 6[2mms[22m[39m
 [32mΓ£ô[39m src/config/featureFlags/utils/parser.test.ts [2m([22m[2m15 tests[22m[2m)[22m[32m 6[2mms[22m[39m
 [32mΓ£ô[39m src/store/tool/slices/plugin/selectors.test.ts [2m([22m[2m15 tests[22m[2m)[22m[32m 9[2mms[22m[39m
 [32mΓ£ô[39m src/store/session/slices/session/selectors/meta.test.ts [2m([22m[2m10 tests[22m[2m)[22m[32m 6[2mms[22m[39m
 [32mΓ£ô[39m src/services/__tests__/generationBatch.test.ts [2m([22m[2m2 tests[22m[2m)[22m[32m 5[2mms[22m[39m
 [32mΓ£ô[39m src/services/electron/__tests__/devtools.test.ts [2m([22m[2m3 tests[22m[2m)[22m[32m 5[2mms[22m[39m
 [32mΓ£ô[39m src/features/ShareModal/ShareText/template.test.ts [2m([22m[2m12 tests[22m[2m)[22m[32m 5[2mms[22m[39m
 [32mΓ£ô[39m src/app/[variants]/(main)/discover/features/__tests__/calculateScore.test.ts [2m([22m[2m9 tests[22m[2m)[22m[32m 6[2mms[22m[39m
 [32mΓ£ô[39m src/config/featureFlags/schema.test.ts [2m([22m[2m3 tests[22m[2m)[22m[32m 5[2mms[22m[39m
 [32mΓ£ô[39m src/server/globalConfig/index.test.ts [2m([22m[2m3 tests[22m[2m)[22m[32m 5[2mms[22m[39m
 [32mΓ£ô[39m src/store/middleware/createHyperStorage/indexedDB.test.ts [2m([22m[2m4 tests[22m[2m)[22m[32m 5[2mms[22m[39m
 [32mΓ£ô[39m src/server/modules/ContentChunk/rules.test.ts [2m([22m[2m8 tests[22m[2m)[22m[32m 5[2mms[22m[39m
 [32mΓ£ô[39m src/store/image/utils/aspectRatio.test.ts [2m([22m[2m8 tests[22m[2m)[22m[32m 5[2mms[22m[39m
 [32mΓ£ô[39m src/store/user/slices/preference/selectors.test.ts [2m([22m[2m7 tests[22m[2m)[22m[32m 4[2mms[22m[39m
 [32mΓ£ô[39m src/features/Conversation/components/MarkdownElements/LobeArtifact/rehypePlugin.test.ts [2m([22m[2m2 tests[22m[2m)[22m[32m 4[2mms[22m[39m
 [32mΓ£ô[39m src/store/session/slices/session/selectors/list.test.ts [2m([22m[2m8 tests[22m[2m)[22m[32m 5[2mms[22m[39m
 [32mΓ£ô[39m src/store/electron/selectors/__tests__/desktopState.test.ts [2m([22m[2m2 tests[22m[2m)[22m[32m 5[2mms[22m[39m
 [32mΓ£ô[39m src/store/file/slices/chat/selectors.test.ts [2m([22m[2m10 tests[22m[2m)[22m[32m 5[2mms[22m[39m
 [32mΓ£ô[39m src/services/aiModel/index.test.ts [2m([22m[2m2 tests[22m[2m)[22m[32m 5[2mms[22m[39m
 [32mΓ£ô[39m src/services/aiProvider/index.test.ts [2m([22m[2m2 tests[22m[2m)[22m[32m 5[2mms[22m[39m
 [32mΓ£ô[39m src/services/__tests__/share.test.ts [2m([22m[2m3 tests[22m[2m)[22m[32m 5[2mms[22m[39m
 [32mΓ£ô[39m src/server/globalConfig/_deprecated.test.ts [2m([22m[2m1 test[22m[2m)[22m[32m 4[2mms[22m[39m
 [32mΓ£ô[39m src/features/Conversation/components/MarkdownElements/remarkPlugins/getNodeContent.test.ts [2m([22m[2m3 tests[22m[2m)[22m[32m 4[2mms[22m[39m
 [32mΓ£ô[39m src/locales/resources.test.ts [2m([22m[2m9 tests[22m[2m)[22m[32m 4[2mms[22m[39m
 [32mΓ£ô[39m src/store/global/selectors/general.test.ts [2m([22m[2m1 test[22m[2m)[22m[32m 4[2mms[22m[39m
 [32mΓ£ô[39m src/database/_deprecated/core/migrations/migrateSettingsToUser/index.test.ts [2m([22m[2m1 test[22m[2m)[22m[32m 4[2mms[22m[39m
 [32mΓ£ô[39m src/store/tool/slices/builtin/selectors.test.ts [2m([22m[2m4 tests[22m[2m)[22m[32m 4[2mms[22m[39m
 [32mΓ£ô[39m src/services/message/__tests__/server.test.ts [2m([22m[2m7 tests[22m[2m)[22m[32m 4[2mms[22m[39m
 [32mΓ£ô[39m src/services/__tests__/_url.test.ts [2m([22m[2m2 tests[22m[2m)[22m[32m 3[2mms[22m[39m
 [32mΓ£ô[39m src/envs/__tests__/client.test.ts [2m([22m[2m2 tests[22m[2m)[22m[32m 3[2mms[22m[39m
 [32mΓ£ô[39m src/features/Conversation/components/ChatItem/ShareMessageModal/ShareText/template.test.ts [2m([22m[2m2 tests[22m[2m)[22m[32m 3[2mms[22m[39m
 [32mΓ£ô[39m src/app/(backend)/trpc/trpc.test.ts [2m([22m[2m1 test[22m[2m)[22m[32m 3[2mms[22m[39m
 [2m[90mΓåô[39m[22m src/app/(backend)/api/webhooks/casdoor/__tests__/route.test.ts [2m([22m[2m1 test[22m[2m | [22m[33m1 skipped[39m[2m)[22m
 [32mΓ£ô[39m src/store/tool/slices/oldStore/selectors.test.ts [2m([22m[2m1 test[22m[2m)[22m[32m 3[2mms[22m[39m
 [2m[90mΓåô[39m[22m src/app/(backend)/api/webhooks/logto/__tests__/route.test.ts [2m([22m[2m1 test[22m[2m | [22m[33m1 skipped[39m[2m)[22m
 [31mΓ¥»[39m src/libs/langchain/loaders/code/__tests__/index.test.ts [2m([22m[2m2 tests[22m[2m | [22m[31m1 failed[39m[2m)[22m[32m 132[2mms[22m[39m
   [32mΓ£ô[39m CodeLoader[2m > [22msplit simple code[32m 3[2mms[22m[39m
[31m   [31m├ù[31m CodeLoader[2m > [22msplit long[39m[32m 127[2mms[22m[39m
[31m     ΓåÆ expected [ Document{ ΓÇª(3) }, ΓÇª(74) ] to deeply equal [ { ΓÇª(2) }, { ΓÇª(2) }, { ΓÇª(2) }, ΓÇª(59) ][39m
 [31mΓ¥»[39m src/libs/langchain/loaders/txt/__tests__/index.test.ts [2m([22m[2m2 tests[22m[2m | [22m[31m1 failed[39m[2m)[22m[32m 23[2mms[22m[39m
   [32mΓ£ô[39m TextLoader[2m > [22msplit simple content[32m 3[2mms[22m[39m
[31m   [31m├ù[31m TextLoader[2m > [22msplit long[39m[32m 19[2mms[22m[39m
[31m     ΓåÆ expected [ Document{ ΓÇª(3) }, ΓÇª(11) ] to deeply equal [ { ΓÇª(2) }, { ΓÇª(2) }, { ΓÇª(2) }, ΓÇª(6) ][39m
 [31mΓ¥»[39m src/libs/langchain/loaders/latex/__tests__/index.test.ts [2m([22m[2m1 test[22m[2m | [22m[31m1 failed[39m[2m)[22m[32m 23[2mms[22m[39m
[31m   [31m├ù[31m LatexLoader[2m > [22mshould run[39m[32m 21[2mms[22m[39m
[31m     ΓåÆ Snapshot `LatexLoader > should run 1` mismatched[39m
 [32mΓ£ô[39m src/store/tool/slices/customPlugin/selectors.test.ts [2m([22m[2m2 tests[22m[2m)[22m[32m 3[2mms[22m[39m
 [32mΓ£ô[39m src/libs/langchain/loaders/epub/__tests__/index.test.ts [2m([22m[2m1 test[22m[2m)[22m[32m 185[2mms[22m[39m
 [32mΓ£ô[39m src/libs/langchain/loaders/markdown/__tests__/index.test.ts [2m([22m[2m1 test[22m[2m)[22m[32m 4[2mms[22m[39m
 [32mΓ£ô[39m src/server/services/discover/index.test.ts [2m([22m[2m32 tests[22m[2m)[22m[32m 78[2mms[22m[39m
[90mstderr[2m | src/server/services/changelog/index.test.ts[2m > 
[22m[2mChangelogService[2m > [22m[2mgetChangelogIndex[2m > 
[22m[2mshould handle fetch errors
[22m[39mError getting changelog lists: Error: Fetch failed
    at [90mE:\Projex25\X-Chat\lobe-chat\[39msrc\server\services\changelog\ind
ex.test.ts:98:9
    at [90mfile:///E:/Projex25/X-Chat/lobe-chat/[39mnode_modules/[4m.pnpm[2
4m/@vitest+runner@3.2.4/node_modules/[4m@vitest[24m/runner/dist/chunk-hooks.j
s:155:11
    at [90mfile:///E:/Projex25/X-Chat/lobe-chat/[39mnode_modules/[4m.pnpm[2
4m/@vitest+runner@3.2.4/node_modules/[4m@vitest[24m/runner/dist/chunk-hooks.j
s:752:26
    at [90mfile:///E:/Projex25/X-Chat/lobe-chat/[39mnode_modules/[4m.pnpm[2
4m/@vitest+runner@3.2.4/node_modules/[4m@vitest[24m/runner/dist/chunk-hooks.j
s:1897:20
    at new Promise (<anonymous>)
    at runWithTimeout [90m(file:///E:/Projex25/X-Chat/lobe-chat/[39mnode_modu
les/[4m.pnpm[24m/@vitest+runner@3.2.4/node_modules/[4m@vitest[24m/runner/di
st/chunk-hooks.js:1863:10[90m)[39m
    at runTest [90m(file:///E:/Projex25/X-Chat/lobe-chat/[39mnode_modules/[4
m.pnpm[24m/@vitest+runner@3.2.4/node_modules/[4m@vitest[24m/runner/dist/chun
k-hooks.js:1574:12[90m)[39m
[90m    at processTicksAndRejections 
(node:internal/process/task_queues:105:5)[39m
    at runSuite [90m(file:///E:/Projex25/X-Chat/lobe-chat/[39mnode_modules/[
4m.pnpm[24m/@vitest+runner@3.2.4/node_modules/[4m@vitest[24m/runner/dist/chu
nk-hooks.js:1729:8[90m)[39m
    at runSuite [90m(file:///E:/Projex25/X-Chat/lobe-chat/[39mnode_modules/[
4m.pnpm[24m/@vitest+runner@3.2.4/node_modules/[4m@vitest[24m/runner/dist/chu
nk-hooks.js:1729:8[90m)[39m {
  [cause]: { code: [32m'Timeout'[39m }
}

[90mstderr[2m | src/server/services/changelog/index.test.ts[2m > 
[22m[2mChangelogService[2m > [22m[2mgetPostById[2m > [22m[2mshould 
handle fetch errors
[22m[39m[ChangelogFetchError]failed to fetch changlog post error
Error: Fetch failed
    at [90mE:\Projex25\X-Chat\lobe-chat\[39msrc\server\services\changelog\ind
ex.test.ts:172:47
    at [90mfile:///E:/Projex25/X-Chat/lobe-chat/[39mnode_modules/[4m.pnpm[2
4m/@vitest+runner@3.2.4/node_modules/[4m@vitest[24m/runner/dist/chunk-hooks.j
s:155:11
    at [90mfile:///E:/Projex25/X-Chat/lobe-chat/[39mnode_modules/[4m.pnpm[2
4m/@vitest+runner@3.2.4/node_modules/[4m@vitest[24m/runner/dist/chunk-hooks.j
s:752:26
    at [90mfile:///E:/Projex25/X-Chat/lobe-chat/[39mnode_modules/[4m.pnpm[2
4m/@vitest+runner@3.2.4/node_modules/[4m@vitest[24m/runner/dist/chunk-hooks.j
s:1897:20
    at new Promise (<anonymous>)
    at runWithTimeout [90m(file:///E:/Projex25/X-Chat/lobe-chat/[39mnode_modu
les/[4m.pnpm[24m/@vitest+runner@3.2.4/node_modules/[4m@vitest[24m/runner/di
st/chunk-hooks.js:1863:10[90m)[39m
    at runTest [90m(file:///E:/Projex25/X-Chat/lobe-chat/[39mnode_modules/[4
m.pnpm[24m/@vitest+runner@3.2.4/node_modules/[4m@vitest[24m/runner/dist/chun
k-hooks.js:1574:12[90m)[39m
[90m    at processTicksAndRejections 
(node:internal/process/task_queues:105:5)[39m
    at runSuite [90m(file:///E:/Projex25/X-Chat/lobe-chat/[39mnode_modules/[
4m.pnpm[24m/@vitest+runner@3.2.4/node_modules/[4m@vitest[24m/runner/dist/chu
nk-hooks.js:1729:8[90m)[39m
    at runSuite [90m(file:///E:/Projex25/X-Chat/lobe-chat/[39mnode_modules/[
4m.pnpm[24m/@vitest+runner@3.2.4/node_modules/[4m@vitest[24m/runner/dist/chu
nk-hooks.js:1729:8[90m)[39m

 [32mΓ£ô[39m src/libs/langchain/loaders/csv/__tests__/index.test.ts [2m([22m[2m1 test[22m[2m)[22m[32m 13[2mms[22m[39m
 [32mΓ£ô[39m src/server/services/changelog/index.test.ts [2m([22m[2m19 tests[22m[2m)[22m[32m 49[2mms[22m[39m
[2m6:19:20 PM[22m [33m[1m[vite][22m[39m [33m[2m(ssr)[22m[39m 
[33mwarning: invalid import "../locales/default/${ns}". A file extension must 
be included in the static part of the import. For example: 
import(`./foo/${bar}.js`).[39m
  Plugin: [35mvite:dynamic-import-vars[39m
  File: [36mE:/Projex25/X-Chat/lobe-chat/src/server/translation.ts[39m
 [32mΓ£ô[39m src/server/translation.test.ts [2m([22m[2m9 tests[22m[2m)[22m[32m 25[2mms[22m[39m
 [31mΓ¥»[39m src/server/ld.test.ts [2m([22m[2m8 tests[22m[2m | [22m[31m1 failed[39m[2m)[22m[32m 15[2mms[22m[39m
   [32mΓ£ô[39m Ld[2m > [22mgenerate[2m > [22mshould generate correct LD+JSON structure[32m 3[2mms[22m[39m
[31m   [31m├ù[31m Ld[2m > [22mgenOrganization[2m > [22mshould generate correct organization structure[39m[32m 9[2mms[22m[39m
[31m     ΓåÆ expected 'https://pho.chat' to be 'https://lobehub.com' // Object.is equality[39m
   [32mΓ£ô[39m Ld[2m > [22mgetAuthors[2m > [22mshould return default author when no ids provided[32m 0[2mms[22m[39m
   [32mΓ£ô[39m Ld[2m > [22mgetAuthors[2m > [22mshould return person when valid id provided[32m 0[2mms[22m[39m
   [32mΓ£ô[39m Ld[2m > [22mgenWebPage[2m > [22mshould generate correct webpage structure[32m 0[2mms[22m[39m
   [32mΓ£ô[39m Ld[2m > [22mgenImageObject[2m > [22mshould generate correct image object[32m 0[2mms[22m[39m
   [32mΓ£ô[39m Ld[2m > [22mgenWebSite[2m > [22mshould generate correct website structure[32m 0[2mms[22m[39m
   [32mΓ£ô[39m Ld[2m > [22mgenArticle[2m > [22mshould generate correct article structure[32m 0[2mms[22m[39m
 [31mΓ¥»[39m src/server/metadata.test.ts [2m([22m[2m5 tests[22m[2m | [22m[31m2 failed[39m[2m)[22m[32m 24[2mms[22m[39m
   [32mΓ£ô[39m Metadata[2m > [22mgenerate[2m > [22mshould generate metadata with default values[32m 3[2mms[22m[39m
   [32mΓ£ô[39m Metadata[2m > [22mgenerate[2m > [22mshould generate metadata with custom values[32m 2[2mms[22m[39m
   [32mΓ£ô[39m Metadata[2m > [22mgenAlternateLocales[2m > [22mshould generate alternate locales correctly[32m 3[2mms[22m[39m
[31m   [31m├ù[31m Metadata[2m > [22mgenTwitter[2m > [22mshould generate Twitter metadata correctly[39m[32m 9[2mms[22m[39m
[31m     ΓåÆ expected { card: 'summary_large_image', ΓÇª(5) } to deeply equal { card: 'summary_large_image', ΓÇª(5) }[39m
[31m   [31m├ù[31m Metadata[2m > [22mgenOpenGraph[2m > [22mshould generate OpenGraph metadata correctly[39m[32m 5[2mms[22m[39m
[31m     ΓåÆ expected { description: 'OG description', ΓÇª(7) } to match object { title: 'OG Title', ΓÇª(7) }[39m
 [32mΓ£ô[39m src/server/modules/ModelRuntime/index.test.ts [2m([22m[2m39 tests[22m[2m)[22m[32m 27[2mms[22m[39m
 [32mΓ£ô[39m src/server/routers/lambda/config/index.test.ts [2m([22m[2m9 tests[22m[2m)[22m[32m 53[2mms[22m[39m
 [32mΓ£ô[39m src/server/sitemap.test.ts [2m([22m[2m13 tests[22m[2m)[22m[33m 727[2mms[22m[39m
[90mstderr[2m | src/app/(backend)/webapi/chat/[provider]/route.test.ts[2m > 
[22m[2mPOST handler[2m > [22m[2minit chat model[2m > [22m[2mshould 
return InternalServerError error when throw a unknown error
[22m[39mError: unknown error
    at [90mE:\Projex25\X-Chat\lobe-chat\[39msrc\app\(backend)\webapi\chat\[pr
ovider]\route.test.ts:146:15
    at mockCall [90m(file:///E:/Projex25/X-Chat/lobe-chat/[39mnode_modules/[
4m.pnpm[24m/@vitest+spy@3.2.4/node_modules/[4m@vitest[24m/spy/dist/index.js:
96:15[90m)[39m
    at spy [90m(file:///E:/Projex25/X-Chat/lobe-chat/[39mnode_modules/[4m.pn
pm[24m/tinyspy@4.0.3/node_modules/[4mtinyspy[24m/dist/index.js:47:103[90m)
[39m
    at Module.<anonymous> [90m(E:\Projex25\X-Chat\lobe-chat\[39msrc\app\(back
end)\middleware\auth\index.ts:61:20[90m)[39m
    at [90mE:\Projex25\X-Chat\lobe-chat\[39msrc\app\(backend)\webapi\chat\[pr
ovider]\route.test.ts:149:30
    at [90mfile:///E:/Projex25/X-Chat/lobe-chat/[39mnode_modules/[4m.pnpm[2
4m/@vitest+runner@3.2.4/node_modules/[4m@vitest[24m/runner/dist/chunk-hooks.j
s:155:11
    at [90mfile:///E:/Projex25/X-Chat/lobe-chat/[39mnode_modules/[4m.pnpm[2
4m/@vitest+runner@3.2.4/node_modules/[4m@vitest[24m/runner/dist/chunk-hooks.j
s:752:26
    at [90mfile:///E:/Projex25/X-Chat/lobe-chat/[39mnode_modules/[4m.pnpm[2
4m/@vitest+runner@3.2.4/node_modules/[4m@vitest[24m/runner/dist/chunk-hooks.j
s:1897:20
    at new Promise (<anonymous>)
    at runWithTimeout [90m(file:///E:/Projex25/X-Chat/lobe-chat/[39mnode_modu
les/[4m.pnpm[24m/@vitest+runner@3.2.4/node_modules/[4m@vitest[24m/runner/di
st/chunk-hooks.js:1863:10[90m)[39m

[90mstderr[2m | src/app/(backend)/webapi/chat/[provider]/route.test.ts[2m > 
[22m[2mPOST handler[2m > [22m[2mchat[2m > [22m[2mshould return an 
error response when chat completion fails
[22m[39mRoute: [test-provider] 500: { errorType: [33m500[39m, 
errorMessage: [32m'Something went wrong'[39m }

 [32mΓ£ô[39m src/app/(backend)/webapi/chat/[provider]/route.test.ts [2m([22m[2m6 tests[22m[2m)[22m[32m 29[2mms[22m[39m
[90mstderr[2m | src/envs/__tests__/auth.test.ts[2m > 
[22m[2mgetAuthConfig[2m > [22m[2mshould warn about deprecated environment 
variables[2m > [22m[2mshould warn about Auth0 deprecated environment 
variables
[22m[39mAUTH0_CLIENT_ID will be removed in the future. Please set 
AUTH_AUTH0_ID instead.
AUTH0_CLIENT_SECRET will be removed in the future. Please set 
AUTH_AUTH0_SECRET instead.
AUTH0_ISSUER will be removed in the future. Please set AUTH_AUTH0_ISSUER 
instead.

[90mstderr[2m | src/envs/__tests__/auth.test.ts[2m > 
[22m[2mgetAuthConfig[2m > [22m[2mshould warn about deprecated environment 
variables[2m > [22m[2mshould warn about Authentik deprecated environment 
variables
[22m[39mAUTHENTIK_CLIENT_ID will be removed in the future. Please set 
AUTH_AUTHENTIK_ID instead.
AUTHENTIK_CLIENT_SECRET will be removed in the future. Please set 
AUTH_AUTHENTIK_SECRET instead.
AUTHENTIK_ISSUER will be removed in the future. Please set 
AUTH_AUTHENTIK_ISSUER instead.

[90mstderr[2m | src/envs/__tests__/auth.test.ts[2m > 
[22m[2mgetAuthConfig[2m > [22m[2mshould warn about deprecated environment 
variables[2m > [22m[2mshould warn about Authelia deprecated environment 
variables
[22m[39mAUTHELIA_CLIENT_ID will be removed in the future. Please set 
AUTH_AUTHELIA_ID instead.
AUTHELIA_CLIENT_SECRET will be removed in the future. Please set 
AUTH_AUTHELIA_SECRET instead.
AUTHELIA_ISSUER will be removed in the future. Please set AUTH_AUTHELIA_ISSUER 
instead.

[90mstderr[2m | src/envs/__tests__/auth.test.ts[2m > 
[22m[2mgetAuthConfig[2m > [22m[2mshould warn about deprecated environment 
variables[2m > [22m[2mshould warn about AzureAD deprecated environment 
variables
[22m[39mAZURE_AD_CLIENT_ID will be removed in the future. Please set 
AUTH_AZURE_AD_ID instead.
AZURE_AD_CLIENT_SECRET will be removed in the future. Please set 
AUTH_AZURE_AD_SECRET instead.
AZURE_AD_TENANT_ID will be removed in the future. Please set 
AUTH_AZURE_AD_TENANT_ID instead.

[90mstderr[2m | src/envs/__tests__/auth.test.ts[2m > 
[22m[2mgetAuthConfig[2m > [22m[2mshould warn about deprecated environment 
variables[2m > [22m[2mshould warn about Cloudflare Zero Trust deprecated 
environment variables
[22m[39mCLOUDFLARE_ZERO_TRUST_CLIENT_ID will be removed in the future. 
Please set AUTH_CLOUDFLARE_ZERO_TRUST_ID instead.
CLOUDFLARE_ZERO_TRUST_CLIENT_SECRET will be removed in the future. Please set 
AUTH_CLOUDFLARE_ZERO_TRUST_SECRET instead.
CLOUDFLARE_ZERO_TRUST_ISSUER will be removed in the future. Please set 
AUTH_CLOUDFLARE_ZERO_TRUST_ISSUER instead.

[90mstderr[2m | src/envs/__tests__/auth.test.ts[2m > 
[22m[2mgetAuthConfig[2m > [22m[2mshould warn about deprecated environment 
variables[2m > [22m[2mshould warn about Generic OIDC deprecated environment 
variables
[22m[39mGENERIC_OIDC_CLIENT_ID will be removed in the future. Please set 
AUTH_GENERIC_OIDC_ID instead.
GENERIC_OIDC_CLIENT_SECRET will be removed in the future. Please set 
AUTH_GENERIC_OIDC_SECRET instead.
GENERIC_OIDC_ISSUER will be removed in the future. Please set 
AUTH_GENERIC_OIDC_ISSUER instead.

[90mstderr[2m | src/envs/__tests__/auth.test.ts[2m > 
[22m[2mgetAuthConfig[2m > [22m[2mshould warn about deprecated environment 
variables[2m > [22m[2mshould warn about GitHub deprecated environment 
variables
[22m[39mGITHUB_CLIENT_ID will be removed in the future. Please set 
AUTH_GITHUB_ID instead.
GITHUB_CLIENT_SECRET will be removed in the future. Please set 
AUTH_GITHUB_SECRET instead.

[90mstderr[2m | src/envs/__tests__/auth.test.ts[2m > 
[22m[2mgetAuthConfig[2m > [22m[2mshould warn about deprecated environment 
variables[2m > [22m[2mshould warn about Logto deprecated environment 
variables
[22m[39mLOGTO_CLIENT_ID will be removed in the future. Please set 
AUTH_LOGTO_ID instead.
LOGTO_CLIENT_SECRET will be removed in the future. Please set 
AUTH_LOGTO_SECRET instead.
LOGTO_ISSUER will be removed in the future. Please set AUTH_LOGTO_ISSUER 
instead.

[90mstderr[2m | src/envs/__tests__/auth.test.ts[2m > 
[22m[2mgetAuthConfig[2m > [22m[2mshould warn about deprecated environment 
variables[2m > [22m[2mshould warn about Zitadel deprecated environment 
variables
[22m[39mZITADEL_CLIENT_ID will be removed in the future. Please set 
AUTH_ZITADEL_ID instead.
ZITADEL_CLIENT_SECRET will be removed in the future. Please set 
AUTH_ZITADEL_SECRET instead.
ZITADEL_ISSUER will be removed in the future. Please set AUTH_ZITADEL_ISSUER 
instead.

 [32mΓ£ô[39m src/envs/__tests__/auth.test.ts [2m([22m[2m9 tests[22m[2m)[22m[32m 19[2mms[22m[39m
[90mstderr[2m | src/server/routers/tools/search.test.ts[2m > 
[22m[2msearchRouter[2m > [22m[2mquery[2m > [22m[2mshould handle search 
errors
[22m[39mError: Search failed
    at fn.<anonymous> [90m(E:\Projex25\X-Chat\lobe-chat\[39msrc\server\router
s\tools\search.test.ts:156:43[90m)[39m
    at new mockCall [90m(file:///E:/Projex25/X-Chat/lobe-chat/[39mnode_module
s/[4m.pnpm[24m/@vitest+spy@3.2.4/node_modules/[4m@vitest[24m/spy/dist/index
.js:96:15[90m)[39m
    at new SearXNGClient [90m(file:///E:/Projex25/X-Chat/lobe-chat/[39mnode_m
odules/[4m.pnpm[24m/tinyspy@4.0.3/node_modules/[4mtinyspy[24m/dist/index.js
:47:39[90m)[39m
    at SearXNGImpl.query [90m(E:\Projex25\X-Chat\lobe-chat\[39msrc\server\ser
vices\search\impls\searxng\index.ts:25:20[90m)[39m
    at SearchService.query [90m(E:\Projex25\X-Chat\lobe-chat\[39msrc\server\s
ervices\search\index.ts:54:28[90m)[39m
    at 
[90mE:\Projex25\X-Chat\lobe-chat\[39msrc\server\routers\tools\search.ts:37:34
    at resolveMiddleware [90m(file:///E:/Projex25/X-Chat/lobe-chat/[39mnode_m
odules/[4m.pnpm[24m/@trpc+server@11.5.1_typescript@5.9.2/node_modules/[4m@tr
pc[24m/server/src/unstable-core-do-not-import/procedureBuilder.ts:571:28[90m)
[39m
    at callRecursive [90m(file:///E:/Projex25/X-Chat/lobe-chat/[39mnode_modul
es/[4m.pnpm[24m/@trpc+server@11.5.1_typescript@5.9.2/node_modules/[4m@trpc[
24m/server/src/unstable-core-do-not-import/procedureBuilder.ts:633:26[90m)[39
m
    at Object.next [90m(file:///E:/Projex25/X-Chat/lobe-chat/[39mnode_modules
/[4m.pnpm[24m/@trpc+server@11.5.1_typescript@5.9.2/node_modules/[4m@trpc[24
m/server/src/unstable-core-do-not-import/procedureBuilder.ts:646:16[90m)[39m
    at inputValidatorMiddleware [90m(file:///E:/Projex25/X-Chat/lobe-chat/[39
mnode_modules/[4m.pnpm[24m/@trpc+server@11.5.1_typescript@5.9.2/node_modules/
[4m@trpc[24m/server/src/unstable-core-do-not-import/middleware.ts:206:19[90m
)[39m

 [32mΓ£ô[39m src/server/routers/tools/search.test.ts [2m([22m[2m6 tests[22m[2m)[22m[32m 21[2mms[22m[39m
 [32mΓ£ô[39m src/server/modules/ModelRuntime/apiKeyManager.test.ts [2m([22m[2m10 tests[22m[2m)[22m[32m 18[2mms[22m[39m
 [32mΓ£ô[39m src/server/utils/url.test.ts [2m([22m[2m4 tests[22m[2m)[22m[32m 14[2mms[22m[39m
[90mstderr[2m | src/server/modules/AssistantStore/index.test.ts[2m > 
[22m[2mAssistantStore[2m > [22m[2mshould handle fetch error and return 
empty agents with schema version when error.ok is false
[22m[39mfetch agent index error: Error

 [32mΓ£ô[39m src/server/modules/AssistantStore/index.test.ts [2m([22m[2m14 tests[22m[2m)[22m[32m 12[2mms[22m[39m
 [32mΓ£ô[39m src/libs/unstructured/__tests__/index.test.ts [2m([22m[2m7 tests[22m[2m | [22m[33m1 skipped[39m[2m)[22m[32m 26[2mms[22m[39m
 [32mΓ£ô[39m src/server/modules/KeyVaultsEncrypt/index.test.ts [2m([22m[2m3 tests[22m[2m)[22m[32m 8[2mms[22m[39m
{"level":30,"time":1761650366202,"pid":117944,"hostname":"DESKTOP-QBLRO6P","msg":"create inbox session"}
 [32mΓ£ô[39m src/server/routers/lambda/agent.test.ts [2m([22m[2m10 tests[22m[2m)[22m[32m 63[2mms[22m[39m
 [32mΓ£ô[39m src/server/manifest.test.ts [2m([22m[2m8 tests[22m[2m)[22m[32m 8[2mms[22m[39m
 [32mΓ£ô[39m src/server/routers/lambda/user.test.ts [2m([22m[2m9 tests[22m[2m)[22m[32m 26[2mms[22m[39m
[90mstdout[2m | src/libs/traces/index.test.ts[2m > [22m[2mTraceClient[2m > [22m[2mshould throw error if LANGFUSE keys are missing
[22m[39m-----

[90mstderr[2m | src/libs/traces/index.test.ts[2m > [22m[2mTraceClient[2m 
> [22m[2mshould throw error if LANGFUSE keys are missing
[22m[39mYou are enabling langfuse but don't set the `LANGFUSE_PUBLIC_KEY` or 
`LANGFUSE_SECRET_KEY`. Please check your env

 [32mΓ£ô[39m src/libs/traces/index.test.ts [2m([22m[2m4 tests[22m[2m)[22m[32m 11[2mms[22m[39m
 [32mΓ£ô[39m src/libs/trpc/edge/middleware/jwtPayload.test.ts [2m([22m[2m4 tests[22m[2m)[22m[32m 7[2mms[22m[39m
 [32mΓ£ô[39m src/app/(backend)/_deprecated/createBizOpenAI/auth.test.ts [2m([22m[2m4 tests[22m[2m)[22m[32m 6[2mms[22m[39m
 [32mΓ£ô[39m src/envs/__tests__/analytics.test.ts [2m([22m[2m1 test[22m[2m)[22m[32m 5[2mms[22m[39m
 [32mΓ£ô[39m src/envs/__tests__/app.test.ts [2m([22m[2m3 tests[22m[2m)[22m[32m 3[2mms[22m[39m
 [32mΓ£ô[39m src/server/modules/PluginStore/index.test.ts [2m([22m[2m3 tests[22m[2m)[22m[32m 3[2mms[22m[39m
 [32mΓ£ô[39m src/server/services/search/impls/searxng/index.test.ts [2m([22m[2m1 test[22m[2m)[22m[32m 4[2mms[22m[39m
 [32mΓ£ô[39m src/app/(backend)/webapi/tokenizer/index.test.ts [2m([22m[2m2 tests[22m[2m)[22m[32m 8[2mms[22m[39m
 [32mΓ£ô[39m src/app/(backend)/webapi/chat/azureai/route.test.ts [2m([22m[2m2 tests[22m[2m)[22m[32m 5[2mms[22m[39m
 [32mΓ£ô[39m src/server/services/agent/index.test.ts [2m([22m[2m2 tests[22m[2m)[22m[32m 3[2mms[22m[39m

[31mΓÄ»ΓÄ»ΓÄ»ΓÄ»ΓÄ»ΓÄ»[39m[1m[41m Failed Tests 14 
[49m[22m[31mΓÄ»ΓÄ»ΓÄ»ΓÄ»ΓÄ»ΓÄ»ΓÄ»[39m

[41m[1m FAIL [22m[49m src/server/ld.test.ts[2m > [22mLd[2m > 
[22mgenOrganization[2m > [22mshould generate correct organization structure
[31m[1mAssertionError[22m: expected 'https://pho.chat' to be 
'https://lobehub.com' // Object.is equality[39m

Expected: [32m"https://[7mlobehub.com[27m"[39m
Received: [31m"https://[7mpho.chat[27m"[39m

[36m [2mΓ¥»[22m src/server/ld.test.ts:[2m33:23[22m[39m
    [90m 31| [39m      [34mexpect[39m(org[[32m'@type'[39m])[33m.[39m[3
4mtoBe[39m([32m'Organization'[39m)[33m;[39m
    [90m 32| [39m      [34mexpect[39m(org[33m.[39mname)[33m.[39m[34mto
Be[39m([32m'LobeHub'[39m)[33m;[39m
    [90m 33| [39m      [34mexpect[39m(org[33m.[39murl)[33m.[39m[34mtoB
e[39m([32m'https://lobehub.com'[39m)[33m;[39m
    [90m   | [39m                      [31m^[39m
    [90m 34| [39m    })[33m;[39m
    [90m 35| [39m  })[33m;[39m

[31m[2mΓÄ»ΓÄ»ΓÄ»ΓÄ»ΓÄ»ΓÄ»ΓÄ»ΓÄ»ΓÄ»ΓÄ»ΓÄ»ΓÄ»ΓÄ»ΓÄ»ΓÄ»ΓÄ»ΓÄ»ΓÄ»ΓÄ»ΓÄ»ΓÄ»ΓÄ»ΓÄ»[
1/14]ΓÄ»[22m[39m

[41m[1m FAIL [22m[49m src/server/metadata.test.ts[2m > [22mMetadata[2m 
> [22mgenTwitter[2m > [22mshould generate Twitter metadata correctly
[31m[1mAssertionError[22m: expected { card: 'summary_large_image', ΓÇª(5) } 
to deeply equal { card: 'summary_large_image', ΓÇª(5) }[39m

[32m- Expected[39m
[31m+ Received[39m

[33m@@ -2,9 +2,9 @@[39m
[2m    "card": "summary_large_image",[22m
[2m    "description": "Twitter description",[22m
[2m    "images": [[22m
[2m      "https://twitter-image.com",[22m
[2m    ],[22m
[32m-   "site": "@lobehub",[39m
[31m+   "site": "@pho_chat",[39m
[2m    "title": "Twitter Title",[22m
[2m    "url": "https://example.com/twitter",[22m
[2m  }[22m

[36m [2mΓ¥»[22m src/server/metadata.test.ts:[2m88:22[22m[39m
    [90m 86| [39m      })[33m;[39m
    [90m 87| [39m
    [90m 88| [39m      [34mexpect[39m(result)[33m.[39m[34mtoEqual[39m({
    [90m   | [39m                     [31m^[39m
    [90m 89| [39m        card[33m:[39m 
[32m'summary_large_image'[39m[33m,[39m
    [90m 90| [39m        title[33m:[39m [32m'Twitter 
Title'[39m[33m,[39m

[31m[2mΓÄ»ΓÄ»ΓÄ»ΓÄ»ΓÄ»ΓÄ»ΓÄ»ΓÄ»ΓÄ»ΓÄ»ΓÄ»ΓÄ»ΓÄ»ΓÄ»ΓÄ»ΓÄ»ΓÄ»ΓÄ»ΓÄ»ΓÄ»ΓÄ»ΓÄ»ΓÄ»[
2/14]ΓÄ»[22m[39m

[41m[1m FAIL [22m[49m src/server/metadata.test.ts[2m > [22mMetadata[2m 
> [22mgenOpenGraph[2m > [22mshould generate OpenGraph metadata correctly
[31m[1mAssertionError[22m: expected { description: 'OG description', ΓÇª(7) 
} to match object { title: 'OG Title', ΓÇª(7) }[39m

[32m- Expected[39m
[31m+ Received[39m

[33m@@ -21,10 +21,10 @@[39m
[2m        "alt": "OG Title",[22m
[2m        "url": "https://og-image.com",[22m
[2m      },[22m
[2m    ],[22m
[2m    "locale": "es-ES",[22m
[32m-   "siteName": "LobeChat",[39m
[31m+   "siteName": "pho.chat",[39m
[2m    "title": "OG Title",[22m
[2m    "type": "article",[22m
[2m    "url": "https://example.com/og",[22m
[2m  }[22m

[36m [2mΓ¥»[22m src/server/metadata.test.ts:[2m111:22[22m[39m
    [90m109| [39m      })[33m;[39m
    [90m110| [39m
    [90m111| [39m      
[34mexpect[39m(result)[33m.[39m[34mtoMatchObject[39m({
    [90m   | [39m                     [31m^[39m
    [90m112| [39m        title[33m:[39m [32m'OG Title'[39m[33m,[39m
    [90m113| [39m        description[33m:[39m [32m'OG 
description'[39m[33m,[39m

[31m[2mΓÄ»ΓÄ»ΓÄ»ΓÄ»ΓÄ»ΓÄ»ΓÄ»ΓÄ»ΓÄ»ΓÄ»ΓÄ»ΓÄ»ΓÄ»ΓÄ»ΓÄ»ΓÄ»ΓÄ»ΓÄ»ΓÄ»ΓÄ»ΓÄ»ΓÄ»ΓÄ»[
3/14]ΓÄ»[22m[39m

[41m[1m FAIL [22m[49m src/store/serverConfig/selectors.test.ts[2m > 
[22mfeatureFlagsSelectors[2m > [22mshould return mapped feature flags from 
store
[31m[1mAssertionError[22m: expected { isAgentEditable: false, ΓÇª(21) } to 
deeply equal { isAgentEditable: false, ΓÇª(21) }[39m

[32m- Expected[39m
[31m+ Received[39m

[33m@@ -4,11 +4,11 @@[39m
[2m    "enableKnowledgeBase": true,[22m
[2m    "enablePlugins": true,[22m
[2m    "enableRAGEval": false,[22m
[2m    "enableSTT": true,[22m
[2m    "hideDocs": false,[22m
[32m-   "hideGitHub": false,[39m
[31m+   "hideGitHub": true,[39m
[2m    "isAgentEditable": false,[22m
[2m    "showAiImage": true,[22m
[2m    "showApiKeyManage": false,[22m
[2m    "showChangelog": true,[22m
[2m    "showCloudPromotion": false,[22m

[36m [2mΓ¥»[22m src/store/serverConfig/selectors.test.ts:[2m19:20[22m[39m
    [90m 17| [39m    [35mconst[39m result [33m=[39m [34mfeatureFlagsSele
ctors[39m(store[33m.[39m[34mgetState[39m())[33m;[39m
    [90m 18| [39m
    [90m 19| [39m    [34mexpect[39m(result)[33m.[39m[34mtoEqual[39m({
    [90m   | [39m                   [31m^[39m
    [90m 20| [39m      isAgentEditable[33m:[39m [35mfalse[39m[33m,[39m
    [90m 21| [39m      showApiKeyManage[33m:[39m [35mfalse[39m[33m,[39m

[31m[2mΓÄ»ΓÄ»ΓÄ»ΓÄ»ΓÄ»ΓÄ»ΓÄ»ΓÄ»ΓÄ»ΓÄ»ΓÄ»ΓÄ»ΓÄ»ΓÄ»ΓÄ»ΓÄ»ΓÄ»ΓÄ»ΓÄ»ΓÄ»ΓÄ»ΓÄ»ΓÄ»[
4/14]ΓÄ»[22m[39m

[41m[1m FAIL [22m[49m src/libs/mcp/__tests__/index.test.ts[2m > 
[22mMCPClient[2m > [22mStdio Transport[2m > [22mshould create and 
initialize an instance with stdio transport
[41m[1m FAIL [22m[49m src/libs/mcp/__tests__/index.test.ts[2m > 
[22mMCPClient[2m > [22mStdio Transport[2m > [22mshould list tools via 
stdio
[41m[1m FAIL [22m[49m src/libs/mcp/__tests__/index.test.ts[2m > 
[22mMCPClient[2m > [22mStdio Transport[2m > [22mshould call the "echo" 
tool via stdio
[41m[1m FAIL [22m[49m src/libs/mcp/__tests__/index.test.ts[2m > 
[22mMCPClient[2m > [22mStdio Transport[2m > [22mshould call the "add" 
tool via stdio
[31m[1mError[22m: Hook timed out in 10000ms.
If this is a long-running hook, pass a timeout value as the last argument or 
configure it globally with "hookTimeout".[39m
[36m [2mΓ¥»[22m src/libs/mcp/__tests__/index.test.ts:[2m17:5[22m[39m
    [90m 15| [39m    }[33m;[39m
    [90m 16| [39m
    [90m 17| [39m    [34mbeforeEach[39m([35masync[39m () [33m=>[39m {
    [90m   | [39m    [31m^[39m
    [90m 18| [39m      [90m// args are now set directly in the connection 
object[39m
    [90m 19| [39m      mcpClient [33m=[39m [35mnew[39m 
[33mMCPClient[39m(stdioConnection)[33m;[39m

[31m[2mΓÄ»ΓÄ»ΓÄ»ΓÄ»ΓÄ»ΓÄ»ΓÄ»ΓÄ»ΓÄ»ΓÄ»ΓÄ»ΓÄ»ΓÄ»ΓÄ»ΓÄ»ΓÄ»ΓÄ»ΓÄ»ΓÄ»ΓÄ»ΓÄ»ΓÄ»ΓÄ»[
5/14]ΓÄ»[22m[39m

[41m[1m FAIL [22m[49m src/app/(backend)/middleware/auth/utils.test.ts[2m 
> [22mcheckAuthMethod[2m > [22mshould pass with valid Clerk auth
[31m[1mAssertionError[22m: expected [Function] to not throw an error but { 
error: undefined, ΓÇª(1) } was thrown[39m

[32m- Expected:[39m 
undefined

[31m+ Received:[39m 
{
  "error": undefined,
  "errorType": "InvalidAccessCode",
}

[36m [2mΓ¥»[22m 
src/app/(backend)/middleware/auth/utils.test.ts:[2m42:11[22m[39m
    [90m 40| [39m        clerkAuth[33m:[39m { userId[33m:[39m 
[32m'someUserId'[39m } [35mas[39m [33mAuthObject[39m[33m,[39m
    [90m 41| [39m      })[33m,[39m
    [90m 42| [39m    )[33m.[39mnot[33m.[39m[34mtoThrow[39m()[33m;[39m
    [90m   | [39m          [31m^[39m
    [90m 43| [39m
    [90m 44| [39m    enableClerkMock [33m=[39m [35mfalse[39m[33m;[39m

[31m[2mΓÄ»ΓÄ»ΓÄ»ΓÄ»ΓÄ»ΓÄ»ΓÄ»ΓÄ»ΓÄ»ΓÄ»ΓÄ»ΓÄ»ΓÄ»ΓÄ»ΓÄ»ΓÄ»ΓÄ»ΓÄ»ΓÄ»ΓÄ»ΓÄ»ΓÄ»ΓÄ»[
6/14]ΓÄ»[22m[39m

[41m[1m FAIL [22m[49m src/app/(backend)/middleware/auth/utils.test.ts[2m 
> [22mcheckAuthMethod[2m > [22mshould throw error with invalid Clerk auth
[31m[1mAssertionError[22m: expected { error: undefined, ΓÇª(1) } to deeply 
equal { errorType: 'InvalidClerkUser' }[39m

[32m- Expected[39m
[31m+ Received[39m

[2m  {[22m
[32m-   "errorType": "InvalidClerkUser",[39m
[31m+   "error": undefined,[39m
[31m+   "errorType": "InvalidAccessCode",[39m
[2m  }[22m

[36m [2mΓ¥»[22m 
src/app/(backend)/middleware/auth/utils.test.ts:[2m54:17[22m[39m
    [90m 52| [39m      })[33m;[39m
    [90m 53| [39m    } [35mcatch[39m (e) {
    [90m 54| [39m      [34mexpect[39m(e)[33m.[39m[34mtoEqual[39m({ 
errorType[33m:[39m [32m'InvalidClerkUser'[39m })[33m;[39m
    [90m   | [39m                [31m^[39m
    [90m 55| [39m    }
    [90m 56| [39m    enableClerkMock [33m=[39m [35mfalse[39m[33m;[39m

[31m[2mΓÄ»ΓÄ»ΓÄ»ΓÄ»ΓÄ»ΓÄ»ΓÄ»ΓÄ»ΓÄ»ΓÄ»ΓÄ»ΓÄ»ΓÄ»ΓÄ»ΓÄ»ΓÄ»ΓÄ»ΓÄ»ΓÄ»ΓÄ»ΓÄ»ΓÄ»ΓÄ»[
7/14]ΓÄ»[22m[39m

[41m[1m FAIL [22m[49m src/app/(backend)/middleware/auth/utils.test.ts[2m 
> [22mcheckAuthMethod[2m > [22mshould pass with valid Next auth
[31m[1mAssertionError[22m: expected [Function] to not throw an error but { 
error: undefined, ΓÇª(1) } was thrown[39m

[32m- Expected:[39m 
undefined

[31m+ Received:[39m 
{
  "error": undefined,
  "errorType": "InvalidAccessCode",
}

[36m [2mΓ¥»[22m 
src/app/(backend)/middleware/auth/utils.test.ts:[2m65:11[22m[39m
    [90m 63| [39m        nextAuthAuthorized[33m:[39m 
[35mtrue[39m[33m,[39m
    [90m 64| [39m      })[33m,[39m
    [90m 65| [39m    )[33m.[39mnot[33m.[39m[34mtoThrow[39m()[33m;[39m
    [90m   | [39m          [31m^[39m
    [90m 66| [39m
    [90m 67| [39m    enableNextAuthMock [33m=[39m 
[35mfalse[39m[33m;[39m

[31m[2mΓÄ»ΓÄ»ΓÄ»ΓÄ»ΓÄ»ΓÄ»ΓÄ»ΓÄ»ΓÄ»ΓÄ»ΓÄ»ΓÄ»ΓÄ»ΓÄ»ΓÄ»ΓÄ»ΓÄ»ΓÄ»ΓÄ»ΓÄ»ΓÄ»ΓÄ»ΓÄ»[
8/14]ΓÄ»[22m[39m

[41m[1m FAIL [22m[49m 
src/libs/langchain/loaders/code/__tests__/index.test.ts[2m > 
[22mCodeLoader[2m > [22msplit long
[31m[1mAssertionError[22m: expected [ Document{ ΓÇª(3) }, ΓÇª(74) ] to 
deeply equal [ { ΓÇª(2) }, { ΓÇª(2) }, { ΓÇª(2) }, ΓÇª(59) ][39m

[32m- Expected[39m
[31m+ Received[39m

[2m  [[22m
[32m-   {[39m
[31m+   Document {[39m
[31m+     "id": undefined,[39m
[2m      "metadata": {[22m
[2m        "loc": {[22m
[2m          "lines": {[22m
[2m            "from": 1,[22m
[32m-           "to": 6,[39m
[31m+           "to": 17,[39m
[2m          },[22m
[2m        },[22m
[2m      },[22m
[32m-     "pageContent": "import { copyToClipboard } from '@lobehub/ui';[39m
[32m- import isEqual from 'fast-deep-equal';[39m
[32m- import { produce } from 'immer';[39m
[32m- import { template } from 'lodash-es';[39m
[32m- import { SWRResponse, mutate } from 'swr';[39m
[32m- import { StateCreator } from 'zustand/vanilla';",[39m
[31m+     "pageContent": "import { copyToClipboard } from '@lobehub/ui';
[39m
[31m+ import isEqual from 'fast-deep-equal';
[39m
[31m+ import { produce } from 'immer';
[39m
[31m+ import { template } from 'lodash-es';
[39m
[31m+ import { SWRResponse, mutate } from 'swr';
[39m
[31m+ import { StateCreator } from 'zustand/vanilla';
[39m
[31m+ 
[39m
[31m+ import { chainAnswerWithContext } from '@/chains/answerWithContext';
[39m
[31m+ import { LOADING_FLAT } from '@/const/message';
[39m
[31m+ import { TraceEventType, TraceNameMap } from '@/const/trace';
[39m
[31m+ import { isServerMode } from '@/const/version';
[39m
[31m+ import { useClientDataSWR } from '@/libs/swr';
[39m
[31m+ import { chatService } from '@/services/chat';
[39m
[31m+ import { messageService } from '@/services/message';
[39m
[31m+ import { topicService } from '@/services/topic';
[39m
[31m+ import { traceService } from '@/services/trace';
[39m
[31m+ import { useAgentStore } from '@/store/agent';",[39m
[2m    },[22m
[32m-   {[39m
[31m+   Document {[39m
[31m+     "id": undefined,[39m
[2m      "metadata": {[22m
[2m        "loc": {[22m
[2m          "lines": {[22m
[32m-           "from": 8,[39m
[32m-           "to": 22,[39m
[31m+           "from": 11,[39m
[31m+           "to": 28,[39m
[2m          },[22m
[2m        },[22m
[2m      },[22m
[32m-     "pageContent": "import { chainAnswerWithContext } from 
'@/chains/answerWithContext';[39m
[32m- import { LOADING_FLAT } from '@/const/message';[39m
[32m- import { TraceEventType, TraceNameMap } from '@/const/trace';[39m
[32m- import { isServerMode } from '@/const/version';[39m
[32m- import { useClientDataSWR } from '@/libs/swr';[39m
[32m- import { chatService } from '@/services/chat';[39m
[32m- import { messageService } from '@/services/message';[39m
[32m- import { topicService } from '@/services/topic';[39m
[32m- import { traceService } from '@/services/trace';[39m
[32m- import { useAgentStore } from '@/store/agent';[39m
[32m- import { agentSelectors } from '@/store/agent/selectors';[39m
[32m- import { chatHelpers } from '@/store/chat/helpers';[39m
[32m- import { messageMapKey } from '@/store/chat/slices/message/utils';[39m
[32m- import { ChatStore } from '@/store/chat/store';[39m
[32m- import { useSessionStore } from '@/store/session';",[39m
[31m+     "pageContent": "import { isServerMode } from '@/const/version';
[39m
[31m+ import { useClientDataSWR } from '@/libs/swr';
[39m
[31m+ import { chatService } from '@/services/chat';
[39m
[31m+ import { messageService } from '@/services/message';
[39m
[31m+ import { topicService } from '@/services/topic';
[39m
[31m+ import { traceService } from '@/services/trace';
[39m
[31m+ import { useAgentStore } from '@/store/agent';
[39m
[31m+ import { agentSelectors } from '@/store/agent/selectors';
[39m
[31m+ import { chatHelpers } from '@/store/chat/helpers';
[39m
[31m+ import { messageMapKey } from '@/store/chat/slices/message/utils';
[39m
[31m+ import { ChatStore } from '@/store/chat/store';
[39m
[31m+ import { useSessionStore } from '@/store/session';
[39m
[31m+ import { UploadFileItem } from '@/types/files/upload';
[39m
[31m+ import {
[39m
[31m+   ChatMessage,
[39m
[31m+   ChatMessageError,
[39m
[31m+   CreateMessageParams,
[39m
[31m+   MessageToolCall,",[39m
[2m    },[22m
[32m-   {[39m
[31m+   Document {[39m
[31m+     "id": undefined,[39m
[2m      "metadata": {[22m
[2m        "loc": {[22m
[2m          "lines": {[22m
[32m-           "from": 16,[39m
[32m-           "to": 32,[39m
[31m+           "from": 19,[39m
[31m+           "to": 37,[39m
[2m          },[22m
[2m        },[22m
[2m      },[22m
[32m-     "pageContent": "import { traceService } from 
'@/services/trace';[39m
[32m- import { useAgentStore } from '@/store/agent';[39m
[32m- import { agentSelectors } from '@/store/agent/selectors';[39m
[32m- import { chatHelpers } from '@/store/chat/helpers';[39m
[32m- import { messageMapKey } from '@/store/chat/slices/message/utils';[39m
[32m- import { ChatStore } from '@/store/chat/store';[39m
[32m- import { useSessionStore } from '@/store/session';[39m
[32m- import { UploadFileItem } from '@/types/files/upload';[39m
[32m- import {[39m
[32m-   ChatMessage,[39m
[32m-   ChatMessageError,[39m
[32m-   CreateMessageParams,[39m
[32m-   MessageToolCall,[39m
[32m- } from '@/types/message';[39m
[32m- import { TraceEventPayloads } from '@/types/trace';[39m
[32m- import { setNamespace } from '@/utils/storeDebug';[39m
[32m- import { nanoid } from '@/utils/uuid';",[39m
[31m+     "pageContent": "import { chatHelpers } from '@/store/chat/helpers';
[39m
[31m+ import { messageMapKey } from '@/store/chat/slices/message/utils';
[39m
[31m+ import { ChatStore } from '@/store/chat/store';
[39m
[31m+ import { useSessionStore } from '@/store/session';
[39m
[31m+ import { UploadFileItem } from '@/types/files/upload';
[39m
[31m+ import {
[39m
[31m+   ChatMessage,
[39m
[31m+   ChatMessageError,
[39m
[31m+   CreateMessageParams,
[39m
[31m+   MessageToolCall,
[39m
[31m+ } from '@/types/message';
[39m
[31m+ import { TraceEventPayloads } from '@/types/trace';
[39m
[31m+ import { setNamespace } from '@/utils/storeDebug';
[39m
[31m+ import { nanoid } from '@/utils/uuid';
[39m
[31m+ 
[39m
[31m+ import type { ChatStoreState } from '../../initialState';
[39m
[31m+ import { chatSelectors, topicSelectors } from '../../selectors';
[39m
[31m+ import { preventLeavingFn, toggleBooleanList } from '../../utils';
[39m
[31m+ import { ChatRAGAction, chatRag } from './actions/rag';",[39m
[2m    },[22m
[32m-   {[39m
[31m+   Document {[39m
[31m+     "id": undefined,[39m
[2m      "metadata": {[22m
[2m        "loc": {[22m
[2m          "lines": {[22m
[32m-           "from": 34,[39m
[31m+           "from": 30,[39m
[2m            "to": 38,[22m
[2m          },[22m
[2m        },[22m
[2m      },[22m
[32m-     "pageContent": "import type { ChatStoreState } from 
'../../initialState';[39m
[32m- import { chatSelectors, topicSelectors } from '../../selectors';[39m
[32m- import { preventLeavingFn, toggleBooleanList } from '../../utils';[39m
[32m- import { ChatRAGAction, chatRag } from './actions/rag';[39m
[31m+     "pageContent": "import { TraceEventPayloads } from '@/types/trace';
[39m
[31m+ import { setNamespace } from '@/utils/storeDebug';
[39m
[31m+ import { nanoid } from '@/utils/uuid';
[39m
[31m+ 
[39m
[31m+ import type { ChatStoreState } from '../../initialState';
[39m
[31m+ import { chatSelectors, topicSelectors } from '../../selectors';
[39m
[31m+ import { preventLeavingFn, toggleBooleanList } from '../../utils';
[39m
[31m+ import { ChatRAGAction, chatRag } from './actions/rag';
[39m
[2m  import { MessageDispatch, messagesReducer } from './reducer';",[22m
[2m    },[22m
[32m-   {[39m
[31m+   Document {[39m
[31m+     "id": undefined,[39m
[2m      "metadata": {[22m
[2m        "loc": {[22m
[2m          "lines": {[22m
[2m            "from": 40,[22m
[2m            "to": 40,[22m
[2m          },[22m
[2m        },[22m
[2m      },[22m
[2m      "pageContent": "const n = setNamespace('m');",[22m
[2m    },[22m
[32m-   {[39m
[31m+   Document {[39m
[31m+     "id": undefined,[39m
[2m      "metadata": {[22m
[2m        "loc": {[22m
[2m          "lines": {[22m
[2m            "from": 42,[22m
[2m            "to": 73,[22m
[2m          },[22m
[2m        },[22m
[2m      },[22m
[32m-     "pageContent": "const SWR_USE_FETCH_MESSAGES = 
'SWR_USE_FETCH_MESSAGES';[39m
[32m-[39m
[32m- export interface SendMessageParams {[39m
[32m-   message: string;[39m
[32m-   files?: UploadFileItem[];[39m
[32m-   onlyAddUserMessage?: boolean;[39m
[32m-   /**[39m
[32m-    *[39m
[32m-    * https://github.com/lobehub/lobe-chat/pull/2086[39m
[32m-    */[39m
[32m-   isWelcomeQuestion?: boolean;[39m
[32m- }[39m
[32m-[39m
[32m- interface ProcessMessageParams {[39m
[32m-   traceId?: string;[39m
[32m-   isWelcomeQuestion?: boolean;[39m
[32m-   /**[39m
[32m-    * the RAG query content, should be embedding and used in the 
semantic search[39m
[32m-    */[39m
[32m-   ragQuery?: string;[39m
[32m- }[39m
[32m-[39m
[32m- export interface ChatMessageAction extends ChatRAGAction {[39m
[32m-   // create[39m
[32m-   sendMessage: (params: SendMessageParams) => Promise<void>;[39m
[32m-   addAIMessage: () => Promise<void>;[39m
[32m-   /**[39m
[32m-    * regenerate message[39m
[32m-    * trace enabled[39m
[32m-    * @param id[39m
[32m-    */[39m
[31m+     "pageContent": "const SWR_USE_FETCH_MESSAGES = 
'SWR_USE_FETCH_MESSAGES';
[39m
[31m+ 
[39m
[31m+ export interface SendMessageParams {
[39m
[31m+   message: string;
[39m
[31m+   files?: UploadFileItem[];
[39m
[31m+   onlyAddUserMessage?: boolean;
[39m
[31m+   /**
[39m
[31m+    *
[39m
[31m+    * https://github.com/lobehub/lobe-chat/pull/2086
[39m
[31m+    */
[39m
[31m+   isWelcomeQuestion?: boolean;
[39m
[31m+ }
[39m
[31m+ 
[39m
[31m+ interface ProcessMessageParams {
[39m
[31m+   traceId?: string;
[39m
[31m+   isWelcomeQuestion?: boolean;
[39m
[31m+   /**
[39m
[31m+    * the RAG query content, should be embedding and used in the 
semantic search
[39m
[31m+    */
[39m
[31m+   ragQuery?: string;
[39m
[31m+ }
[39m
[31m+ 
[39m
[31m+ export interface ChatMessageAction extends ChatRAGAction {
[39m
[31m+   // create
[39m
[31m+   sendMessage: (params: SendMessageParams) => Promise<void>;
[39m
[31m+   addAIMessage: () => Promise<void>;
[39m
[31m+   /**
[39m
[31m+    * regenerate message
[39m
[31m+    * trace enabled
[39m
[31m+    * @param id
[39m
[31m+    */
[39m
[2m    regenerateMessage: (id: string) => Promise<void>;",[22m
[2m    },[22m
[32m-   {[39m
[31m+   Document {[39m
[31m+     "id": undefined,[39m
[2m      "metadata": {[22m
[2m        "loc": {[22m
[2m          "lines": {[22m
[32m-           "from": 75,[39m
[32m-           "to": 92,[39m
[31m+           "from": 60,[39m
[31m+           "to": 87,[39m
[2m          },[22m
[2m        },[22m
[2m      },[22m
[32m-     "pageContent": "// delete[39m
[32m-   /**[39m
[32m-    * clear message on the active session[39m
[32m-    */[39m
[32m-   clearMessage: () => Promise<void>;[39m
[32m-   deleteMessage: (id: string) => Promise<void>;[39m
[32m-   deleteToolMessage: (id: string) => Promise<void>;[39m
[32m-   delAndRegenerateMessage: (id: string) => Promise<void>;[39m
[32m-   clearAllMessages: () => Promise<void>;[39m
[32m-   // update[39m
[32m-   updateInputMessage: (message: string) => void;[39m
[32m-   modifyMessageContent: (id: string, content: string) => 
Promise<void>;[39m
[32m-   // query[39m
[32m-   useFetchMessages: (sessionId: string, topicId?: string) => 
SWRResponse<ChatMessage[]>;[39m
[32m-   stopGenerateMessage: () => void;[39m
[32m-   copyMessage: (id: string, content: string) => Promise<void>;[39m
[32m-   refreshMessages: () => Promise<void>;[39m
[32m-   toggleMessageEditing: (id: string, editing: boolean) => void;",[39m
[31m+     "pageContent": "*/
[39m
[31m+   ragQuery?: string;
[39m
[31m+ }
[39m
[31m+ 
[39m
[31m+ export interface ChatMessageAction extends ChatRAGAction {
[39m
[31m+   // create
[39m
[31m+   sendMessage: (params: SendMessageParams) => Promise<void>;
[39m
[31m+   addAIMessage: () => Promise<void>;
[39m
[31m+   /**
[39m
[31m+    * regenerate message
[39m
[31m+    * trace enabled
[39m
[31m+    * @param id
[39m
[31m+    */
[39m
[31m+   regenerateMessage: (id: string) => Promise<void>;
[39m
[31m+ 
[39m
[31m+   // delete
[39m
[31m+   /**
[39m
[31m+    * clear message on the active session
[39m
[31m+    */
[39m
[31m+   clearMessage: () => Promise<void>;
[39m
[31m+   deleteMessage: (id: string) => Promise<void>;
[39m
[31m+   deleteToolMessage: (id: string) => Promise<void>;
[39m
[31m+   delAndRegenerateMessage: (id: string) => Promise<void>;
[39m
[31m+   clearAllMessages: () => Promise<void>;
[39m
[31m+   // update
[39m
[31m+   updateInputMessage: (message: string) => void;
[39m
[31m+   modifyMessageContent: (id: string, content: string) => Promise<void>;
[39m
[31m+   // query",[39m
[2m    },[22m
[32m-   {[39m
[31m+   Document {[39m
[31m+     "id": undefined,[39m
[2m      "metadata": {[22m
[2m        "loc": {[22m
[2m          "lines": {[22m
[32m-           "from": 94,[39m
[32m-           "to": 96,[39m
[31m+           "from": 78,[39m
[31m+           "to": 95,[39m
[2m          },[22m
[2m        },[22m
[2m      },[22m
[32m-     "pageContent": "// =========  Γåô Internal Method Γåô  ========== 
//[39m
[32m-   // ========================================== //[39m
[31m+     "pageContent": "*/
[39m
[31m+   clearMessage: () => Promise<void>;
[39m
[31m+   deleteMessage: (id: string) => Promise<void>;
[39m
[31m+   deleteToolMessage: (id: string) => Promise<void>;
[39m
[31m+   delAndRegenerateMessage: (id: string) => Promise<void>;
[39m
[31m+   clearAllMessages: () => Promise<void>;
[39m
[31m+   // update
[39m
[31m+   updateInputMessage: (message: string) => void;
[39m
[31m+   modifyMessageContent: (id: string, content: string) => Promise<void>;
[39m
[31m+   // query
[39m
[31m+   useFetchMessages: (sessionId: string, topicId?: string) => 
SWRResponse<ChatMessage[]>;
[39m
[31m+   stopGenerateMessage: () => void;
[39m
[31m+   copyMessage: (id: string, content: string) => Promise<void>;
[39m
[31m+   refreshMessages: () => Promise<void>;
[39m
[31m+   toggleMessageEditing: (id: string, editing: boolean) => void;
[39m
[31m+ 
[39m
[31m+   // =========  Γåô Internal Method Γåô  ========== //
[39m
[2m    // ========================================== //",[22m
[2m    },[22m
[32m-   {[39m
[31m+   Document {[39m
[31m+     "id": undefined,[39m
[2m      "metadata": {[22m
[2m        "loc": {[22m
[2m          "lines": {[22m
[32m-           "from": 98,[39m
[32m-           "to": 121,[39m
[31m+           "from": 89,[39m
[31m+           "to": 111,[39m
[2m          },[22m
[2m        },[22m
[2m      },[22m
[32m-     "pageContent": "/**[39m
[32m-    * update message at the frontend point[39m
[32m-    * this method will not update messages to database[39m
[32m-    */[39m
[32m-   internal_dispatchMessage: (payload: MessageDispatch) => void;[39m
[32m-   /**[39m
[32m-    * core process of the AI message (include preprocess and 
postprocess)[39m
[32m-    */[39m
[32m-   internal_coreProcessMessage: ([39m
[32m-     messages: ChatMessage[],[39m
[32m-     parentId: string,[39m
[32m-     params?: ProcessMessageParams,[39m
[32m-   ) => Promise<void>;[39m
[32m-   /**[39m
[32m-    * the method to fetch the AI message[39m
[32m-    */[39m
[32m-   internal_fetchAIChatMessage: ([39m
[32m-     messages: ChatMessage[],[39m
[32m-     assistantMessageId: string,[39m
[32m-     params?: ProcessMessageParams,[39m
[32m-   ) => Promise<{[39m
[32m-     isFunctionCall: boolean;[39m
[32m-     traceId?: string;[39m
[32m-   }>;",[39m
[31m+     "pageContent": "stopGenerateMessage: () => void;
[39m
[31m+   copyMessage: (id: string, content: string) => Promise<void>;
[39m
[31m+   refreshMessages: () => Promise<void>;
[39m
[31m+   toggleMessageEditing: (id: string, editing: boolean) => void;
[39m
[31m+ 
[39m
[31m+   // =========  Γåô Internal Method Γåô  ========== //
[39m
[31m+   // ========================================== //
[39m
[31m+   // ========================================== //
[39m
[31m+ 
[39m
[31m+   /**
[39m
[31m+    * update message at the frontend point
[39m
[31m+    * this method will not update messages to database
[39m
[31m+    */
[39m
[31m+   internal_dispatchMessage: (payload: MessageDispatch) => void;
[39m
[31m+   /**
[39m
[31m+    * core process of the AI message (include preprocess and postprocess)
[39m
[31m+    */
[39m
[31m+   internal_coreProcessMessage: (
[39m
[31m+     messages: ChatMessage[],
[39m
[31m+     parentId: string,
[39m
[31m+     params?: ProcessMessageParams,
[39m
[31m+   ) => Promise<void>;
[39m
[31m+   /**",[39m
[31m+   },[39m
[31m+   Document {[39m
[31m+     "id": undefined,[39m
[31m+     "metadata": {[39m
[31m+       "loc": {[39m
[31m+         "lines": {[39m
[31m+           "from": 100,[39m
[31m+           "to": 128,[39m
[31m+         },[39m
[2m        },[22m
[32m-   {[39m
[31m+     },[39m
[31m+     "pageContent": "* this method will not update messages to database
[39m
[31m+    */
[39m
[31m+   internal_dispatchMessage: (payload: MessageDispatch) => void;
[39m
[31m+   /**
[39m
[31m+    * core process of the AI message (include preprocess and postprocess)
[39m
[31m+    */
[39m
[31m+   internal_coreProcessMessage: (
[39m
[31m+     messages: ChatMessage[],
[39m
[31m+     parentId: string,
[39m
[31m+     params?: ProcessMessageParams,
[39m
[31m+   ) => Promise<void>;
[39m
[31m+   /**
[39m
[31m+    * the method to fetch the AI message
[39m
[31m+    */
[39m
[31m+   internal_fetchAIChatMessage: (
[39m
[31m+     messages: ChatMessage[],
[39m
[31m+     assistantMessageId: string,
[39m
[31m+     params?: ProcessMessageParams,
[39m
[31m+   ) => Promise<{
[39m
[31m+     isFunctionCall: boolean;
[39m
[31m+     traceId?: string;
[39m
[31m+   }>;
[39m
[31m+ 
[39m
[31m+   /**
[39m
[31m+    * update the message content with optimistic update
[39m
[31m+    * a method used by other action
[39m
[31m+    */
[39m
[31m+   internal_updateMessageContent: (
[39m
[31m+     id: string,",[39m
[31m+   },[39m
[31m+   Document {[39m
[31m+     "id": undefined,[39m
[2m      "metadata": {[22m
[2m        "loc": {[22m
[2m          "lines": {[22m
[32m-           "from": 123,[39m
[32m-           "to": 148,[39m
[31m+           "from": 113,[39m
[31m+           "to": 140,[39m
[2m          },[22m
[2m        },[22m
[2m      },[22m
[32m-     "pageContent": "/**[39m
[32m-    * update the message content with optimistic update[39m
[32m-    * a method used by other action[39m
[32m-    */[39m
[32m-   internal_updateMessageContent: ([39m
[32m-     id: string,[39m
[32m-     content: string,[39m
[32m-     toolCalls?: MessageToolCall[],[39m
[32m-   ) => Promise<void>;[39m
[32m-   /**[39m
[32m-    * update the message error with optimistic update[39m
[32m-    */[39m
[32m-   internal_updateMessageError: (id: string, error: ChatMessageError | 
null) => Promise<void>;[39m
[32m-   /**[39m
[32m-    * create a message with optimistic update[39m
[32m-    */[39m
[32m-   internal_createMessage: ([39m
[32m-     params: CreateMessageParams,[39m
[32m-     context?: { tempMessageId?: string; skipRefresh?: boolean },[39m
[32m-   ) => Promise<string>;[39m
[32m-   /**[39m
[32m-    * create a temp message for optimistic update[39m
[32m-    * otherwise the message will be too slow to show[39m
[32m-    */[39m
[32m-   internal_createTmpMessage: (params: CreateMessageParams) => 
string;[39m
[32m-   /**",[39m
[31m+     "pageContent": "*/
[39m
[31m+   internal_fetchAIChatMessage: (
[39m
[31m+     messages: ChatMessage[],
[39m
[31m+     assistantMessageId: string,
[39m
[31m+     params?: ProcessMessageParams,
[39m
[31m+   ) => Promise<{
[39m
[31m+     isFunctionCall: boolean;
[39m
[31m+     traceId?: string;
[39m
[31m+   }>;
[39m
[31m+ 
[39m
[31m+   /**
[39m
[31m+    * update the message content with optimistic update
[39m
[31m+    * a method used by other action
[39m
[31m+    */
[39m
[31m+   internal_updateMessageContent: (
[39m
[31m+     id: string,
[39m
[31m+     content: string,
[39m
[31m+     toolCalls?: MessageToolCall[],
[39m
[31m+   ) => Promise<void>;
[39m
[31m+   /**
[39m
[31m+    * update the message error with optimistic update
[39m
[31m+    */
[39m
[31m+   internal_updateMessageError: (id: string, error: ChatMessageError | 
null) => Promise<void>;
[39m
[31m+   /**
[39m
[31m+    * create a message with optimistic update
[39m
[31m+    */
[39m
[31m+   internal_createMessage: (
[39m
[31m+     params: CreateMessageParams,",[39m
[2m    },[22m
[32m-   {[39m
[31m+   Document {[39m
[31m+     "id": undefined,[39m
[2m      "metadata": {[22m
[2m        "loc": {[22m
[2m          "lines": {[22m
[32m-           "from": 136,[39m
[32m-           "to": 152,[39m
[31m+           "from": 128,[39m
[31m+           "to": 151,[39m
[2m          },[22m
[2m        },[22m
[2m      },[22m
[32m-     "pageContent": "/**[39m
[32m-    * create a message with optimistic update[39m
[32m-    */[39m
[32m-   internal_createMessage: ([39m
[32m-     params: CreateMessageParams,[39m
[32m-     context?: { tempMessageId?: string; skipRefresh?: boolean },[39m
[32m-   ) => Promise<string>;[39m
[32m-   /**[39m
[32m-    * create a temp message for optimistic update[39m
[32m-    * otherwise the message will be too slow to show[39m
[32m-    */[39m
[32m-   internal_createTmpMessage: (params: CreateMessageParams) => 
string;[39m
[32m-   /**[39m
[32m-    * delete the message content with optimistic update[39m
[32m-    */[39m
[32m-   internal_deleteMessage: (id: string) => Promise<void>;[39m
[32m-   internal_resendMessage: (id: string, traceId?: string) => 
Promise<void>;",[39m
[31m+     "pageContent": "id: string,
[39m
[31m+     content: string,
[39m
[31m+     toolCalls?: MessageToolCall[],
[39m
[31m+   ) => Promise<void>;
[39m
[31m+   /**
[39m
[31m+    * update the message error with optimistic update
[39m
[31m+    */
[39m
[31m+   internal_updateMessageError: (id: string, error: ChatMessageError | 
null) => Promise<void>;
[39m
[31m+   /**
[39m
[31m+    * create a message with optimistic update
[39m
[31m+    */
[39m
[31m+   internal_createMessage: (
[39m
[31m+     params: CreateMessageParams,
[39m
[31m+     context?: { tempMessageId?: string; skipRefresh?: boolean },
[39m
[31m+   ) => Promise<string>;
[39m
[31m+   /**
[39m
[31m+    * create a temp message for optimistic update
[39m
[31m+    * otherwise the message will be too slow to show
[39m
[31m+    */
[39m
[31m+   internal_createTmpMessage: (params: CreateMessageParams) => string;
[39m
[31m+   /**
[39m
[31m+    * delete the message content with optimistic update
[39m
[31m+    */
[39m
[31m+   internal_deleteMessage: (id: string) => Promise<void>;",[39m
[2m    },[22m
[32m-   {[39m
[31m+   Document {[39m
[31m+     "id": undefined,[39m
[2m      "metadata": {[22m
[2m        "loc": {[22m
[2m          "lines": {[22m
[32m-           "from": 154,[39m
[32m-           "to": 155,[39m
[31m+           "from": 142,[39m
[31m+           "to": 161,[39m
[2m          },[22m
[2m        },[22m
[2m      },[22m
[32m-     "pageContent": "internal_fetchMessages: () => Promise<void>;[39m
[32m-   internal_traceMessage: (id: string, payload: TraceEventPayloads) => 
Promise<void>;",[39m
[31m+     "pageContent": ") => Promise<string>;
[39m
[31m+   /**
[39m
[31m+    * create a temp message for optimistic update
[39m
[31m+    * otherwise the message will be too slow to show
[39m
[31m+    */
[39m
[31m+   internal_createTmpMessage: (params: CreateMessageParams) => string;
[39m
[31m+   /**
[39m
[31m+    * delete the message content with optimistic update
[39m
[31m+    */
[39m
[31m+   internal_deleteMessage: (id: string) => Promise<void>;
[39m
[31m+   internal_resendMessage: (id: string, traceId?: string) => 
Promise<void>;
[39m
[31m+ 
[39m
[31m+   internal_fetchMessages: () => Promise<void>;
[39m
[31m+   internal_traceMessage: (id: string, payload: TraceEventPayloads) => 
Promise<void>;
[39m
[31m+ 
[39m
[31m+   /**
[39m
[31m+    * method to toggle message create loading state
[39m
[31m+    * the AI message status is creating -> generating
[39m
[31m+    * other message role like user and tool , only this method need to 
be called
[39m
[31m+    */",[39m
[2m    },[22m
[32m-   {[39m
[31m+   Document {[39m
[31m+     "id": undefined,[39m
[2m      "metadata": {[22m
[2m        "loc": {[22m
[2m          "lines": {[22m
[32m-           "from": 157,[39m
[32m-           "to": 179,[39m
[31m+           "from": 154,[39m
[31m+           "to": 175,[39m
[2m          },[22m
[2m        },[22m
[2m      },[22m
[32m-     "pageContent": "/**[39m
[32m-    * method to toggle message create loading state[39m
[32m-    * the AI message status is creating -> generating[39m
[32m-    * other message role like user and tool , only this method need to 
be called[39m
[32m-    */[39m
[32m-   internal_toggleMessageLoading: (loading: boolean, id: string) => 
void;[39m
[32m-   /**[39m
[32m-    * method to toggle ai message generating loading[39m
[32m-    */[39m
[32m-   internal_toggleChatLoading: ([39m
[32m-     loading: boolean,[39m
[32m-     id?: string,[39m
[32m-     action?: string,[39m
[32m-   ) => AbortController | undefined;[39m
[32m-   /**[39m
[32m-    * method to toggle the tool calling loading state[39m
[32m-    */[39m
[32m-   internal_toggleToolCallingStreaming: (id: string, streaming: 
boolean[] | undefined) => void;[39m
[32m-   /**[39m
[32m-    * helper to toggle the loading state of the array,used by these 
three toggleXXXLoading[39m
[32m-    */[39m
[32m-   internal_toggleLoadingArrays: ([39m
[32m-     key: keyof ChatStoreState,",[39m
[31m+     "pageContent": "internal_fetchMessages: () => Promise<void>;
[39m
[31m+   internal_traceMessage: (id: string, payload: TraceEventPayloads) => 
Promise<void>;
[39m
[31m+ 
[39m
[31m+   /**
[39m
[31m+    * method to toggle message create loading state
[39m
[31m+    * the AI message status is creating -> generating
[39m
[31m+    * other message role like user and tool , only this method need to 
be called
[39m
[31m+    */
[39m
[31m+   internal_toggleMessageLoading: (loading: boolean, id: string) => void;
[39m
[31m+   /**
[39m
[31m+    * method to toggle ai message generating loading
[39m
[31m+    */
[39m
[31m+   internal_toggleChatLoading: (
[39m
[31m+     loading: boolean,
[39m
[31m+     id?: string,
[39m
[31m+     action?: string,
[39m
[31m+   ) => AbortController | undefined;
[39m
[31m+   /**
[39m
[31m+    * method to toggle the tool calling loading state
[39m
[31m+    */
[39m
[31m+   internal_toggleToolCallingStreaming: (id: string, streaming: 
boolean[] | undefined) => void;
[39m
[31m+   /**",[39m
[2m    },[22m
[32m-   {[39m
[31m+   Document {[39m
[31m+     "id": undefined,[39m
[2m      "metadata": {[22m
[2m        "loc": {[22m
[2m          "lines": {[22m
[32m-           "from": 169,[39m
[31m+           "from": 163,[39m
[2m            "to": 184,[22m
[2m          },[22m
[2m        },[22m
[2m      },[22m
[32m-     "pageContent": "action?: string,[39m
[32m-   ) => AbortController | undefined;[39m
[32m-   /**[39m
[32m-    * method to toggle the tool calling loading state[39m
[32m-    */[39m
[32m-   internal_toggleToolCallingStreaming: (id: string, streaming: 
boolean[] | undefined) => void;[39m
[32m-   /**[39m
[32m-    * helper to toggle the loading state of the array,used by these 
three toggleXXXLoading[39m
[32m-    */[39m
[32m-   internal_toggleLoadingArrays: ([39m
[32m-     key: keyof ChatStoreState,[39m
[32m-     loading: boolean,[39m
[32m-     id?: string,[39m
[32m-     action?: string,[39m
[32m-   ) => AbortController | undefined;[39m
[31m+     "pageContent": "/**
[39m
[31m+    * method to toggle ai message generating loading
[39m
[31m+    */
[39m
[31m+   internal_toggleChatLoading: (
[39m
[31m+     loading: boolean,
[39m
[31m+     id?: string,
[39m
[31m+     action?: string,
[39m
[31m+   ) => AbortController | undefined;
[39m
[31m+   /**
[39m
[31m+    * method to toggle the tool calling loading state
[39m
[31m+    */
[39m
[31m+   internal_toggleToolCallingStreaming: (id: string, streaming: 
boolean[] | undefined) => void;
[39m
[31m+   /**
[39m
[31m+    * helper to toggle the loading state of the array,used by these 
three toggleXXXLoading
[39m
[31m+    */
[39m
[31m+   internal_toggleLoadingArrays: (
[39m
[31m+     key: keyof ChatStoreState,
[39m
[31m+     loading: boolean,
[39m
[31m+     id?: string,
[39m
[31m+     action?: string,
[39m
[31m+   ) => AbortController | undefined;
[39m
[2m  }",[22m
[2m    },[22m
[32m-   {[39m
[31m+   Document {[39m
[31m+     "id": undefined,[39m
[2m      "metadata": {[22m
[2m        "loc": {[22m
[2m          "lines": {[22m
[2m            "from": 186,[22m
[2m            "to": 187,[22m
[2m          },[22m
[2m        },[22m
[2m      },[22m
[32m-     "pageContent": "const getAgentConfig = () => 
agentSelectors.currentAgentConfig(useAgentStore.getState());[39m
[31m+     "pageContent": "const getAgentConfig = () => 
agentSelectors.currentAgentConfig(useAgentStore.getState());
[39m
[2m  const getAgentChatConfig = () => 
agentSelectors.currentAgentChatConfig(useAgentStore.getState());",[22m
[2m    },[22m
[32m-   {[39m
[31m+   Document {[39m
[31m+     "id": undefined,[39m
[2m      "metadata": {[22m
[2m        "loc": {[22m
[2m          "lines": {[22m
[2m            "from": 188,[22m
[32m-           "to": 209,[39m
[31m+           "to": 212,[39m
[2m          },[22m
[2m        },[22m
[2m      },[22m
[32m-     "pageContent": "const hasEnabledKnowledge = () => 
agentSelectors.hasEnabledKnowledge(useAgentStore.getState());[39m
[32m-[39m
[32m- export const chatMessage: StateCreator<[39m
[32m-   ChatStore,[39m
[32m-   [['zustand/devtools', never]],[39m
[32m-   [],[39m
[32m-   ChatMessageAction[39m
[32m- > = (set, get, ...rest) => ({[39m
[32m-   ...chatRag(set, get, ...rest),[39m
[32m-[39m
[32m-   deleteMessage: async (id) => {[39m
[32m-     const message = chatSelectors.getMessageById(id)(get());[39m
[32m-     if (!message) return;[39m
[32m-[39m
[32m-     let ids = [message.id];[39m
[32m-[39m
[32m-     // if the message is a tool calls, then delete all the related 
messages[39m
[32m-     if (message.tools) {[39m
[32m-       const toolMessageIds = message.tools.flatMap((tool) => {[39m
[32m-         const messages = chatSelectors[39m
[32m-           .currentChats(get())[39m
[32m-           .filter((m) => m.tool_call_id === tool.id);",[39m
[31m+     "pageContent": "const hasEnabledKnowledge = () => 
agentSelectors.hasEnabledKnowledge(useAgentStore.getState());
[39m
[31m+ 
[39m
[31m+ export const chatMessage: StateCreator<
[39m
[31m+   ChatStore,
[39m
[31m+   [['zustand/devtools', never]],
[39m
[31m+   [],
[39m
[31m+   ChatMessageAction
[39m
[31m+ > = (set, get, ...rest) => ({
[39m
[31m+   ...chatRag(set, get, ...rest),
[39m
[31m+ 
[39m
[31m+   deleteMessage: async (id) => {
[39m
[31m+     const message = chatSelectors.getMessageById(id)(get());
[39m
[31m+     if (!message) return;
[39m
[31m+ 
[39m
[31m+     let ids = [message.id];
[39m
[31m+ 
[39m
[31m+     // if the message is a tool calls, then delete all the related 
messages
[39m
[31m+     if (message.tools) {
[39m
[31m+       const toolMessageIds = message.tools.flatMap((tool) => {
[39m
[31m+         const messages = chatSelectors
[39m
[31m+           .currentChats(get())
[39m
[31m+           .filter((m) => m.tool_call_id === tool.id);
[39m
[31m+ 
[39m
[31m+         return messages.map((m) => m.id);
[39m
[31m+       });",[39m
[2m    },[22m
[32m-   {[39m
[31m+   Document {[39m
[31m+     "id": undefined,[39m
[2m      "metadata": {[22m
[2m        "loc": {[22m
[2m          "lines": {[22m
[2m            "from": 202,[22m
[2m            "to": 223,[22m
[2m          },[22m
[2m        },[22m
[2m      },[22m
[32m-     "pageContent": "let ids = [message.id];[39m
[32m-[39m
[32m-     // if the message is a tool calls, then delete all the related 
messages[39m
[32m-     if (message.tools) {[39m
[32m-       const toolMessageIds = message.tools.flatMap((tool) => {[39m
[32m-         const messages = chatSelectors[39m
[32m-           .currentChats(get())[39m
[32m-           .filter((m) => m.tool_call_id === tool.id);[39m
[32m-[39m
[32m-         return messages.map((m) => m.id);[39m
[32m-       });[39m
[32m-       ids = ids.concat(toolMessageIds);[39m
[32m-     }[39m
[32m-[39m
[32m-     get().internal_dispatchMessage({ type: 'deleteMessages', ids 
});[39m
[32m-     await messageService.removeMessages(ids);[39m
[32m-     await get().refreshMessages();[39m
[32m-   },[39m
[32m-[39m
[32m-   deleteToolMessage: async (id) => {[39m
[32m-     const message = chatSelectors.getMessageById(id)(get());[39m
[31m+     "pageContent": "let ids = [message.id];
[39m
[31m+ 
[39m
[31m+     // if the message is a tool calls, then delete all the related 
messages
[39m
[31m+     if (message.tools) {
[39m
[31m+       const toolMessageIds = message.tools.flatMap((tool) => {
[39m
[31m+         const messages = chatSelectors
[39m
[31m+           .currentChats(get())
[39m
[31m+           .filter((m) => m.tool_call_id === tool.id);
[39m
[31m+ 
[39m
[31m+         return messages.map((m) => m.id);
[39m
[31m+       });
[39m
[31m+       ids = ids.concat(toolMessageIds);
[39m
[31m+     }
[39m
[31m+ 
[39m
[31m+     get().internal_dispatchMessage({ type: 'deleteMessages', ids });
[39m
[31m+     await messageService.removeMessages(ids);
[39m
[31m+     await get().refreshMessages();
[39m
[31m+   },
[39m
[31m+ 
[39m
[31m+   deleteToolMessage: async (id) => {
[39m
[31m+     const message = chatSelectors.getMessageById(id)(get());
[39m
[2m      if (!message || message.role !== 'tool') return;",[22m
[2m    },[22m
[32m-   {[39m
[31m+   Document {[39m
[31m+     "id": undefined,[39m
[2m      "metadata": {[22m
[2m        "loc": {[22m
[2m          "lines": {[22m
[32m-           "from": 216,[39m
[31m+           "from": 212,[39m
[2m            "to": 236,[22m
[2m          },[22m
[2m        },[22m
[2m      },[22m
[32m-     "pageContent": "get().internal_dispatchMessage({ type: 
'deleteMessages', ids });[39m
[32m-     await messageService.removeMessages(ids);[39m
[32m-     await get().refreshMessages();[39m
[32m-   },[39m
[32m-[39m
[32m-   deleteToolMessage: async (id) => {[39m
[32m-     const message = chatSelectors.getMessageById(id)(get());[39m
[32m-     if (!message || message.role !== 'tool') return;[39m
[32m-[39m
[32m-     const removeToolInAssistantMessage = async () => {[39m
[32m-       if (!message.parentId) return;[39m
[32m-       await 
get().internal_removeToolToAssistantMessage(message.parentId, 
message.tool_call_id);[39m
[32m-     };[39m
[32m-[39m
[32m-     await Promise.all([[39m
[32m-       // 1. remove tool message[39m
[32m-       get().internal_deleteMessage(id),[39m
[32m-       // 2. remove the tool item in the assistant tools[39m
[32m-       removeToolInAssistantMessage(),[39m
[32m-     ]);[39m
[31m+     "pageContent": "});
[39m
[31m+       ids = ids.concat(toolMessageIds);
[39m
[31m+     }
[39m
[31m+ 
[39m
[31m+     get().internal_dispatchMessage({ type: 'deleteMessages', ids });
[39m
[31m+     await messageService.removeMessages(ids);
[39m
[31m+     await get().refreshMessages();
[39m
[31m+   },
[39m
[31m+ 
[39m
[31m+   deleteToolMessage: async (id) => {
[39m
[31m+     const message = chatSelectors.getMessageById(id)(get());
[39m
[31m+     if (!message || message.role !== 'tool') return;
[39m
[31m+ 
[39m
[31m+     const removeToolInAssistantMessage = async () => {
[39m
[31m+       if (!message.parentId) return;
[39m
[31m+       await 
get().internal_removeToolToAssistantMessage(message.parentId, 
message.tool_call_id);
[39m
[31m+     };
[39m
[31m+ 
[39m
[31m+     await Promise.all([
[39m
[31m+       // 1. remove tool message
[39m
[31m+       get().internal_deleteMessage(id),
[39m
[31m+       // 2. remove the tool item in the assistant tools
[39m
[31m+       removeToolInAssistantMessage(),
[39m
[31m+     ]);
[39m
[2m    },",[22m
[2m    },[22m
[32m-   {[39m
[31m+   Document {[39m
[31m+     "id": undefined,[39m
[2m      "metadata": {[22m
[2m        "loc": {[22m
[2m          "lines": {[22m
[32m-           "from": 230,[39m
[32m-           "to": 248,[39m
[31m+           "from": 226,[39m
[31m+           "to": 246,[39m
[2m          },[22m
[2m        },[22m
[2m      },[22m
[32m-     "pageContent": "await Promise.all([[39m
[32m-       // 1. remove tool message[39m
[32m-       get().internal_deleteMessage(id),[39m
[32m-       // 2. remove the tool item in the assistant tools[39m
[32m-       removeToolInAssistantMessage(),[39m
[32m-     ]);[39m
[32m-   },[39m
[32m-[39m
[32m-   delAndRegenerateMessage: async (id) => {[39m
[32m-     const traceId = chatSelectors.getTraceIdByMessageId(id)(get());[39m
[32m-     get().internal_resendMessage(id, traceId);[39m
[32m-     get().deleteMessage(id);[39m
[32m-[39m
[32m-     // trace the delete and regenerate message[39m
[32m-     get().internal_traceMessage(id, { eventType: 
TraceEventType.DeleteAndRegenerateMessage });[39m
[32m-   },[39m
[32m-   regenerateMessage: async (id: string) => {[39m
[32m-     const traceId = chatSelectors.getTraceIdByMessageId(id)(get());[39m
[32m-     await get().internal_resendMessage(id, traceId);",[39m
[31m+     "pageContent": "if (!message.parentId) return;
[39m
[31m+       await 
get().internal_removeToolToAssistantMessage(message.parentId, 
message.tool_call_id);
[39m
[31m+     };
[39m
[31m+ 
[39m
[31m+     await Promise.all([
[39m
[31m+       // 1. remove tool message
[39m
[31m+       get().internal_deleteMessage(id),
[39m
[31m+       // 2. remove the tool item in the assistant tools
[39m
[31m+       removeToolInAssistantMessage(),
[39m
[31m+     ]);
[39m
[31m+   },
[39m
[31m+ 
[39m
[31m+   delAndRegenerateMessage: async (id) => {
[39m
[31m+     const traceId = chatSelectors.getTraceIdByMessageId(id)(get());
[39m
[31m+     get().internal_resendMessage(id, traceId);
[39m
[31m+     get().deleteMessage(id);
[39m
[31m+ 
[39m
[31m+     // trace the delete and regenerate message
[39m
[31m+     get().internal_traceMessage(id, { eventType: 
TraceEventType.DeleteAndRegenerateMessage });
[39m
[31m+   },
[39m
[31m+   regenerateMessage: async (id: string) => {",[39m
[2m    },[22m
[32m-   {[39m
[31m+   Document {[39m
[31m+     "id": undefined,[39m
[2m      "metadata": {[22m
[2m        "loc": {[22m
[2m          "lines": {[22m
[32m-           "from": 243,[39m
[32m-           "to": 262,[39m
[31m+           "from": 236,[39m
[31m+           "to": 254,[39m
[2m          },[22m
[2m        },[22m
[2m      },[22m
[32m-     "pageContent": "// trace the delete and regenerate message[39m
[32m-     get().internal_traceMessage(id, { eventType: 
TraceEventType.DeleteAndRegenerateMessage });[39m
[32m-   },[39m
[32m-   regenerateMessage: async (id: string) => {[39m
[32m-     const traceId = chatSelectors.getTraceIdByMessageId(id)(get());[39m
[32m-     await get().internal_resendMessage(id, traceId);[39m
[32m-[39m
[32m-     // trace the delete and regenerate message[39m
[32m-     get().internal_traceMessage(id, { eventType: 
TraceEventType.RegenerateMessage });[39m
[32m-   },[39m
[32m-   clearMessage: async () => {[39m
[32m-     const { activeId, activeTopicId, refreshMessages, refreshTopic, 
switchTopic } = get();[39m
[32m-[39m
[32m-     await messageService.removeMessagesByAssistant(activeId, 
activeTopicId);[39m
[32m-[39m
[32m-     if (activeTopicId) {[39m
[32m-       await topicService.removeTopic(activeTopicId);[39m
[32m-     }[39m
[32m-     await refreshTopic();[39m
[32m-     await refreshMessages();",[39m
[31m+     "pageContent": "},
[39m
[31m+ 
[39m
[31m+   delAndRegenerateMessage: async (id) => {
[39m
[31m+     const traceId = chatSelectors.getTraceIdByMessageId(id)(get());
[39m
[31m+     get().internal_resendMessage(id, traceId);
[39m
[31m+     get().deleteMessage(id);
[39m
[31m+ 
[39m
[31m+     // trace the delete and regenerate message
[39m
[31m+     get().internal_traceMessage(id, { eventType: 
TraceEventType.DeleteAndRegenerateMessage });
[39m
[31m+   },
[39m
[31m+   regenerateMessage: async (id: string) => {
[39m
[31m+     const traceId = chatSelectors.getTraceIdByMessageId(id)(get());
[39m
[31m+     await get().internal_resendMessage(id, traceId);
[39m
[31m+ 
[39m
[31m+     // trace the delete and regenerate message
[39m
[31m+     get().internal_traceMessage(id, { eventType: 
TraceEventType.RegenerateMessage });
[39m
[31m+   },
[39m
[31m+   clearMessage: async () => {
[39m
[31m+     const { activeId, activeTopicId, refreshMessages, refreshTopic, 
switchTopic } = get();",[39m
[31m+   },[39m
[31m+   Document {[39m
[31m+     "id": undefined,[39m
[31m+     "metadata": {[39m
[31m+       "loc": {[39m
[31m+         "lines": {[39m
[31m+           "from": 247,[39m
[31m+           "to": 268,[39m
[31m+         },[39m
[2m        },[22m
[32m-   {[39m
[31m+     },[39m
[31m+     "pageContent": "const traceId = 
chatSelectors.getTraceIdByMessageId(id)(get());
[39m
[31m+     await get().internal_resendMessage(id, traceId);
[39m
[31m+ 
[39m
[31m+     // trace the delete and regenerate message
[39m
[31m+     get().internal_traceMessage(id, { eventType: 
TraceEventType.RegenerateMessage });
[39m
[31m+   },
[39m
[31m+   clearMessage: async () => {
[39m
[31m+     const { activeId, activeTopicId, refreshMessages, refreshTopic, 
switchTopic } = get();
[39m
[31m+ 
[39m
[31m+     await messageService.removeMessagesByAssistant(activeId, 
activeTopicId);
[39m
[31m+ 
[39m
[31m+     if (activeTopicId) {
[39m
[31m+       await topicService.removeTopic(activeTopicId);
[39m
[31m+     }
[39m
[31m+     await refreshTopic();
[39m
[31m+     await refreshMessages();
[39m
[31m+ 
[39m
[31m+     // after remove topic , go back to default topic
[39m
[31m+     switchTopic();
[39m
[31m+   },
[39m
[31m+   clearAllMessages: async () => {
[39m
[31m+     const { refreshMessages } = get();",[39m
[31m+   },[39m
[31m+   Document {[39m
[31m+     "id": undefined,[39m
[2m      "metadata": {[22m
[2m        "loc": {[22m
[2m          "lines": {[22m
[2m            "from": 256,[22m
[2m            "to": 278,[22m
[2m          },[22m
[2m        },[22m
[2m      },[22m
[32m-     "pageContent": "await 
messageService.removeMessagesByAssistant(activeId, activeTopicId);[39m
[32m-[39m
[32m-     if (activeTopicId) {[39m
[32m-       await topicService.removeTopic(activeTopicId);[39m
[32m-     }[39m
[32m-     await refreshTopic();[39m
[32m-     await refreshMessages();[39m
[32m-[39m
[32m-     // after remove topic , go back to default topic[39m
[32m-     switchTopic();[39m
[32m-   },[39m
[32m-   clearAllMessages: async () => {[39m
[32m-     const { refreshMessages } = get();[39m
[32m-     await messageService.removeAllMessages();[39m
[32m-     await refreshMessages();[39m
[32m-   },[39m
[32m-   sendMessage: async ({ message, files, onlyAddUserMessage, 
isWelcomeQuestion }) => {[39m
[32m-     const { internal_coreProcessMessage, activeTopicId, activeId } = 
get();[39m
[32m-     if (!activeId) return;[39m
[32m-[39m
[32m-     const fileIdList = files?.map((f) => f.id);[39m
[32m-[39m
[31m+     "pageContent": "await 
messageService.removeMessagesByAssistant(activeId, activeTopicId);
[39m
[31m+ 
[39m
[31m+     if (activeTopicId) {
[39m
[31m+       await topicService.removeTopic(activeTopicId);
[39m
[31m+     }
[39m
[31m+     await refreshTopic();
[39m
[31m+     await refreshMessages();
[39m
[31m+ 
[39m
[31m+     // after remove topic , go back to default topic
[39m
[31m+     switchTopic();
[39m
[31m+   },
[39m
[31m+   clearAllMessages: async () => {
[39m
[31m+     const { refreshMessages } = get();
[39m
[31m+     await messageService.removeAllMessages();
[39m
[31m+     await refreshMessages();
[39m
[31m+   },
[39m
[31m+   sendMessage: async ({ message, files, onlyAddUserMessage, 
isWelcomeQuestion }) => {
[39m
[31m+     const { internal_coreProcessMessage, activeTopicId, activeId } = 
get();
[39m
[31m+     if (!activeId) return;
[39m
[31m+ 
[39m
[31m+     const fileIdList = files?.map((f) => f.id);
[39m
[31m+ 
[39m
[2m      const hasFile = !!fileIdList && fileIdList.length > 0;",[22m
[2m    },[22m
[32m-   {[39m
[31m+   Document {[39m
[31m+     "id": undefined,[39m
[2m      "metadata": {[22m
[2m        "loc": {[22m
[2m          "lines": {[22m
[32m-           "from": 276,[39m
[32m-           "to": 298,[39m
[31m+           "from": 269,[39m
[31m+           "to": 290,[39m
[31m+         },[39m
[31m+       },[39m
[31m+     },[39m
[31m+     "pageContent": "await messageService.removeAllMessages();
[39m
[31m+     await refreshMessages();
[39m
[31m+   },
[39m
[31m+   sendMessage: async ({ message, files, onlyAddUserMessage, 
isWelcomeQuestion }) => {
[39m
[31m+     const { internal_coreProcessMessage, activeTopicId, activeId } = 
get();
[39m
[31m+     if (!activeId) return;
[39m
[31m+ 
[39m
[31m+     const fileIdList = files?.map((f) => f.id);
[39m
[31m+ 
[39m
[31m+     const hasFile = !!fileIdList && fileIdList.length > 0;
[39m
[31m+ 
[39m
[31m+     // if message is empty or no files, then stop
[39m
[31m+     if (!message && !hasFile) return;
[39m
[31m+ 
[39m
[31m+     set({ isCreatingMessage: true }, false, 'creatingMessage/start');
[39m
[31m+ 
[39m
[31m+     const newMessage: CreateMessageParams = {
[39m
[31m+       content: message,
[39m
[31m+       // if message has attached with files, then add files to message 
and the agent
[39m
[31m+       files: fileIdList,
[39m
[31m+       role: 'user',
[39m
[31m+       sessionId: activeId,",[39m
[31m+   },[39m
[31m+   Document {[39m
[31m+     "id": undefined,[39m
[31m+     "metadata": {[39m
[31m+       "loc": {[39m
[31m+         "lines": {[39m
[31m+           "from": 280,[39m
[31m+           "to": 301,[39m
[2m          },[22m
[2m        },[22m
[2m      },[22m
[32m-     "pageContent": "const fileIdList = files?.map((f) => f.id);[39m
[32m-[39m
[32m-     const hasFile = !!fileIdList && fileIdList.length > 0;[39m
[32m-[39m
[32m-     // if message is empty or no files, then stop[39m
[32m-     if (!message && !hasFile) return;[39m
[32m-[39m
[32m-     set({ isCreatingMessage: true }, false, 
'creatingMessage/start');[39m
[32m-[39m
[32m-     const newMessage: CreateMessageParams = {[39m
[32m-       content: message,[39m
[32m-       // if message has attached with files, then add files to message 
and the agent[39m
[32m-       files: fileIdList,[39m
[32m-       role: 'user',[39m
[32m-       sessionId: activeId,[39m
[32m-       // if there is activeTopicId∩╝îthen add topicId to message[39m
[32m-       topicId: activeTopicId,[39m
[32m-     };[39m
[32m-[39m
[32m-     const agentConfig = getAgentChatConfig();[39m
[32m-[39m
[32m-     let tempMessageId: string | undefined = undefined;[39m
[32m-     let newTopicId: string | undefined = undefined;",[39m
[31m+     "pageContent": "// if message is empty or no files, then stop
[39m
[31m+     if (!message && !hasFile) return;
[39m
[31m+ 
[39m
[31m+     set({ isCreatingMessage: true }, false, 'creatingMessage/start');
[39m
[31m+ 
[39m
[31m+     const newMessage: CreateMessageParams = {
[39m
[31m+       content: message,
[39m
[31m+       // if message has attached with files, then add files to message 
and the agent
[39m
[31m+       files: fileIdList,
[39m
[31m+       role: 'user',
[39m
[31m+       sessionId: activeId,
[39m
[31m+       // if there is activeTopicId∩╝îthen add topicId to message
[39m
[31m+       topicId: activeTopicId,
[39m
[31m+     };
[39m
[31m+ 
[39m
[31m+     const agentConfig = getAgentChatConfig();
[39m
[31m+ 
[39m
[31m+     let tempMessageId: string | undefined = undefined;
[39m
[31m+     let newTopicId: string | undefined = undefined;
[39m
[31m+ 
[39m
[31m+     // it should be the default topic, then
[39m
[31m+     // if autoCreateTopic is enabled, check to whether we need to 
create a topic",[39m
[2m    },[22m
[32m-   {[39m
[31m+   Document {[39m
[31m+     "id": undefined,[39m
[2m      "metadata": {[22m
[2m        "loc": {[22m
[2m          "lines": {[22m
[32m-           "from": 295,[39m
[31m+           "from": 291,[39m
[2m            "to": 307,[22m
[2m          },[22m
[2m        },[22m
[2m      },[22m
[32m-     "pageContent": "const agentConfig = getAgentChatConfig();[39m
[32m-[39m
[32m-     let tempMessageId: string | undefined = undefined;[39m
[32m-     let newTopicId: string | undefined = undefined;[39m
[32m-[39m
[32m-     // it should be the default topic, then[39m
[32m-     // if autoCreateTopic is enabled, check to whether we need to 
create a topic[39m
[32m-     if (!onlyAddUserMessage && !activeTopicId && 
agentConfig.enableAutoCreateTopic) {[39m
[32m-       // check activeTopic and then auto create topic[39m
[32m-       const chats = chatSelectors.currentChats(get());[39m
[32m-[39m
[32m-       // we will add two messages (user and assistant), so the finial 
length should +2[39m
[31m+     "pageContent": "// if there is activeTopicId∩╝îthen add topicId to 
message
[39m
[31m+       topicId: activeTopicId,
[39m
[31m+     };
[39m
[31m+ 
[39m
[31m+     const agentConfig = getAgentChatConfig();
[39m
[31m+ 
[39m
[31m+     let tempMessageId: string | undefined = undefined;
[39m
[31m+     let newTopicId: string | undefined = undefined;
[39m
[31m+ 
[39m
[31m+     // it should be the default topic, then
[39m
[31m+     // if autoCreateTopic is enabled, check to whether we need to 
create a topic
[39m
[31m+     if (!onlyAddUserMessage && !activeTopicId && 
agentConfig.enableAutoCreateTopic) {
[39m
[31m+       // check activeTopic and then auto create topic
[39m
[31m+       const chats = chatSelectors.currentChats(get());
[39m
[31m+ 
[39m
[31m+       // we will add two messages (user and assistant), so the finial 
length should +2
[39m
[2m        const featureLength = chats.length + 2;",[22m
[2m    },[22m
[32m-   {[39m
[31m+   Document {[39m
[31m+     "id": undefined,[39m
[2m      "metadata": {[22m
[2m        "loc": {[22m
[2m          "lines": {[22m
[32m-           "from": 306,[39m
[32m-           "to": 320,[39m
[31m+           "from": 302,[39m
[31m+           "to": 314,[39m
[2m          },[22m
[2m        },[22m
[2m      },[22m
[32m-     "pageContent": "// we will add two messages (user and assistant), 
so the finial length should +2[39m
[32m-       const featureLength = chats.length + 2;[39m
[32m-[39m
[32m-       // if there is no activeTopicId and the feature length is greater 
than the threshold[39m
[32m-       // then create a new topic and active it[39m
[32m-       if (!get().activeTopicId && featureLength >= 
agentConfig.autoCreateTopicThreshold) {[39m
[32m-         // we need to create a temp message for optimistic update[39m
[32m-         tempMessageId = 
get().internal_createTmpMessage(newMessage);[39m
[32m-         get().internal_toggleMessageLoading(true, tempMessageId);[39m
[32m-[39m
[32m-         const topicId = await get().createTopic();[39m
[32m-[39m
[32m-         if (topicId) {[39m
[32m-           newTopicId = topicId;[39m
[32m-           newMessage.topicId = topicId;",[39m
[31m+     "pageContent": "if (!onlyAddUserMessage && !activeTopicId && 
agentConfig.enableAutoCreateTopic) {
[39m
[31m+       // check activeTopic and then auto create topic
[39m
[31m+       const chats = chatSelectors.currentChats(get());
[39m
[31m+ 
[39m
[31m+       // we will add two messages (user and assistant), so the finial 
length should +2
[39m
[31m+       const featureLength = chats.length + 2;
[39m
[31m+ 
[39m
[31m+       // if there is no activeTopicId and the feature length is greater 
than the threshold
[39m
[31m+       // then create a new topic and active it
[39m
[31m+       if (!get().activeTopicId && featureLength >= 
agentConfig.autoCreateTopicThreshold) {
[39m
[31m+         // we need to create a temp message for optimistic update
[39m
[31m+         tempMessageId = get().internal_createTmpMessage(newMessage);
[39m
[31m+         get().internal_toggleMessageLoading(true, tempMessageId);",[39m
[2m    },[22m
[32m-   {[39m
[31m+   Document {[39m
[31m+     "id": undefined,[39m
[2m      "metadata": {[22m
[2m        "loc": {[22m
[2m          "lines": {[22m
[32m-           "from": 316,[39m
[32m-           "to": 331,[39m
[31m+           "from": 310,[39m
[31m+           "to": 326,[39m
[2m          },[22m
[2m        },[22m
[2m      },[22m
[32m-     "pageContent": "const topicId = await get().createTopic();[39m
[32m-[39m
[32m-         if (topicId) {[39m
[32m-           newTopicId = topicId;[39m
[32m-           newMessage.topicId = topicId;[39m
[32m-[39m
[32m-           // we need to copy the messages to the new topic or the 
message will disappear[39m
[32m-           const mapKey = chatSelectors.currentChatKey(get());[39m
[32m-           const newMaps = {[39m
[32m-             ...get().messagesMap,[39m
[32m-             [messageMapKey(activeId, topicId)]: 
get().messagesMap[mapKey],[39m
[32m-           };[39m
[32m-           set({ messagesMap: newMaps }, false, 
'internal_copyMessages');[39m
[32m-[39m
[32m-           // get().internal_dispatchMessage({ type: 'deleteMessage', 
id: tempMessageId });[39m
[32m-           get().internal_toggleMessageLoading(false, 
tempMessageId);",[39m
[31m+     "pageContent": "// then create a new topic and active it
[39m
[31m+       if (!get().activeTopicId && featureLength >= 
agentConfig.autoCreateTopicThreshold) {
[39m
[31m+         // we need to create a temp message for optimistic update
[39m
[31m+         tempMessageId = get().internal_createTmpMessage(newMessage);
[39m
[31m+         get().internal_toggleMessageLoading(true, tempMessageId);
[39m
[31m+ 
[39m
[31m+         const topicId = await get().createTopic();
[39m
[31m+ 
[39m
[31m+         if (topicId) {
[39m
[31m+           newTopicId = topicId;
[39m
[31m+           newMessage.topicId = topicId;
[39m
[31m+ 
[39m
[31m+           // we need to copy the messages to the new topic or the 
message will disappear
[39m
[31m+           const mapKey = chatSelectors.currentChatKey(get());
[39m
[31m+           const newMaps = {
[39m
[31m+             ...get().messagesMap,
[39m
[31m+             [messageMapKey(activeId, topicId)]: 
get().messagesMap[mapKey],",[39m
[2m    },[22m
[32m-   {[39m
[31m+   Document {[39m
[31m+     "id": undefined,[39m
[2m      "metadata": {[22m
[2m        "loc": {[22m
[2m          "lines": {[22m
[32m-           "from": 330,[39m
[32m-           "to": 349,[39m
[31m+           "from": 318,[39m
[31m+           "to": 337,[39m
[2m          },[22m
[2m        },[22m
[2m      },[22m
[32m-     "pageContent": "// get().internal_dispatchMessage({ type: 
'deleteMessage', id: tempMessageId });[39m
[32m-           get().internal_toggleMessageLoading(false, 
tempMessageId);[39m
[32m-[39m
[32m-           // make the topic loading[39m
[32m-           get().internal_updateTopicLoading(topicId, true);[39m
[32m-         }[39m
[32m-       }[39m
[32m-     }[39m
[32m-     //  update assistant update to make it rerank[39m
[32m-     
useSessionStore.getState().triggerSessionUpdate(get().activeId);[39m
[32m-[39m
[32m-     const id = await get().internal_createMessage(newMessage, {[39m
[32m-       tempMessageId,[39m
[32m-       skipRefresh: !onlyAddUserMessage,[39m
[32m-     });[39m
[32m-[39m
[32m-     // switch to the new topic if create the new topic[39m
[32m-     if (!!newTopicId) {[39m
[32m-       await get().switchTopic(newTopicId, true);[39m
[32m-       await get().internal_fetchMessages();",[39m
[31m+     "pageContent": "if (topicId) {
[39m
[31m+           newTopicId = topicId;
[39m
[31m+           newMessage.topicId = topicId;
[39m
[31m+ 
[39m
[31m+           // we need to copy the messages to the new topic or the 
message will disappear
[39m
[31m+           const mapKey = chatSelectors.currentChatKey(get());
[39m
[31m+           const newMaps = {
[39m
[31m+             ...get().messagesMap,
[39m
[31m+             [messageMapKey(activeId, topicId)]: 
get().messagesMap[mapKey],
[39m
[31m+           };
[39m
[31m+           set({ messagesMap: newMaps }, false, 'internal_copyMessages');
[39m
[31m+ 
[39m
[31m+           // get().internal_dispatchMessage({ type: 'deleteMessage', 
id: tempMessageId });
[39m
[31m+           get().internal_toggleMessageLoading(false, tempMessageId);
[39m
[31m+ 
[39m
[31m+           // make the topic loading
[39m
[31m+           get().internal_updateTopicLoading(topicId, true);
[39m
[31m+         }
[39m
[31m+       }
[39m
[31m+     }",[39m
[2m    },[22m
[32m-   {[39m
[31m+   Document {[39m
[31m+     "id": undefined,[39m
[2m      "metadata": {[22m
[2m        "loc": {[22m
[2m          "lines": {[22m
[32m-           "from": 341,[39m
[32m-           "to": 361,[39m
[31m+           "from": 327,[39m
[31m+           "to": 348,[39m
[2m          },[22m
[2m        },[22m
[2m      },[22m
[32m-     "pageContent": "const id = await 
get().internal_createMessage(newMessage, {[39m
[32m-       tempMessageId,[39m
[32m-       skipRefresh: !onlyAddUserMessage,[39m
[32m-     });[39m
[32m-[39m
[32m-     // switch to the new topic if create the new topic[39m
[32m-     if (!!newTopicId) {[39m
[32m-       await get().switchTopic(newTopicId, true);[39m
[32m-       await get().internal_fetchMessages();[39m
[32m-[39m
[32m-       // delete previous messages[39m
[32m-       // remove the temp message map[39m
[32m-       const newMaps = { ...get().messagesMap, [messageMapKey(activeId, 
null)]: [] };[39m
[32m-       set({ messagesMap: newMaps }, false, 
'internal_copyMessages');[39m
[32m-     }[39m
[32m-[39m
[32m-     // if only add user message, then stop[39m
[32m-     if (onlyAddUserMessage) {[39m
[32m-       set({ isCreatingMessage: false }, false, 
'creatingMessage/start');[39m
[32m-       return;[39m
[32m-     }",[39m
[31m+     "pageContent": "};
[39m
[31m+           set({ messagesMap: newMaps }, false, 'internal_copyMessages');
[39m
[31m+ 
[39m
[31m+           // get().internal_dispatchMessage({ type: 'deleteMessage', 
id: tempMessageId });
[39m
[31m+           get().internal_toggleMessageLoading(false, tempMessageId);
[39m
[31m+ 
[39m
[31m+           // make the topic loading
[39m
[31m+           get().internal_updateTopicLoading(topicId, true);
[39m
[31m+         }
[39m
[31m+       }
[39m
[31m+     }
[39m
[31m+     //  update assistant update to make it rerank
[39m
[31m+     useSessionStore.getState().triggerSessionUpdate(get().activeId);
[39m
[31m+ 
[39m
[31m+     const id = await get().internal_createMessage(newMessage, {
[39m
[31m+       tempMessageId,
[39m
[31m+       skipRefresh: !onlyAddUserMessage,
[39m
[31m+     });
[39m
[31m+ 
[39m
[31m+     // switch to the new topic if create the new topic
[39m
[31m+     if (!!newTopicId) {
[39m
[31m+       await get().switchTopic(newTopicId, true);",[39m
[2m    },[22m
[32m-   {[39m
[31m+   Document {[39m
[31m+     "id": undefined,[39m
[2m      "metadata": {[22m
[2m        "loc": {[22m
[2m          "lines": {[22m
[32m-           "from": 351,[39m
[32m-           "to": 365,[39m
[31m+           "from": 337,[39m
[31m+           "to": 358,[39m
[2m          },[22m
[2m        },[22m
[2m      },[22m
[32m-     "pageContent": "// delete previous messages[39m
[32m-       // remove the temp message map[39m
[32m-       const newMaps = { ...get().messagesMap, [messageMapKey(activeId, 
null)]: [] };[39m
[32m-       set({ messagesMap: newMaps }, false, 
'internal_copyMessages');[39m
[32m-     }[39m
[32m-[39m
[32m-     // if only add user message, then stop[39m
[32m-     if (onlyAddUserMessage) {[39m
[32m-       set({ isCreatingMessage: false }, false, 
'creatingMessage/start');[39m
[32m-       return;[39m
[32m-     }[39m
[32m-[39m
[32m-     // Get the current messages to generate AI response[39m
[32m-     const messages = chatSelectors.currentChats(get());[39m
[32m-     const userFiles = chatSelectors.currentUserFiles(get()).map((f) => 
f.id);",[39m
[31m+     "pageContent": "}
[39m
[31m+     //  update assistant update to make it rerank
[39m
[31m+     useSessionStore.getState().triggerSessionUpdate(get().activeId);
[39m
[31m+ 
[39m
[31m+     const id = await get().internal_createMessage(newMessage, {
[39m
[31m+       tempMessageId,
[39m
[31m+       skipRefresh: !onlyAddUserMessage,
[39m
[31m+     });
[39m
[31m+ 
[39m
[31m+     // switch to the new topic if create the new topic
[39m
[31m+     if (!!newTopicId) {
[39m
[31m+       await get().switchTopic(newTopicId, true);
[39m
[31m+       await get().internal_fetchMessages();
[39m
[31m+ 
[39m
[31m+       // delete previous messages
[39m
[31m+       // remove the temp message map
[39m
[31m+       const newMaps = { ...get().messagesMap, [messageMapKey(activeId, 
null)]: [] };
[39m
[31m+       set({ messagesMap: newMaps }, false, 'internal_copyMessages');
[39m
[31m+     }
[39m
[31m+ 
[39m
[31m+     // if only add user message, then stop
[39m
[31m+     if (onlyAddUserMessage) {",[39m
[2m    },[22m
[32m-   {[39m
[31m+   Document {[39m
[31m+     "id": undefined,[39m
[2m      "metadata": {[22m
[2m        "loc": {[22m
[2m          "lines": {[22m
[32m-           "from": 357,[39m
[32m-           "to": 373,[39m
[31m+           "from": 349,[39m
[31m+           "to": 368,[39m
[2m          },[22m
[2m        },[22m
[2m      },[22m
[32m-     "pageContent": "// if only add user message, then stop[39m
[32m-     if (onlyAddUserMessage) {[39m
[32m-       set({ isCreatingMessage: false }, false, 
'creatingMessage/start');[39m
[32m-       return;[39m
[32m-     }[39m
[32m-[39m
[32m-     // Get the current messages to generate AI response[39m
[32m-     const messages = chatSelectors.currentChats(get());[39m
[32m-     const userFiles = chatSelectors.currentUserFiles(get()).map((f) => 
f.id);[39m
[32m-[39m
[32m-     await internal_coreProcessMessage(messages, id, {[39m
[32m-       isWelcomeQuestion,[39m
[32m-       // if there is relative files or enabled knowledge, try with 
ragQuery[39m
[32m-       ragQuery: hasEnabledKnowledge() || userFiles.length > 0 ? message 
: undefined,[39m
[32m-     });[39m
[32m-[39m
[32m-     set({ isCreatingMessage: false }, false, 
'creatingMessage/stop');",[39m
[31m+     "pageContent": "await get().internal_fetchMessages();
[39m
[31m+ 
[39m
[31m+       // delete previous messages
[39m
[31m+       // remove the temp message map
[39m
[31m+       const newMaps = { ...get().messagesMap, [messageMapKey(activeId, 
null)]: [] };
[39m
[31m+       set({ messagesMap: newMaps }, false, 'internal_copyMessages');
[39m
[31m+     }
[39m
[31m+ 
[39m
[31m+     // if only add user message, then stop
[39m
[31m+     if (onlyAddUserMessage) {
[39m
[31m+       set({ isCreatingMessage: false }, false, 'creatingMessage/start');
[39m
[31m+       return;
[39m
[31m+     }
[39m
[31m+ 
[39m
[31m+     // Get the current messages to generate AI response
[39m
[31m+     const messages = chatSelectors.currentChats(get());
[39m
[31m+     const userFiles = chatSelectors.currentUserFiles(get()).map((f) => 
f.id);
[39m
[31m+ 
[39m
[31m+     await internal_coreProcessMessage(messages, id, {
[39m
[31m+       isWelcomeQuestion,",[39m
[2m    },[22m
[32m-   {[39m
[31m+   Document {[39m
[31m+     "id": undefined,[39m
[2m      "metadata": {[22m
[2m        "loc": {[22m
[2m          "lines": {[22m
[32m-           "from": 367,[39m
[32m-           "to": 386,[39m
[31m+           "from": 359,[39m
[31m+           "to": 377,[39m
[2m          },[22m
[2m        },[22m
[2m      },[22m
[32m-     "pageContent": "await internal_coreProcessMessage(messages, id, 
{[39m
[32m-       isWelcomeQuestion,[39m
[32m-       // if there is relative files or enabled knowledge, try with 
ragQuery[39m
[32m-       ragQuery: hasEnabledKnowledge() || userFiles.length > 0 ? message 
: undefined,[39m
[32m-     });[39m
[32m-[39m
[32m-     set({ isCreatingMessage: false }, false, 
'creatingMessage/stop');[39m
[32m-[39m
[32m-     const summaryTitle = async () => {[39m
[32m-       // if autoCreateTopic is false, then stop[39m
[32m-       if (!agentConfig.enableAutoCreateTopic) return;[39m
[32m-[39m
[32m-       // check activeTopic and then auto update topic title[39m
[32m-       if (newTopicId) {[39m
[32m-         const chats = chatSelectors.currentChats(get());[39m
[32m-         await get().summaryTopicTitle(newTopicId, chats);[39m
[32m-         return;[39m
[32m-       }[39m
[32m-[39m
[32m-       const topic = topicSelectors.currentActiveTopic(get());",[39m
[31m+     "pageContent": "set({ isCreatingMessage: false }, false, 
'creatingMessage/start');
[39m
[31m+       return;
[39m
[31m+     }
[39m
[31m+ 
[39m
[31m+     // Get the current messages to generate AI response
[39m
[31m+     const messages = chatSelectors.currentChats(get());
[39m
[31m+     const userFiles = chatSelectors.currentUserFiles(get()).map((f) => 
f.id);
[39m
[31m+ 
[39m
[31m+     await internal_coreProcessMessage(messages, id, {
[39m
[31m+       isWelcomeQuestion,
[39m
[31m+       // if there is relative files or enabled knowledge, try with 
ragQuery
[39m
[31m+       ragQuery: hasEnabledKnowledge() || userFiles.length > 0 ? message 
: undefined,
[39m
[31m+     });
[39m
[31m+ 
[39m
[31m+     set({ isCreatingMessage: false }, false, 'creatingMessage/stop');
[39m
[31m+ 
[39m
[31m+     const summaryTitle = async () => {
[39m
[31m+       // if autoCreateTopic is false, then stop
[39m
[31m+       if (!agentConfig.enableAutoCreateTopic) return;",[39m
[2m    },[22m
[32m-   {[39m
[31m+   Document {[39m
[31m+     "id": undefined,[39m
[31m+     "metadata": {[39m
[31m+       "loc": {[39m
[31m+         "lines": {[39m
[31m+           "from": 369,[39m
[31m+           "to": 389,[39m
[31m+         },[39m
[31m+       },[39m
[31m+     },[39m
[31m+     "pageContent": "// if there is relative files or enabled knowledge, 
try with ragQuery
[39m
[31m+       ragQuery: hasEnabledKnowledge() || userFiles.length > 0 ? message 
: undefined,
[39m
[31m+     });
[39m
[31m+ 
[39m
[31m+     set({ isCreatingMessage: false }, false, 'creatingMessage/stop');
[39m
[31m+ 
[39m
[31m+     const summaryTitle = async () => {
[39m
[31m+       // if autoCreateTopic is false, then stop
[39m
[31m+       if (!agentConfig.enableAutoCreateTopic) return;
[39m
[31m+ 
[39m
[31m+       // check activeTopic and then auto update topic title
[39m
[31m+       if (newTopicId) {
[39m
[31m+         const chats = chatSelectors.currentChats(get());
[39m
[31m+         await get().summaryTopicTitle(newTopicId, chats);
[39m
[31m+         return;
[39m
[31m+       }
[39m
[31m+ 
[39m
[31m+       const topic = topicSelectors.currentActiveTopic(get());
[39m
[31m+ 
[39m
[31m+       if (topic && !topic.title) {
[39m
[31m+         const chats = chatSelectors.currentChats(get());",[39m
[31m+   },[39m
[31m+   Document {[39m
[31m+     "id": undefined,[39m
[2m      "metadata": {[22m
[2m        "loc": {[22m
[2m          "lines": {[22m
[2m            "from": 379,[22m
[2m            "to": 400,[22m
[2m          },[22m
[2m        },[22m
[2m      },[22m
[32m-     "pageContent": "// check activeTopic and then auto update topic 
title[39m
[32m-       if (newTopicId) {[39m
[32m-         const chats = chatSelectors.currentChats(get());[39m
[32m-         await get().summaryTopicTitle(newTopicId, chats);[39m
[32m-         return;[39m
[32m-       }[39m
[32m-[39m
[32m-       const topic = topicSelectors.currentActiveTopic(get());[39m
[32m-[39m
[32m-       if (topic && !topic.title) {[39m
[32m-         const chats = chatSelectors.currentChats(get());[39m
[32m-         await get().summaryTopicTitle(topic.id, chats);[39m
[32m-       }[39m
[32m-     };[39m
[32m-[39m
[32m-     // if there is relative files, then add files to agent[39m
[32m-     // only available in server mode[39m
[32m-     const addFilesToAgent = async () => {[39m
[32m-       if (userFiles.length === 0 || !isServerMode) return;[39m
[32m-[39m
[32m-       await useAgentStore.getState().addFilesToAgent(userFiles, 
false);[39m
[31m+     "pageContent": "// check activeTopic and then auto update topic 
title
[39m
[31m+       if (newTopicId) {
[39m
[31m+         const chats = chatSelectors.currentChats(get());
[39m
[31m+         await get().summaryTopicTitle(newTopicId, chats);
[39m
[31m+         return;
[39m
[31m+       }
[39m
[31m+ 
[39m
[31m+       const topic = topicSelectors.currentActiveTopic(get());
[39m
[31m+ 
[39m
[31m+       if (topic && !topic.title) {
[39m
[31m+         const chats = chatSelectors.currentChats(get());
[39m
[31m+         await get().summaryTopicTitle(topic.id, chats);
[39m
[31m+       }
[39m
[31m+     };
[39m
[31m+ 
[39m
[31m+     // if there is relative files, then add files to agent
[39m
[31m+     // only available in server mode
[39m
[31m+     const addFilesToAgent = async () => {
[39m
[31m+       if (userFiles.length === 0 || !isServerMode) return;
[39m
[31m+ 
[39m
[31m+       await useAgentStore.getState().addFilesToAgent(userFiles, false);
[39m
[2m      };",[22m
[2m    },[22m
[32m-   {[39m
[31m+   Document {[39m
[31m+     "id": undefined,[39m
[2m      "metadata": {[22m
[2m        "loc": {[22m
[2m          "lines": {[22m
[32m-           "from": 394,[39m
[32m-           "to": 415,[39m
[31m+           "from": 390,[39m
[31m+           "to": 413,[39m
[2m          },[22m
[2m        },[22m
[2m      },[22m
[32m-     "pageContent": "// if there is relative files, then add files to 
agent[39m
[32m-     // only available in server mode[39m
[32m-     const addFilesToAgent = async () => {[39m
[32m-       if (userFiles.length === 0 || !isServerMode) return;[39m
[32m-[39m
[32m-       await useAgentStore.getState().addFilesToAgent(userFiles, 
false);[39m
[32m-     };[39m
[32m-[39m
[32m-     await Promise.all([summaryTitle(), addFilesToAgent()]);[39m
[32m-   },[39m
[32m-   addAIMessage: async () => {[39m
[32m-     const { internal_createMessage, updateInputMessage, activeTopicId, 
activeId, inputMessage } =[39m
[32m-       get();[39m
[32m-     if (!activeId) return;[39m
[32m-[39m
[32m-     await internal_createMessage({[39m
[32m-       content: inputMessage,[39m
[32m-       role: 'assistant',[39m
[32m-       sessionId: activeId,[39m
[32m-       // if there is activeTopicId∩╝îthen add topicId to message[39m
[32m-       topicId: activeTopicId,[39m
[32m-     });",[39m
[31m+     "pageContent": "await get().summaryTopicTitle(topic.id, chats);
[39m
[31m+       }
[39m
[31m+     };
[39m
[31m+ 
[39m
[31m+     // if there is relative files, then add files to agent
[39m
[31m+     // only available in server mode
[39m
[31m+     const addFilesToAgent = async () => {
[39m
[31m+       if (userFiles.length === 0 || !isServerMode) return;
[39m
[31m+ 
[39m
[31m+       await useAgentStore.getState().addFilesToAgent(userFiles, false);
[39m
[31m+     };
[39m
[31m+ 
[39m
[31m+     await Promise.all([summaryTitle(), addFilesToAgent()]);
[39m
[31m+   },
[39m
[31m+   addAIMessage: async () => {
[39m
[31m+     const { internal_createMessage, updateInputMessage, activeTopicId, 
activeId, inputMessage } =
[39m
[31m+       get();
[39m
[31m+     if (!activeId) return;
[39m
[31m+ 
[39m
[31m+     await internal_createMessage({
[39m
[31m+       content: inputMessage,
[39m
[31m+       role: 'assistant',
[39m
[31m+       sessionId: activeId,
[39m
[31m+       // if there is activeTopicId∩╝îthen add topicId to message",[39m
[31m+   },[39m
[31m+   Document {[39m
[31m+     "id": undefined,[39m
[31m+     "metadata": {[39m
[31m+       "loc": {[39m
[31m+         "lines": {[39m
[31m+           "from": 403,[39m
[31m+           "to": 428,[39m
[31m+         },[39m
[31m+       },[39m
[31m+     },[39m
[31m+     "pageContent": "},
[39m
[31m+   addAIMessage: async () => {
[39m
[31m+     const { internal_createMessage, updateInputMessage, activeTopicId, 
activeId, inputMessage } =
[39m
[31m+       get();
[39m
[31m+     if (!activeId) return;
[39m
[31m+ 
[39m
[31m+     await internal_createMessage({
[39m
[31m+       content: inputMessage,
[39m
[31m+       role: 'assistant',
[39m
[31m+       sessionId: activeId,
[39m
[31m+       // if there is activeTopicId∩╝îthen add topicId to message
[39m
[31m+       topicId: activeTopicId,
[39m
[31m+     });
[39m
[31m+ 
[39m
[31m+     updateInputMessage('');
[39m
[31m+   },
[39m
[31m+   copyMessage: async (id, content) => {
[39m
[31m+     await copyToClipboard(content);
[39m
[31m+ 
[39m
[31m+     get().internal_traceMessage(id, { eventType: 
TraceEventType.CopyMessage });
[39m
[31m+   },
[39m
[31m+   toggleMessageEditing: (id, editing) => {
[39m
[31m+     set(
[39m
[31m+       { messageEditingIds: toggleBooleanList(get().messageEditingIds, 
id, editing) },
[39m
[31m+       false,
[39m
[31m+       'toggleMessageEditing',",[39m
[2m    },[22m
[32m-   {[39m
[31m+   Document {[39m
[31m+     "id": undefined,[39m
[2m      "metadata": {[22m
[2m        "loc": {[22m
[2m          "lines": {[22m
[32m-           "from": 409,[39m
[32m-           "to": 435,[39m
[31m+           "from": 415,[39m
[31m+           "to": 441,[39m
[2m          },[22m
[2m        },[22m
[2m      },[22m
[32m-     "pageContent": "await internal_createMessage({[39m
[32m-       content: inputMessage,[39m
[32m-       role: 'assistant',[39m
[32m-       sessionId: activeId,[39m
[32m-       // if there is activeTopicId∩╝îthen add topicId to message[39m
[32m-       topicId: activeTopicId,[39m
[32m-     });[39m
[32m-[39m
[32m-     updateInputMessage('');[39m
[32m-   },[39m
[32m-   copyMessage: async (id, content) => {[39m
[32m-     await copyToClipboard(content);[39m
[32m-[39m
[32m-     get().internal_traceMessage(id, { eventType: 
TraceEventType.CopyMessage });[39m
[32m-   },[39m
[32m-   toggleMessageEditing: (id, editing) => {[39m
[32m-     set([39m
[32m-       { messageEditingIds: toggleBooleanList(get().messageEditingIds, 
id, editing) },[39m
[32m-       false,[39m
[32m-       'toggleMessageEditing',[39m
[32m-     );[39m
[32m-   },[39m
[32m-   stopGenerateMessage: () => {[39m
[32m-     const { abortController, internal_toggleChatLoading } = get();[39m
[32m-     if (!abortController) return;[39m
[32m-[39m
[32m-     abortController.abort('canceled');",[39m
[31m+     "pageContent": "});
[39m
[31m+ 
[39m
[31m+     updateInputMessage('');
[39m
[31m+   },
[39m
[31m+   copyMessage: async (id, content) => {
[39m
[31m+     await copyToClipboard(content);
[39m
[31m+ 
[39m
[31m+     get().internal_traceMessage(id, { eventType: 
TraceEventType.CopyMessage });
[39m
[31m+   },
[39m
[31m+   toggleMessageEditing: (id, editing) => {
[39m
[31m+     set(
[39m
[31m+       { messageEditingIds: toggleBooleanList(get().messageEditingIds, 
id, editing) },
[39m
[31m+       false,
[39m
[31m+       'toggleMessageEditing',
[39m
[31m+     );
[39m
[31m+   },
[39m
[31m+   stopGenerateMessage: () => {
[39m
[31m+     const { abortController, internal_toggleChatLoading } = get();
[39m
[31m+     if (!abortController) return;
[39m
[31m+ 
[39m
[31m+     abortController.abort('canceled');
[39m
[31m+ 
[39m
[31m+     internal_toggleChatLoading(false, undefined, 
n('stopGenerateMessage') as string);
[39m
[31m+   },
[39m
[31m+ 
[39m
[31m+   updateInputMessage: (message) => {
[39m
[31m+     if (isEqual(message, get().inputMessage)) return;",[39m
[2m    },[22m
[32m-   {[39m
[31m+   Document {[39m
[31m+     "id": undefined,[39m
[2m      "metadata": {[22m
[2m        "loc": {[22m
[2m          "lines": {[22m
[32m-           "from": 435,[39m
[31m+           "from": 429,[39m
[2m            "to": 451,[22m
[2m          },[22m
[2m        },[22m
[2m      },[22m
[32m-     "pageContent": "abortController.abort('canceled');[39m
[32m-[39m
[32m-     internal_toggleChatLoading(false, undefined, 
n('stopGenerateMessage') as string);[39m
[32m-   },[39m
[32m-[39m
[32m-   updateInputMessage: (message) => {[39m
[32m-     if (isEqual(message, get().inputMessage)) return;[39m
[32m-[39m
[32m-     set({ inputMessage: message }, false, n('updateInputMessage', 
message));[39m
[32m-   },[39m
[32m-   modifyMessageContent: async (id, content) => {[39m
[32m-     // tracing the diff of update[39m
[32m-     // due to message content will change, so we need send trace before 
update,or will get wrong data[39m
[32m-     get().internal_traceMessage(id, {[39m
[32m-       eventType: TraceEventType.ModifyMessage,[39m
[32m-       nextContent: content,[39m
[31m+     "pageContent": ");
[39m
[31m+   },
[39m
[31m+   stopGenerateMessage: () => {
[39m
[31m+     const { abortController, internal_toggleChatLoading } = get();
[39m
[31m+     if (!abortController) return;
[39m
[31m+ 
[39m
[31m+     abortController.abort('canceled');
[39m
[31m+ 
[39m
[31m+     internal_toggleChatLoading(false, undefined, 
n('stopGenerateMessage') as string);
[39m
[31m+   },
[39m
[31m+ 
[39m
[31m+   updateInputMessage: (message) => {
[39m
[31m+     if (isEqual(message, get().inputMessage)) return;
[39m
[31m+ 
[39m
[31m+     set({ inputMessage: message }, false, n('updateInputMessage', 
message));
[39m
[31m+   },
[39m
[31m+   modifyMessageContent: async (id, content) => {
[39m
[31m+     // tracing the diff of update
[39m
[31m+     // due to message content will change, so we need send trace before 
update,or will get wrong data
[39m
[31m+     get().internal_traceMessage(id, {
[39m
[31m+       eventType: TraceEventType.ModifyMessage,
[39m
[31m+       nextContent: content,
[39m
[2m      });",[22m
[31m+   },[39m
[31m+   Document {[39m
[31m+     "id": undefined,[39m
[31m+     "metadata": {[39m
[31m+       "loc": {[39m
[31m+         "lines": {[39m
[31m+           "from": 443,[39m
[31m+           "to": 461,[39m
[2m          },[22m
[32m-   {[39m
[31m+       },[39m
[31m+     },[39m
[31m+     "pageContent": "set({ inputMessage: message }, false, 
n('updateInputMessage', message));
[39m
[31m+   },
[39m
[31m+   modifyMessageContent: async (id, content) => {
[39m
[31m+     // tracing the diff of update
[39m
[31m+     // due to message content will change, so we need send trace before 
update,or will get wrong data
[39m
[31m+     get().internal_traceMessage(id, {
[39m
[31m+       eventType: TraceEventType.ModifyMessage,
[39m
[31m+       nextContent: content,
[39m
[31m+     });
[39m
[31m+ 
[39m
[31m+     await get().internal_updateMessageContent(id, content);
[39m
[31m+   },
[39m
[31m+   useFetchMessages: (sessionId, activeTopicId) =>
[39m
[31m+     useClientDataSWR<ChatMessage[]>(
[39m
[31m+       [SWR_USE_FETCH_MESSAGES, sessionId, activeTopicId],
[39m
[31m+       async ([, sessionId, topicId]: [string, string, string | 
undefined]) =>
[39m
[31m+         messageService.getMessages(sessionId, topicId),
[39m
[31m+       {
[39m
[31m+         onSuccess: (messages, key) => {",[39m
[31m+   },[39m
[31m+   Document {[39m
[31m+     "id": undefined,[39m
[2m      "metadata": {[22m
[2m        "loc": {[22m
[2m          "lines": {[22m
[32m-           "from": 453,[39m
[32m-           "to": 467,[39m
[31m+           "from": 454,[39m
[31m+           "to": 471,[39m
[2m          },[22m
[2m        },[22m
[2m      },[22m
[32m-     "pageContent": "await get().internal_updateMessageContent(id, 
content);[39m
[32m-   },[39m
[32m-   useFetchMessages: (sessionId, activeTopicId) =>[39m
[32m-     useClientDataSWR<ChatMessage[]>([39m
[32m-       [SWR_USE_FETCH_MESSAGES, sessionId, activeTopicId],[39m
[32m-       async ([, sessionId, topicId]: [string, string, string | 
undefined]) =>[39m
[32m-         messageService.getMessages(sessionId, topicId),[39m
[32m-       {[39m
[32m-         onSuccess: (messages, key) => {[39m
[32m-           const nextMap = {[39m
[32m-             ...get().messagesMap,[39m
[32m-             [messageMapKey(sessionId, activeTopicId)]: messages,[39m
[32m-           };[39m
[32m-           // no need to update map if the messages have been init and 
the map is the same[39m
[32m-           if (get().messagesInit && isEqual(nextMap, 
get().messagesMap)) return;",[39m
[31m+     "pageContent": "},
[39m
[31m+   useFetchMessages: (sessionId, activeTopicId) =>
[39m
[31m+     useClientDataSWR<ChatMessage[]>(
[39m
[31m+       [SWR_USE_FETCH_MESSAGES, sessionId, activeTopicId],
[39m
[31m+       async ([, sessionId, topicId]: [string, string, string | 
undefined]) =>
[39m
[31m+         messageService.getMessages(sessionId, topicId),
[39m
[31m+       {
[39m
[31m+         onSuccess: (messages, key) => {
[39m
[31m+           const nextMap = {
[39m
[31m+             ...get().messagesMap,
[39m
[31m+             [messageMapKey(sessionId, activeTopicId)]: messages,
[39m
[31m+           };
[39m
[31m+           // no need to update map if the messages have been init and 
the map is the same
[39m
[31m+           if (get().messagesInit && isEqual(nextMap, 
get().messagesMap)) return;
[39m
[31m+ 
[39m
[31m+           set(
[39m
[31m+             { messagesInit: true, messagesMap: nextMap },
[39m
[31m+             false,",[39m
[2m    },[22m
[32m-   {[39m
[31m+   Document {[39m
[31m+     "id": undefined,[39m
[2m      "metadata": {[22m
[2m        "loc": {[22m
[2m          "lines": {[22m
[32m-           "from": 469,[39m
[32m-           "to": 490,[39m
[31m+           "from": 463,[39m
[31m+           "to": 482,[39m
[2m          },[22m
[2m        },[22m
[2m      },[22m
[32m-     "pageContent": "set([39m
[32m-             { messagesInit: true, messagesMap: nextMap },[39m
[32m-             false,[39m
[32m-             n('useFetchMessages', { messages, queryKey: key }),[39m
[32m-           );[39m
[32m-         },[39m
[32m-       },[39m
[32m-     ),[39m
[32m-   refreshMessages: async () => {[39m
[32m-     await mutate([SWR_USE_FETCH_MESSAGES, get().activeId, 
get().activeTopicId]);[39m
[32m-   },[39m
[32m-[39m
[32m-   // the internal process method of the AI message[39m
[32m-   internal_coreProcessMessage: async (originalMessages, userMessageId, 
params) => {[39m
[32m-     const { internal_fetchAIChatMessage, triggerToolCalls, 
refreshMessages, activeTopicId } = get();[39m
[32m-[39m
[32m-     // create a new array to avoid the original messages array 
change[39m
[32m-     const messages = [...originalMessages];[39m
[32m-[39m
[32m-     const { model, provider } = getAgentConfig();[39m
[32m-[39m
[32m-     let fileChunkIds: string[] | undefined;",[39m
[31m+     "pageContent": "...get().messagesMap,
[39m
[31m+             [messageMapKey(sessionId, activeTopicId)]: messages,
[39m
[31m+           };
[39m
[31m+           // no need to update map if the messages have been init and 
the map is the same
[39m
[31m+           if (get().messagesInit && isEqual(nextMap, 
get().messagesMap)) return;
[39m
[31m+ 
[39m
[31m+           set(
[39m
[31m+             { messagesInit: true, messagesMap: nextMap },
[39m
[31m+             false,
[39m
[31m+             n('useFetchMessages', { messages, queryKey: key }),
[39m
[31m+           );
[39m
[31m+         },
[39m
[31m+       },
[39m
[31m+     ),
[39m
[31m+   refreshMessages: async () => {
[39m
[31m+     await mutate([SWR_USE_FETCH_MESSAGES, get().activeId, 
get().activeTopicId]);
[39m
[31m+   },
[39m
[31m+ 
[39m
[31m+   // the internal process method of the AI message
[39m
[31m+   internal_coreProcessMessage: async (originalMessages, userMessageId, 
params) => {",[39m
[2m    },[22m
[32m-   {[39m
[31m+   Document {[39m
[31m+     "id": undefined,[39m
[31m+     "metadata": {[39m
[31m+       "loc": {[39m
[31m+         "lines": {[39m
[31m+           "from": 471,[39m
[31m+           "to": 493,[39m
[31m+         },[39m
[31m+       },[39m
[31m+     },[39m
[31m+     "pageContent": "false,
[39m
[31m+             n('useFetchMessages', { messages, queryKey: key }),
[39m
[31m+           );
[39m
[31m+         },
[39m
[31m+       },
[39m
[31m+     ),
[39m
[31m+   refreshMessages: async () => {
[39m
[31m+     await mutate([SWR_USE_FETCH_MESSAGES, get().activeId, 
get().activeTopicId]);
[39m
[31m+   },
[39m
[31m+ 
[39m
[31m+   // the internal process method of the AI message
[39m
[31m+   internal_coreProcessMessage: async (originalMessages, userMessageId, 
params) => {
[39m
[31m+     const { internal_fetchAIChatMessage, triggerToolCalls, 
refreshMessages, activeTopicId } = get();
[39m
[31m+ 
[39m
[31m+     // create a new array to avoid the original messages array change
[39m
[31m+     const messages = [...originalMessages];
[39m
[31m+ 
[39m
[31m+     const { model, provider } = getAgentConfig();
[39m
[31m+ 
[39m
[31m+     let fileChunkIds: string[] | undefined;
[39m
[31m+ 
[39m
[31m+     // go into RAG flow if there is ragQuery flag
[39m
[31m+     if (params?.ragQuery) {",[39m
[31m+   },[39m
[31m+   Document {[39m
[31m+     "id": undefined,[39m
[2m      "metadata": {[22m
[2m        "loc": {[22m
[2m          "lines": {[22m
[2m            "from": 485,[22m
[32m-           "to": 507,[39m
[31m+           "to": 505,[39m
[31m+         },[39m
[31m+       },[39m
[31m+     },[39m
[31m+     "pageContent": "// create a new array to avoid the original 
messages array change
[39m
[31m+     const messages = [...originalMessages];
[39m
[31m+ 
[39m
[31m+     const { model, provider } = getAgentConfig();
[39m
[31m+ 
[39m
[31m+     let fileChunkIds: string[] | undefined;
[39m
[31m+ 
[39m
[31m+     // go into RAG flow if there is ragQuery flag
[39m
[31m+     if (params?.ragQuery) {
[39m
[31m+       // 1. get the relative chunks from semantic search
[39m
[31m+       const chunks = await get().internal_retrieveChunks(
[39m
[31m+         userMessageId,
[39m
[31m+         params?.ragQuery,
[39m
[31m+         // should skip the last content
[39m
[31m+         messages.map((m) => m.content).slice(0, messages.length - 1),
[39m
[31m+       );
[39m
[31m+       console.log('σÅ¼σ¢₧ chunks', chunks);
[39m
[31m+ 
[39m
[31m+       // 2. build the retrieve context messages
[39m
[31m+       const retrieveContext = chainAnswerWithContext(
[39m
[31m+         params?.ragQuery,",[39m
[2m    },[22m
[31m+   Document {[39m
[31m+     "id": undefined,[39m
[31m+     "metadata": {[39m
[31m+       "loc": {[39m
[31m+         "lines": {[39m
[31m+           "from": 496,[39m
[31m+           "to": 514,[39m
[2m          },[22m
[2m        },[22m
[32m-     "pageContent": "// create a new array to avoid the original 
messages array change[39m
[32m-     const messages = [...originalMessages];[39m
[32m-[39m
[32m-     const { model, provider } = getAgentConfig();[39m
[32m-[39m
[32m-     let fileChunkIds: string[] | undefined;[39m
[32m-[39m
[32m-     // go into RAG flow if there is ragQuery flag[39m
[32m-     if (params?.ragQuery) {[39m
[32m-       // 1. get the relative chunks from semantic search[39m
[32m-       const chunks = await get().internal_retrieveChunks([39m
[32m-         userMessageId,[39m
[32m-         params?.ragQuery,[39m
[32m-         // should skip the last content[39m
[32m-         messages.map((m) => m.content).slice(0, messages.length - 
1),[39m
[32m-       );[39m
[32m-       console.log('σÅ¼σ¢₧ chunks', chunks);[39m
[32m-[39m
[32m-       // 2. build the retrieve context messages[39m
[32m-       const retrieveContext = chainAnswerWithContext([39m
[32m-         params?.ragQuery,[39m
[32m-         chunks.map((c) => c.text as string),[39m
[32m-       );",[39m
[31m+     },[39m
[31m+     "pageContent": "userMessageId,
[39m
[31m+         params?.ragQuery,
[39m
[31m+         // should skip the last content
[39m
[31m+         messages.map((m) => m.content).slice(0, messages.length - 1),
[39m
[31m+       );
[39m
[31m+       console.log('σÅ¼σ¢₧ chunks', chunks);
[39m
[31m+ 
[39m
[31m+       // 2. build the retrieve context messages
[39m
[31m+       const retrieveContext = chainAnswerWithContext(
[39m
[31m+         params?.ragQuery,
[39m
[31m+         chunks.map((c) => c.text as string),
[39m
[31m+       );
[39m
[31m+ 
[39m
[31m+       // 3. add the retrieve context messages to the messages history
[39m
[31m+       if (retrieveContext.messages && retrieveContext.messages?.length 
> 0) {
[39m
[31m+         // remove the last message due to the query is in the 
retrieveContext
[39m
[31m+         messages.pop();
[39m
[31m+         retrieveContext.messages?.forEach((m) => messages.push(m as 
ChatMessage));
[39m
[31m+       }",[39m
[2m    },[22m
[32m-   {[39m
[31m+   Document {[39m
[31m+     "id": undefined,[39m
[2m      "metadata": {[22m
[2m        "loc": {[22m
[2m          "lines": {[22m
[32m-           "from": 503,[39m
[32m-           "to": 524,[39m
[31m+           "from": 507,[39m
[31m+           "to": 528,[39m
[2m          },[22m
[2m        },[22m
[2m      },[22m
[32m-     "pageContent": "// 2. build the retrieve context messages[39m
[32m-       const retrieveContext = chainAnswerWithContext([39m
[32m-         params?.ragQuery,[39m
[32m-         chunks.map((c) => c.text as string),[39m
[32m-       );[39m
[32m-[39m
[32m-       // 3. add the retrieve context messages to the messages 
history[39m
[32m-       if (retrieveContext.messages && retrieveContext.messages?.length 
> 0) {[39m
[32m-         // remove the last message due to the query is in the 
retrieveContext[39m
[32m-         messages.pop();[39m
[32m-         retrieveContext.messages?.forEach((m) => messages.push(m as 
ChatMessage));[39m
[32m-       }[39m
[32m-[39m
[32m-       fileChunkIds = chunks.map((c) => c.id);[39m
[32m-     }[39m
[32m-[39m
[32m-     // 2. Add an empty message to place the AI response[39m
[32m-     const assistantMessage: CreateMessageParams = {[39m
[32m-       role: 'assistant',[39m
[32m-       content: LOADING_FLAT,[39m
[32m-       fromModel: model,[39m
[32m-       fromProvider: provider,",[39m
[31m+     "pageContent": ");
[39m
[31m+ 
[39m
[31m+       // 3. add the retrieve context messages to the messages history
[39m
[31m+       if (retrieveContext.messages && retrieveContext.messages?.length 
> 0) {
[39m
[31m+         // remove the last message due to the query is in the 
retrieveContext
[39m
[31m+         messages.pop();
[39m
[31m+         retrieveContext.messages?.forEach((m) => messages.push(m as 
ChatMessage));
[39m
[31m+       }
[39m
[31m+ 
[39m
[31m+       fileChunkIds = chunks.map((c) => c.id);
[39m
[31m+     }
[39m
[31m+ 
[39m
[31m+     // 2. Add an empty message to place the AI response
[39m
[31m+     const assistantMessage: CreateMessageParams = {
[39m
[31m+       role: 'assistant',
[39m
[31m+       content: LOADING_FLAT,
[39m
[31m+       fromModel: model,
[39m
[31m+       fromProvider: provider,
[39m
[31m+ 
[39m
[31m+       parentId: userMessageId,
[39m
[31m+       sessionId: get().activeId,
[39m
[31m+       topicId: activeTopicId, // if there is activeTopicId∩╝îthen add 
it to topicId",[39m
[2m    },[22m
[32m-   {[39m
[31m+   Document {[39m
[31m+     "id": undefined,[39m
[2m      "metadata": {[22m
[2m        "loc": {[22m
[2m          "lines": {[22m
[32m-           "from": 516,[39m
[32m-           "to": 536,[39m
[31m+           "from": 517,[39m
[31m+           "to": 540,[39m
[2m          },[22m
[2m        },[22m
[2m      },[22m
[32m-     "pageContent": "fileChunkIds = chunks.map((c) => c.id);[39m
[32m-     }[39m
[32m-[39m
[32m-     // 2. Add an empty message to place the AI response[39m
[32m-     const assistantMessage: CreateMessageParams = {[39m
[32m-       role: 'assistant',[39m
[32m-       content: LOADING_FLAT,[39m
[32m-       fromModel: model,[39m
[32m-       fromProvider: provider,[39m
[32m-[39m
[32m-       parentId: userMessageId,[39m
[32m-       sessionId: get().activeId,[39m
[32m-       topicId: activeTopicId, // if there is activeTopicId∩╝îthen add 
it to topicId[39m
[32m-       fileChunkIds,[39m
[32m-       ragQueryId: userMessageId,[39m
[32m-     };[39m
[32m-[39m
[32m-     const assistantId = await 
get().internal_createMessage(assistantMessage);[39m
[32m-[39m
[32m-     // 3. fetch the AI response[39m
[32m-     const { isFunctionCall } = await 
internal_fetchAIChatMessage(messages, assistantId, params);",[39m
[31m+     "pageContent": "}
[39m
[31m+ 
[39m
[31m+     // 2. Add an empty message to place the AI response
[39m
[31m+     const assistantMessage: CreateMessageParams = {
[39m
[31m+       role: 'assistant',
[39m
[31m+       content: LOADING_FLAT,
[39m
[31m+       fromModel: model,
[39m
[31m+       fromProvider: provider,
[39m
[31m+ 
[39m
[31m+       parentId: userMessageId,
[39m
[31m+       sessionId: get().activeId,
[39m
[31m+       topicId: activeTopicId, // if there is activeTopicId∩╝îthen add 
it to topicId
[39m
[31m+       fileChunkIds,
[39m
[31m+       ragQueryId: userMessageId,
[39m
[31m+     };
[39m
[31m+ 
[39m
[31m+     const assistantId = await 
get().internal_createMessage(assistantMessage);
[39m
[31m+ 
[39m
[31m+     // 3. fetch the AI response
[39m
[31m+     const { isFunctionCall } = await 
internal_fetchAIChatMessage(messages, assistantId, params);
[39m
[31m+ 
[39m
[31m+     // 4. if it's the function call message, trigger the function method
[39m
[31m+     if (isFunctionCall) {
[39m
[31m+       await refreshMessages();",[39m
[2m    },[22m
[32m-   {[39m
[31m+   Document {[39m
[31m+     "id": undefined,[39m
[2m      "metadata": {[22m
[2m        "loc": {[22m
[2m          "lines": {[22m
[32m-           "from": 533,[39m
[31m+           "from": 530,[39m
[2m            "to": 553,[22m
[2m          },[22m
[2m        },[22m
[2m      },[22m
[32m-     "pageContent": "const assistantId = await 
get().internal_createMessage(assistantMessage);[39m
[32m-[39m
[32m-     // 3. fetch the AI response[39m
[32m-     const { isFunctionCall } = await 
internal_fetchAIChatMessage(messages, assistantId, params);[39m
[32m-[39m
[32m-     // 4. if it's the function call message, trigger the function 
method[39m
[32m-     if (isFunctionCall) {[39m
[32m-       await refreshMessages();[39m
[32m-       await triggerToolCalls(assistantId);[39m
[32m-     }[39m
[32m-   },[39m
[32m-   internal_dispatchMessage: (payload) => {[39m
[32m-     const { activeId } = get();[39m
[32m-[39m
[32m-     if (!activeId) return;[39m
[32m-[39m
[32m-     const messages = messagesReducer(chatSelectors.currentChats(get()), 
payload);[39m
[32m-[39m
[32m-     const nextMap = { ...get().messagesMap, 
[chatSelectors.currentChatKey(get())]: messages };[39m
[32m-[39m
[31m+     "pageContent": "ragQueryId: userMessageId,
[39m
[31m+     };
[39m
[31m+ 
[39m
[31m+     const assistantId = await 
get().internal_createMessage(assistantMessage);
[39m
[31m+ 
[39m
[31m+     // 3. fetch the AI response
[39m
[31m+     const { isFunctionCall } = await 
internal_fetchAIChatMessage(messages, assistantId, params);
[39m
[31m+ 
[39m
[31m+     // 4. if it's the function call message, trigger the function method
[39m
[31m+     if (isFunctionCall) {
[39m
[31m+       await refreshMessages();
[39m
[31m+       await triggerToolCalls(assistantId);
[39m
[31m+     }
[39m
[31m+   },
[39m
[31m+   internal_dispatchMessage: (payload) => {
[39m
[31m+     const { activeId } = get();
[39m
[31m+ 
[39m
[31m+     if (!activeId) return;
[39m
[31m+ 
[39m
[31m+     const messages = messagesReducer(chatSelectors.currentChats(get()), 
payload);
[39m
[31m+ 
[39m
[31m+     const nextMap = { ...get().messagesMap, 
[chatSelectors.currentChatKey(get())]: messages };
[39m
[31m+ 
[39m
[2m      if (isEqual(nextMap, get().messagesMap)) return;",[22m
[2m    },[22m
[32m-   {[39m
[31m+   Document {[39m
[31m+     "id": undefined,[39m
[2m      "metadata": {[22m
[2m        "loc": {[22m
[2m          "lines": {[22m
[32m-           "from": 547,[39m
[32m-           "to": 570,[39m
[31m+           "from": 542,[39m
[31m+           "to": 564,[39m
[2m          },[22m
[2m        },[22m
[2m      },[22m
[32m-     "pageContent": "if (!activeId) return;[39m
[32m-[39m
[32m-     const messages = messagesReducer(chatSelectors.currentChats(get()), 
payload);[39m
[32m-[39m
[32m-     const nextMap = { ...get().messagesMap, 
[chatSelectors.currentChatKey(get())]: messages };[39m
[32m-[39m
[32m-     if (isEqual(nextMap, get().messagesMap)) return;[39m
[32m-[39m
[32m-     set({ messagesMap: nextMap }, false, { type: 
`dispatchMessage/${payload.type}`, payload });[39m
[32m-   },[39m
[32m-   internal_fetchAIChatMessage: async (messages, assistantId, params) => 
{[39m
[32m-     const {[39m
[32m-       internal_toggleChatLoading,[39m
[32m-       refreshMessages,[39m
[32m-       internal_updateMessageContent,[39m
[32m-       internal_dispatchMessage,[39m
[32m-       internal_toggleToolCallingStreaming,[39m
[32m-     } = get();[39m
[32m-[39m
[32m-     const abortController = internal_toggleChatLoading([39m
[32m-       true,[39m
[32m-       assistantId,[39m
[32m-       n('generateMessage(start)', { assistantId, messages }) as 
string,[39m
[32m-     );",[39m
[31m+     "pageContent": "}
[39m
[31m+   },
[39m
[31m+   internal_dispatchMessage: (payload) => {
[39m
[31m+     const { activeId } = get();
[39m
[31m+ 
[39m
[31m+     if (!activeId) return;
[39m
[31m+ 
[39m
[31m+     const messages = messagesReducer(chatSelectors.currentChats(get()), 
payload);
[39m
[31m+ 
[39m
[31m+     const nextMap = { ...get().messagesMap, 
[chatSelectors.currentChatKey(get())]: messages };
[39m
[31m+ 
[39m
[31m+     if (isEqual(nextMap, get().messagesMap)) return;
[39m
[31m+ 
[39m
[31m+     set({ messagesMap: nextMap }, false, { type: 
`dispatchMessage/${payload.type}`, payload });
[39m
[31m+   },
[39m
[31m+   internal_fetchAIChatMessage: async (messages, assistantId, params) => 
{
[39m
[31m+     const {
[39m
[31m+       internal_toggleChatLoading,
[39m
[31m+       refreshMessages,
[39m
[31m+       internal_updateMessageContent,
[39m
[31m+       internal_dispatchMessage,
[39m
[31m+       internal_toggleToolCallingStreaming,
[39m
[31m+     } = get();",[39m
[2m    },[22m
[32m-   {[39m
[31m+   Document {[39m
[31m+     "id": undefined,[39m
[2m      "metadata": {[22m
[2m        "loc": {[22m
[2m          "lines": {[22m
[32m-           "from": 566,[39m
[32m-           "to": 582,[39m
[31m+           "from": 555,[39m
[31m+           "to": 577,[39m
[2m          },[22m
[2m        },[22m
[2m      },[22m
[32m-     "pageContent": "const abortController = 
internal_toggleChatLoading([39m
[32m-       true,[39m
[32m-       assistantId,[39m
[32m-       n('generateMessage(start)', { assistantId, messages }) as 
string,[39m
[32m-     );[39m
[32m-[39m
[32m-     const agentConfig = getAgentConfig();[39m
[32m-     const chatConfig = agentConfig.chatConfig;[39m
[32m-[39m
[32m-     const compiler = template(chatConfig.inputTemplate, { interpolate: 
/{{([\\S\\s]+?)}}/g });[39m
[32m-[39m
[32m-     // ================================== //[39m
[32m-     //   messages uniformly preprocess    //[39m
[32m-     // ================================== //[39m
[32m-[39m
[32m-     // 1. slice messages with config[39m
[32m-     let preprocessMsgs = chatHelpers.getSlicedMessages(messages, 
chatConfig);",[39m
[31m+     "pageContent": "set({ messagesMap: nextMap }, false, { type: 
`dispatchMessage/${payload.type}`, payload });
[39m
[31m+   },
[39m
[31m+   internal_fetchAIChatMessage: async (messages, assistantId, params) => 
{
[39m
[31m+     const {
[39m
[31m+       internal_toggleChatLoading,
[39m
[31m+       refreshMessages,
[39m
[31m+       internal_updateMessageContent,
[39m
[31m+       internal_dispatchMessage,
[39m
[31m+       internal_toggleToolCallingStreaming,
[39m
[31m+     } = get();
[39m
[31m+ 
[39m
[31m+     const abortController = internal_toggleChatLoading(
[39m
[31m+       true,
[39m
[31m+       assistantId,
[39m
[31m+       n('generateMessage(start)', { assistantId, messages }) as string,
[39m
[31m+     );
[39m
[31m+ 
[39m
[31m+     const agentConfig = getAgentConfig();
[39m
[31m+     const chatConfig = agentConfig.chatConfig;
[39m
[31m+ 
[39m
[31m+     const compiler = template(chatConfig.inputTemplate, { interpolate: 
/{{([\\S\\s]+?)}}/g });
[39m
[31m+ 
[39m
[31m+     // ================================== //",[39m
[2m    },[22m
[32m-   {[39m
[31m+   Document {[39m
[31m+     "id": undefined,[39m
[2m      "metadata": {[22m
[2m        "loc": {[22m
[2m          "lines": {[22m
[32m-           "from": 575,[39m
[32m-           "to": 599,[39m
[31m+           "from": 567,[39m
[31m+           "to": 589,[39m
[2m          },[22m
[2m        },[22m
[2m      },[22m
[32m-     "pageContent": "const compiler = template(chatConfig.inputTemplate, 
{ interpolate: /{{([\\S\\s]+?)}}/g });[39m
[32m-[39m
[32m-     // ================================== //[39m
[32m-     //   messages uniformly preprocess    //[39m
[32m-     // ================================== //[39m
[32m-[39m
[32m-     // 1. slice messages with config[39m
[32m-     let preprocessMsgs = chatHelpers.getSlicedMessages(messages, 
chatConfig);[39m
[32m-[39m
[32m-     // 2. replace inputMessage template[39m
[32m-     preprocessMsgs = !chatConfig.inputTemplate[39m
[32m-       ? preprocessMsgs[39m
[32m-       : preprocessMsgs.map((m) => {[39m
[32m-           if (m.role === 'user') {[39m
[32m-             try {[39m
[32m-               return { ...m, content: compiler({ text: m.content }) 
};[39m
[32m-             } catch (error) {[39m
[32m-               console.error(error);[39m
[32m-[39m
[32m-               return m;[39m
[32m-             }[39m
[32m-           }[39m
[32m-[39m
[32m-           return m;[39m
[32m-         });",[39m
[31m+     "pageContent": "true,
[39m
[31m+       assistantId,
[39m
[31m+       n('generateMessage(start)', { assistantId, messages }) as string,
[39m
[31m+     );
[39m
[31m+ 
[39m
[31m+     const agentConfig = getAgentConfig();
[39m
[31m+     const chatConfig = agentConfig.chatConfig;
[39m
[31m+ 
[39m
[31m+     const compiler = template(chatConfig.inputTemplate, { interpolate: 
/{{([\\S\\s]+?)}}/g });
[39m
[31m+ 
[39m
[31m+     // ================================== //
[39m
[31m+     //   messages uniformly preprocess    //
[39m
[31m+     // ================================== //
[39m
[31m+ 
[39m
[31m+     // 1. slice messages with config
[39m
[31m+     let preprocessMsgs = chatHelpers.getSlicedMessages(messages, 
chatConfig);
[39m
[31m+ 
[39m
[31m+     // 2. replace inputMessage template
[39m
[31m+     preprocessMsgs = !chatConfig.inputTemplate
[39m
[31m+       ? preprocessMsgs
[39m
[31m+       : preprocessMsgs.map((m) => {
[39m
[31m+           if (m.role === 'user') {
[39m
[31m+             try {",[39m
[2m    },[22m
[32m-   {[39m
[31m+   Document {[39m
[31m+     "id": undefined,[39m
[2m      "metadata": {[22m
[2m        "loc": {[22m
[2m          "lines": {[22m
[32m-           "from": 594,[39m
[32m-           "to": 609,[39m
[31m+           "from": 579,[39m
[31m+           "to": 604,[39m
[2m          },[22m
[2m        },[22m
[2m      },[22m
[32m-     "pageContent": "return m;[39m
[32m-             }[39m
[32m-           }[39m
[32m-[39m
[32m-           return m;[39m
[32m-         });[39m
[32m-[39m
[32m-     // 3. add systemRole[39m
[32m-     if (agentConfig.systemRole) {[39m
[32m-       preprocessMsgs.unshift({ content: agentConfig.systemRole, role: 
'system' } as ChatMessage);[39m
[32m-     }[39m
[32m-[39m
[32m-     // 4. handle max_tokens[39m
[32m-     agentConfig.params.max_tokens = chatConfig.enableMaxTokens[39m
[32m-       ? agentConfig.params.max_tokens[39m
[32m-       : undefined;",[39m
[31m+     "pageContent": "// ================================== //
[39m
[31m+ 
[39m
[31m+     // 1. slice messages with config
[39m
[31m+     let preprocessMsgs = chatHelpers.getSlicedMessages(messages, 
chatConfig);
[39m
[31m+ 
[39m
[31m+     // 2. replace inputMessage template
[39m
[31m+     preprocessMsgs = !chatConfig.inputTemplate
[39m
[31m+       ? preprocessMsgs
[39m
[31m+       : preprocessMsgs.map((m) => {
[39m
[31m+           if (m.role === 'user') {
[39m
[31m+             try {
[39m
[31m+               return { ...m, content: compiler({ text: m.content }) };
[39m
[31m+             } catch (error) {
[39m
[31m+               console.error(error);
[39m
[31m+ 
[39m
[31m+               return m;
[39m
[31m+             }
[39m
[31m+           }
[39m
[31m+ 
[39m
[31m+           return m;
[39m
[31m+         });
[39m
[31m+ 
[39m
[31m+     // 3. add systemRole
[39m
[31m+     if (agentConfig.systemRole) {
[39m
[31m+       preprocessMsgs.unshift({ content: agentConfig.systemRole, role: 
'system' } as ChatMessage);
[39m
[31m+     }",[39m
[2m    },[22m
[32m-   {[39m
[31m+   Document {[39m
[31m+     "id": undefined,[39m
[2m      "metadata": {[22m
[2m        "loc": {[22m
[2m          "lines": {[22m
[32m-           "from": 598,[39m
[32m-           "to": 619,[39m
[31m+           "from": 591,[39m
[31m+           "to": 615,[39m
[2m          },[22m
[2m        },[22m
[2m      },[22m
[32m-     "pageContent": "return m;[39m
[32m-         });[39m
[32m-[39m
[32m-     // 3. add systemRole[39m
[32m-     if (agentConfig.systemRole) {[39m
[32m-       preprocessMsgs.unshift({ content: agentConfig.systemRole, role: 
'system' } as ChatMessage);[39m
[32m-     }[39m
[32m-[39m
[32m-     // 4. handle max_tokens[39m
[32m-     agentConfig.params.max_tokens = chatConfig.enableMaxTokens[39m
[32m-       ? agentConfig.params.max_tokens[39m
[32m-       : undefined;[39m
[32m-[39m
[32m-     // 5. handle config for the vision model[39m
[32m-     // Due to the gpt-4-vision-preview model's default max_tokens is 
very small[39m
[32m-     // we need to set the max_tokens a larger one.[39m
[32m-     if (agentConfig.model === 'gpt-4-vision-preview') {[39m
[32m-       /* eslint-disable unicorn/no-lonely-if */[39m
[32m-       if (!agentConfig.params.max_tokens)[39m
[32m-         // refs: https://github.com/lobehub/lobe-chat/issues/837[39m
[32m-         agentConfig.params.max_tokens = 2048;[39m
[32m-     }",[39m
[31m+     "pageContent": "} catch (error) {
[39m
[31m+               console.error(error);
[39m
[31m+ 
[39m
[31m+               return m;
[39m
[31m+             }
[39m
[31m+           }
[39m
[31m+ 
[39m
[31m+           return m;
[39m
[31m+         });
[39m
[31m+ 
[39m
[31m+     // 3. add systemRole
[39m
[31m+     if (agentConfig.systemRole) {
[39m
[31m+       preprocessMsgs.unshift({ content: agentConfig.systemRole, role: 
'system' } as ChatMessage);
[39m
[31m+     }
[39m
[31m+ 
[39m
[31m+     // 4. handle max_tokens
[39m
[31m+     agentConfig.params.max_tokens = chatConfig.enableMaxTokens
[39m
[31m+       ? agentConfig.params.max_tokens
[39m
[31m+       : undefined;
[39m
[31m+ 
[39m
[31m+     // 5. handle config for the vision model
[39m
[31m+     // Due to the gpt-4-vision-preview model's default max_tokens is 
very small
[39m
[31m+     // we need to set the max_tokens a larger one.
[39m
[31m+     if (agentConfig.model === 'gpt-4-vision-preview') {
[39m
[31m+       /* eslint-disable unicorn/no-lonely-if */",[39m
[2m    },[22m
[32m-   {[39m
[31m+   Document {[39m
[31m+     "id": undefined,[39m
[2m      "metadata": {[22m
[2m        "loc": {[22m
[2m          "lines": {[22m
[32m-           "from": 621,[39m
[32m-           "to": 623,[39m
[31m+           "from": 608,[39m
[31m+           "to": 629,[39m
[2m          },[22m
[2m        },[22m
[2m      },[22m
[32m-     "pageContent": "let isFunctionCall = false;[39m
[32m-     let msgTraceId: string | undefined;[39m
[32m-     let output = '';",[39m
[31m+     "pageContent": "? agentConfig.params.max_tokens
[39m
[31m+       : undefined;
[39m
[31m+ 
[39m
[31m+     // 5. handle config for the vision model
[39m
[31m+     // Due to the gpt-4-vision-preview model's default max_tokens is 
very small
[39m
[31m+     // we need to set the max_tokens a larger one.
[39m
[31m+     if (agentConfig.model === 'gpt-4-vision-preview') {
[39m
[31m+       /* eslint-disable unicorn/no-lonely-if */
[39m
[31m+       if (!agentConfig.params.max_tokens)
[39m
[31m+         // refs: https://github.com/lobehub/lobe-chat/issues/837
[39m
[31m+         agentConfig.params.max_tokens = 2048;
[39m
[31m+     }
[39m
[31m+ 
[39m
[31m+     let isFunctionCall = false;
[39m
[31m+     let msgTraceId: string | undefined;
[39m
[31m+     let output = '';
[39m
[31m+ 
[39m
[31m+     await chatService.createAssistantMessageStream({
[39m
[31m+       abortController,
[39m
[31m+       params: {
[39m
[31m+         messages: preprocessMsgs,
[39m
[31m+         model: agentConfig.model,",[39m
[2m    },[22m
[32m-   {[39m
[31m+   Document {[39m
[31m+     "id": undefined,[39m
[2m      "metadata": {[22m
[2m        "loc": {[22m
[2m          "lines": {[22m
[32m-           "from": 625,[39m
[32m-           "to": 647,[39m
[31m+           "from": 617,[39m
[31m+           "to": 641,[39m
[2m          },[22m
[2m        },[22m
[2m      },[22m
[32m-     "pageContent": "await 
chatService.createAssistantMessageStream({[39m
[32m-       abortController,[39m
[32m-       params: {[39m
[32m-         messages: preprocessMsgs,[39m
[32m-         model: agentConfig.model,[39m
[32m-         provider: agentConfig.provider,[39m
[32m-         ...agentConfig.params,[39m
[32m-         plugins: agentConfig.plugins,[39m
[32m-       },[39m
[32m-       trace: {[39m
[32m-         traceId: params?.traceId,[39m
[32m-         sessionId: get().activeId,[39m
[32m-         topicId: get().activeTopicId,[39m
[32m-         traceName: TraceNameMap.Conversation,[39m
[32m-       },[39m
[32m-       isWelcomeQuestion: params?.isWelcomeQuestion,[39m
[32m-       onErrorHandle: async (error) => {[39m
[32m-         await messageService.updateMessageError(assistantId, 
error);[39m
[32m-         await refreshMessages();[39m
[32m-       },[39m
[32m-       onFinish: async (content, { traceId, observationId, toolCalls }) 
=> {[39m
[32m-         // if there is traceId, update it[39m
[32m-         if (traceId) {",[39m
[31m+     "pageContent": "// refs: 
https://github.com/lobehub/lobe-chat/issues/837
[39m
[31m+         agentConfig.params.max_tokens = 2048;
[39m
[31m+     }
[39m
[31m+ 
[39m
[31m+     let isFunctionCall = false;
[39m
[31m+     let msgTraceId: string | undefined;
[39m
[31m+     let output = '';
[39m
[31m+ 
[39m
[31m+     await chatService.createAssistantMessageStream({
[39m
[31m+       abortController,
[39m
[31m+       params: {
[39m
[31m+         messages: preprocessMsgs,
[39m
[31m+         model: agentConfig.model,
[39m
[31m+         provider: agentConfig.provider,
[39m
[31m+         ...agentConfig.params,
[39m
[31m+         plugins: agentConfig.plugins,
[39m
[31m+       },
[39m
[31m+       trace: {
[39m
[31m+         traceId: params?.traceId,
[39m
[31m+         sessionId: get().activeId,
[39m
[31m+         topicId: get().activeTopicId,
[39m
[31m+         traceName: TraceNameMap.Conversation,
[39m
[31m+       },
[39m
[31m+       isWelcomeQuestion: params?.isWelcomeQuestion,
[39m
[31m+       onErrorHandle: async (error) => {",[39m
[2m    },[22m
[32m-   {[39m
[31m+   Document {[39m
[31m+     "id": undefined,[39m
[2m      "metadata": {[22m
[2m        "loc": {[22m
[2m          "lines": {[22m
[32m-           "from": 638,[39m
[32m-           "to": 653,[39m
[31m+           "from": 630,[39m
[31m+           "to": 650,[39m
[2m          },[22m
[2m        },[22m
[2m      },[22m
[32m-     "pageContent": "traceName: TraceNameMap.Conversation,[39m
[32m-       },[39m
[32m-       isWelcomeQuestion: params?.isWelcomeQuestion,[39m
[32m-       onErrorHandle: async (error) => {[39m
[32m-         await messageService.updateMessageError(assistantId, 
error);[39m
[32m-         await refreshMessages();[39m
[32m-       },[39m
[32m-       onFinish: async (content, { traceId, observationId, toolCalls }) 
=> {[39m
[32m-         // if there is traceId, update it[39m
[32m-         if (traceId) {[39m
[32m-           msgTraceId = traceId;[39m
[32m-           await messageService.updateMessage(assistantId, {[39m
[32m-             traceId,[39m
[32m-             observationId: observationId ?? undefined,[39m
[32m-           });[39m
[32m-         }",[39m
[31m+     "pageContent": "provider: agentConfig.provider,
[39m
[31m+         ...agentConfig.params,
[39m
[31m+         plugins: agentConfig.plugins,
[39m
[31m+       },
[39m
[31m+       trace: {
[39m
[31m+         traceId: params?.traceId,
[39m
[31m+         sessionId: get().activeId,
[39m
[31m+         topicId: get().activeTopicId,
[39m
[31m+         traceName: TraceNameMap.Conversation,
[39m
[31m+       },
[39m
[31m+       isWelcomeQuestion: params?.isWelcomeQuestion,
[39m
[31m+       onErrorHandle: async (error) => {
[39m
[31m+         await messageService.updateMessageError(assistantId, error);
[39m
[31m+         await refreshMessages();
[39m
[31m+       },
[39m
[31m+       onFinish: async (content, { traceId, observationId, toolCalls }) 
=> {
[39m
[31m+         // if there is traceId, update it
[39m
[31m+         if (traceId) {
[39m
[31m+           msgTraceId = traceId;
[39m
[31m+           await messageService.updateMessage(assistantId, {
[39m
[31m+             traceId,",[39m
[2m    },[22m
[32m-   {[39m
[31m+   Document {[39m
[31m+     "id": undefined,[39m
[2m      "metadata": {[22m
[2m        "loc": {[22m
[2m          "lines": {[22m
[32m-           "from": 655,[39m
[32m-           "to": 672,[39m
[31m+           "from": 642,[39m
[31m+           "to": 662,[39m
[2m          },[22m
[2m        },[22m
[2m      },[22m
[32m-     "pageContent": "if (toolCalls && toolCalls.length > 0) {[39m
[32m-           internal_toggleToolCallingStreaming(assistantId, 
undefined);[39m
[32m-         }[39m
[32m-[39m
[32m-         // update the content after fetch result[39m
[32m-         await internal_updateMessageContent(assistantId, content, 
toolCalls);[39m
[32m-       },[39m
[32m-       onMessageHandle: async (chunk) => {[39m
[32m-         switch (chunk.type) {[39m
[32m-           case 'text': {[39m
[32m-             output += chunk.text;[39m
[32m-             internal_dispatchMessage({[39m
[32m-               id: assistantId,[39m
[32m-               type: 'updateMessage',[39m
[32m-               value: { content: output },[39m
[32m-             });[39m
[32m-             break;[39m
[32m-           }",[39m
[31m+     "pageContent": "await 
messageService.updateMessageError(assistantId, error);
[39m
[31m+         await refreshMessages();
[39m
[31m+       },
[39m
[31m+       onFinish: async (content, { traceId, observationId, toolCalls }) 
=> {
[39m
[31m+         // if there is traceId, update it
[39m
[31m+         if (traceId) {
[39m
[31m+           msgTraceId = traceId;
[39m
[31m+           await messageService.updateMessage(assistantId, {
[39m
[31m+             traceId,
[39m
[31m+             observationId: observationId ?? undefined,
[39m
[31m+           });
[39m
[31m+         }
[39m
[31m+ 
[39m
[31m+         if (toolCalls && toolCalls.length > 0) {
[39m
[31m+           internal_toggleToolCallingStreaming(assistantId, undefined);
[39m
[31m+         }
[39m
[31m+ 
[39m
[31m+         // update the content after fetch result
[39m
[31m+         await internal_updateMessageContent(assistantId, content, 
toolCalls);
[39m
[31m+       },
[39m
[31m+       onMessageHandle: async (chunk) => {",[39m
[2m    },[22m
[32m-   {[39m
[31m+   Document {[39m
[31m+     "id": undefined,[39m
[2m      "metadata": {[22m
[2m        "loc": {[22m
[2m          "lines": {[22m
[32m-           "from": 674,[39m
[32m-           "to": 698,[39m
[31m+           "from": 652,[39m
[31m+           "to": 675,[39m
[2m          },[22m
[2m        },[22m
[2m      },[22m
[32m-     "pageContent": "// is this message is just a tool call[39m
[32m-           case 'tool_calls': {[39m
[32m-             internal_toggleToolCallingStreaming(assistantId, 
chunk.isAnimationActives);[39m
[32m-             internal_dispatchMessage({[39m
[32m-               id: assistantId,[39m
[32m-               type: 'updateMessage',[39m
[32m-               value: { tools: 
get().internal_transformToolCalls(chunk.tool_calls) },[39m
[32m-             });[39m
[32m-             isFunctionCall = true;[39m
[32m-           }[39m
[32m-         }[39m
[32m-       },[39m
[32m-     });[39m
[32m-[39m
[32m-     internal_toggleChatLoading(false, assistantId, 
n('generateMessage(end)') as string);[39m
[32m-[39m
[32m-     return {[39m
[32m-       isFunctionCall,[39m
[32m-       traceId: msgTraceId,[39m
[32m-     };[39m
[32m-   },[39m
[32m-[39m
[32m-   internal_resendMessage: async (messageId, traceId) => {[39m
[32m-     // 1. µ₧äΘÇáµëÇµ£ëτ¢╕σà│τÜäσÄåσÅ▓Φ«░σ╜ò[39m
[32m-     const chats = chatSelectors.currentChats(get());",[39m
[31m+     "pageContent": "});
[39m
[31m+         }
[39m
[31m+ 
[39m
[31m+         if (toolCalls && toolCalls.length > 0) {
[39m
[31m+           internal_toggleToolCallingStreaming(assistantId, undefined);
[39m
[31m+         }
[39m
[31m+ 
[39m
[31m+         // update the content after fetch result
[39m
[31m+         await internal_updateMessageContent(assistantId, content, 
toolCalls);
[39m
[31m+       },
[39m
[31m+       onMessageHandle: async (chunk) => {
[39m
[31m+         switch (chunk.type) {
[39m
[31m+           case 'text': {
[39m
[31m+             output += chunk.text;
[39m
[31m+             internal_dispatchMessage({
[39m
[31m+               id: assistantId,
[39m
[31m+               type: 'updateMessage',
[39m
[31m+               value: { content: output },
[39m
[31m+             });
[39m
[31m+             break;
[39m
[31m+           }
[39m
[31m+ 
[39m
[31m+           // is this message is just a tool call
[39m
[31m+           case 'tool_calls': {",[39m
[2m    },[22m
[32m-   {[39m
[31m+   Document {[39m
[31m+     "id": undefined,[39m
[2m      "metadata": {[22m
[2m        "loc": {[22m
[2m          "lines": {[22m
[32m-           "from": 688,[39m
[32m-           "to": 705,[39m
[31m+           "from": 663,[39m
[31m+           "to": 686,[39m
[2m          },[22m
[2m        },[22m
[2m      },[22m
[32m-     "pageContent": "internal_toggleChatLoading(false, assistantId, 
n('generateMessage(end)') as string);[39m
[32m-[39m
[32m-     return {[39m
[32m-       isFunctionCall,[39m
[32m-       traceId: msgTraceId,[39m
[32m-     };[39m
[32m-   },[39m
[32m-[39m
[32m-   internal_resendMessage: async (messageId, traceId) => {[39m
[32m-     // 1. µ₧äΘÇáµëÇµ£ëτ¢╕σà│τÜäσÄåσÅ▓Φ«░σ╜ò[39m
[32m-     const chats = chatSelectors.currentChats(get());[39m
[32m-[39m
[32m-     const currentIndex = chats.findIndex((c) => c.id === 
messageId);[39m
[32m-     if (currentIndex < 0) return;[39m
[32m-[39m
[32m-     const currentMessage = chats[currentIndex];[39m
[32m-[39m
[32m-     let contextMessages: ChatMessage[] = [];",[39m
[31m+     "pageContent": "switch (chunk.type) {
[39m
[31m+           case 'text': {
[39m
[31m+             output += chunk.text;
[39m
[31m+             internal_dispatchMessage({
[39m
[31m+               id: assistantId,
[39m
[31m+               type: 'updateMessage',
[39m
[31m+               value: { content: output },
[39m
[31m+             });
[39m
[31m+             break;
[39m
[31m+           }
[39m
[31m+ 
[39m
[31m+           // is this message is just a tool call
[39m
[31m+           case 'tool_calls': {
[39m
[31m+             internal_toggleToolCallingStreaming(assistantId, 
chunk.isAnimationActives);
[39m
[31m+             internal_dispatchMessage({
[39m
[31m+               id: assistantId,
[39m
[31m+               type: 'updateMessage',
[39m
[31m+               value: { tools: 
get().internal_transformToolCalls(chunk.tool_calls) },
[39m
[31m+             });
[39m
[31m+             isFunctionCall = true;
[39m
[31m+           }
[39m
[31m+         }
[39m
[31m+       },
[39m
[31m+     });",[39m
[2m    },[22m
[32m-   {[39m
[31m+   Document {[39m
[31m+     "id": undefined,[39m
[2m      "metadata": {[22m
[2m        "loc": {[22m
[2m          "lines": {[22m
[32m-           "from": 700,[39m
[32m-           "to": 723,[39m
[31m+           "from": 676,[39m
[31m+           "to": 701,[39m
[2m          },[22m
[2m        },[22m
[2m      },[22m
[32m-     "pageContent": "const currentIndex = chats.findIndex((c) => c.id 
=== messageId);[39m
[32m-     if (currentIndex < 0) return;[39m
[32m-[39m
[32m-     const currentMessage = chats[currentIndex];[39m
[32m-[39m
[32m-     let contextMessages: ChatMessage[] = [];[39m
[32m-[39m
[32m-     switch (currentMessage.role) {[39m
[32m-       case 'tool':[39m
[32m-       case 'user': {[39m
[32m-         contextMessages = chats.slice(0, currentIndex + 1);[39m
[32m-         break;[39m
[32m-       }[39m
[32m-       case 'assistant': {[39m
[32m-         // µ╢êµü»µÿ» AI σÅæσç║τÜäσ¢áµ¡ñΘ£ÇΦªüµë╛σê░σ«âτÜä user 
µ╢êµü»[39m
[32m-         const userId = currentMessage.parentId;[39m
[32m-         const userIndex = chats.findIndex((c) => c.id === userId);[39m
[32m-         // σªéµ₧£µ╢êµü»µ▓íµ£ë parentId∩╝îΘéúΣ╣êσÉî user/function 
µ¿íσ╝Å[39m
[32m-         contextMessages = chats.slice(0, userIndex < 0 ? currentIndex + 
1 : userIndex + 1);[39m
[32m-         break;[39m
[32m-       }[39m
[32m-     }[39m
[32m-[39m
[32m-     if (contextMessages.length <= 0) return;",[39m
[31m+     "pageContent": "internal_toggleToolCallingStreaming(assistantId, 
chunk.isAnimationActives);
[39m
[31m+             internal_dispatchMessage({
[39m
[31m+               id: assistantId,
[39m
[31m+               type: 'updateMessage',
[39m
[31m+               value: { tools: 
get().internal_transformToolCalls(chunk.tool_calls) },
[39m
[31m+             });
[39m
[31m+             isFunctionCall = true;
[39m
[31m+           }
[39m
[31m+         }
[39m
[31m+       },
[39m
[31m+     });
[39m
[31m+ 
[39m
[31m+     internal_toggleChatLoading(false, assistantId, 
n('generateMessage(end)') as string);
[39m
[31m+ 
[39m
[31m+     return {
[39m
[31m+       isFunctionCall,
[39m
[31m+       traceId: msgTraceId,
[39m
[31m+     };
[39m
[31m+   },
[39m
[31m+ 
[39m
[31m+   internal_resendMessage: async (messageId, traceId) => {
[39m
[31m+     // 1. µ₧äΘÇáµëÇµ£ëτ¢╕σà│τÜäσÄåσÅ▓Φ«░σ╜ò
[39m
[31m+     const chats = chatSelectors.currentChats(get());
[39m
[31m+ 
[39m
[31m+     const currentIndex = chats.findIndex((c) => c.id === messageId);
[39m
[31m+     if (currentIndex < 0) return;",[39m
[2m    },[22m
[32m-   {[39m
[31m+   Document {[39m
[31m+     "id": undefined,[39m
[2m      "metadata": {[22m
[2m        "loc": {[22m
[2m          "lines": {[22m
[32m-           "from": 723,[39m
[32m-           "to": 743,[39m
[31m+           "from": 690,[39m
[31m+           "to": 716,[39m
[2m          },[22m
[2m        },[22m
[2m      },[22m
[32m-     "pageContent": "if (contextMessages.length <= 0) return;[39m
[32m-[39m
[32m-     const { internal_coreProcessMessage } = get();[39m
[32m-[39m
[32m-     const latestMsg = contextMessages.findLast((s) => s.role === 
'user');[39m
[32m-[39m
[32m-     if (!latestMsg) return;[39m
[32m-[39m
[32m-     await internal_coreProcessMessage(contextMessages, latestMsg.id, 
{[39m
[32m-       traceId,[39m
[32m-       ragQuery: currentMessage.content,[39m
[32m-     });[39m
[32m-   },[39m
[32m-[39m
[32m-   internal_updateMessageError: async (id, error) => {[39m
[32m-     get().internal_dispatchMessage({ id, type: 'updateMessage', value: 
{ error } });[39m
[32m-     await messageService.updateMessage(id, { error });[39m
[32m-     await get().refreshMessages();[39m
[32m-   },[39m
[32m-   internal_updateMessageContent: async (id, content, toolCalls) => 
{[39m
[32m-     const { internal_dispatchMessage, refreshMessages, 
internal_transformToolCalls } = get();",[39m
[31m+     "pageContent": "return {
[39m
[31m+       isFunctionCall,
[39m
[31m+       traceId: msgTraceId,
[39m
[31m+     };
[39m
[31m+   },
[39m
[31m+ 
[39m
[31m+   internal_resendMessage: async (messageId, traceId) => {
[39m
[31m+     // 1. µ₧äΘÇáµëÇµ£ëτ¢╕σà│τÜäσÄåσÅ▓Φ«░σ╜ò
[39m
[31m+     const chats = chatSelectors.currentChats(get());
[39m
[31m+ 
[39m
[31m+     const currentIndex = chats.findIndex((c) => c.id === messageId);
[39m
[31m+     if (currentIndex < 0) return;
[39m
[31m+ 
[39m
[31m+     const currentMessage = chats[currentIndex];
[39m
[31m+ 
[39m
[31m+     let contextMessages: ChatMessage[] = [];
[39m
[31m+ 
[39m
[31m+     switch (currentMessage.role) {
[39m
[31m+       case 'tool':
[39m
[31m+       case 'user': {
[39m
[31m+         contextMessages = chats.slice(0, currentIndex + 1);
[39m
[31m+         break;
[39m
[31m+       }
[39m
[31m+       case 'assistant': {
[39m
[31m+         // µ╢êµü»µÿ» AI σÅæσç║τÜäσ¢áµ¡ñΘ£ÇΦªüµë╛σê░σ«âτÜä user µ╢êµü»
[39m
[31m+         const userId = currentMessage.parentId;
[39m
[31m+         const userIndex = chats.findIndex((c) => c.id === 
userId);",[39m
[2m    },[22m
[32m-   {[39m
[31m+   Document {[39m
[31m+     "id": undefined,[39m
[2m      "metadata": {[22m
[2m        "loc": {[22m
[2m          "lines": {[22m
[32m-           "from": 745,[39m
[32m-           "to": 763,[39m
[31m+           "from": 705,[39m
[31m+           "to": 729,[39m
[2m          },[22m
[2m        },[22m
[2m      },[22m
[32m-     "pageContent": "// Due to the async update method and refresh need 
about 100ms[39m
[32m-     // we need to update the message content at the frontend to avoid 
the update flick[39m
[32m-     // refs: 
https://medium.com/@kyledeguzmanx/what-are-optimistic-updates-483662c3e171[39m
[32m-     if (toolCalls) {[39m
[32m-       internal_dispatchMessage({[39m
[32m-         id,[39m
[32m-         type: 'updateMessage',[39m
[32m-         value: { tools: internal_transformToolCalls(toolCalls) },[39m
[32m-       });[39m
[32m-     } else {[39m
[32m-       internal_dispatchMessage({ id, type: 'updateMessage', value: { 
content } });[39m
[32m-     }[39m
[32m-[39m
[32m-     await messageService.updateMessage(id, {[39m
[32m-       content,[39m
[32m-       tools: toolCalls ? internal_transformToolCalls(toolCalls) : 
undefined,[39m
[32m-     });[39m
[32m-     await refreshMessages();[39m
[32m-   },",[39m
[31m+     "pageContent": "let contextMessages: ChatMessage[] = [];
[39m
[31m+ 
[39m
[31m+     switch (currentMessage.role) {
[39m
[31m+       case 'tool':
[39m
[31m+       case 'user': {
[39m
[31m+         contextMessages = chats.slice(0, currentIndex + 1);
[39m
[31m+         break;
[39m
[31m+       }
[39m
[31m+       case 'assistant': {
[39m
[31m+         // µ╢êµü»µÿ» AI σÅæσç║τÜäσ¢áµ¡ñΘ£ÇΦªüµë╛σê░σ«âτÜä user µ╢êµü»
[39m
[31m+         const userId = currentMessage.parentId;
[39m
[31m+         const userIndex = chats.findIndex((c) => c.id === userId);
[39m
[31m+         // σªéµ₧£µ╢êµü»µ▓íµ£ë parentId∩╝îΘéúΣ╣êσÉî user/function µ¿íσ╝Å
[39m
[31m+         contextMessages = chats.slice(0, userIndex < 0 ? currentIndex + 
1 : userIndex + 1);
[39m
[31m+         break;
[39m
[31m+       }
[39m
[31m+     }
[39m
[31m+ 
[39m
[31m+     if (contextMessages.length <= 0) return;
[39m
[31m+ 
[39m
[31m+     const { internal_coreProcessMessage } = get();
[39m
[31m+ 
[39m
[31m+     const latestMsg = contextMessages.findLast((s) => s.role === 
'user');
[39m
[31m+ 
[39m
[31m+     if (!latestMsg) return;",[39m
[2m    },[22m
[32m-   {[39m
[31m+   Document {[39m
[31m+     "id": undefined,[39m
[2m      "metadata": {[22m
[2m        "loc": {[22m
[2m          "lines": {[22m
[32m-           "from": 758,[39m
[32m-           "to": 782,[39m
[31m+           "from": 717,[39m
[31m+           "to": 741,[39m
[2m          },[22m
[2m        },[22m
[2m      },[22m
[32m-     "pageContent": "await messageService.updateMessage(id, {[39m
[32m-       content,[39m
[32m-       tools: toolCalls ? internal_transformToolCalls(toolCalls) : 
undefined,[39m
[32m-     });[39m
[32m-     await refreshMessages();[39m
[32m-   },[39m
[32m-[39m
[32m-   internal_createMessage: async (message, context) => {[39m
[32m-     const { internal_createTmpMessage, refreshMessages, 
internal_toggleMessageLoading } = get();[39m
[32m-     let tempId = context?.tempMessageId;[39m
[32m-     if (!tempId) {[39m
[32m-       // use optimistic update to avoid the slow waiting[39m
[32m-       tempId = internal_createTmpMessage(message);[39m
[32m-[39m
[32m-       internal_toggleMessageLoading(true, tempId);[39m
[32m-     }[39m
[32m-[39m
[32m-     const id = await messageService.createMessage(message);[39m
[32m-     if (!context?.skipRefresh) {[39m
[32m-       await refreshMessages();[39m
[32m-     }[39m
[32m-[39m
[32m-     internal_toggleMessageLoading(false, tempId);[39m
[32m-     return id;[39m
[31m+     "pageContent": "// σªéµ₧£µ╢êµü»µ▓íµ£ë parentId∩╝îΘéúΣ╣êσÉî 
user/function µ¿íσ╝Å
[39m
[31m+         contextMessages = chats.slice(0, userIndex < 0 ? currentIndex + 
1 : userIndex + 1);
[39m
[31m+         break;
[39m
[31m+       }
[39m
[31m+     }
[39m
[31m+ 
[39m
[31m+     if (contextMessages.length <= 0) return;
[39m
[31m+ 
[39m
[31m+     const { internal_coreProcessMessage } = get();
[39m
[31m+ 
[39m
[31m+     const latestMsg = contextMessages.findLast((s) => s.role === 
'user');
[39m
[31m+ 
[39m
[31m+     if (!latestMsg) return;
[39m
[31m+ 
[39m
[31m+     await internal_coreProcessMessage(contextMessages, latestMsg.id, {
[39m
[31m+       traceId,
[39m
[31m+       ragQuery: currentMessage.content,
[39m
[31m+     });
[39m
[31m+   },
[39m
[31m+ 
[39m
[31m+   internal_updateMessageError: async (id, error) => {
[39m
[31m+     get().internal_dispatchMessage({ id, type: 'updateMessage', value: 
{ error } });
[39m
[31m+     await messageService.updateMessage(id, { error });
[39m
[31m+     await get().refreshMessages();
[39m
[2m    },",[22m
[2m    },[22m
[32m-   {[39m
[31m+   Document {[39m
[31m+     "id": undefined,[39m
[2m      "metadata": {[22m
[2m        "loc": {[22m
[2m          "lines": {[22m
[32m-           "from": 772,[39m
[32m-           "to": 788,[39m
[31m+           "from": 731,[39m
[31m+           "to": 747,[39m
[2m          },[22m
[2m        },[22m
[2m      },[22m
[32m-     "pageContent": "internal_toggleMessageLoading(true, tempId);[39m
[32m-     }[39m
[32m-[39m
[32m-     const id = await messageService.createMessage(message);[39m
[32m-     if (!context?.skipRefresh) {[39m
[32m-       await refreshMessages();[39m
[32m-     }[39m
[32m-[39m
[32m-     internal_toggleMessageLoading(false, tempId);[39m
[32m-     return id;[39m
[32m-   },[39m
[32m-[39m
[32m-   internal_fetchMessages: async () => {[39m
[32m-     const messages = await messageService.getMessages(get().activeId, 
get().activeTopicId);[39m
[32m-     const nextMap = { ...get().messagesMap, 
[chatSelectors.currentChatKey(get())]: messages };[39m
[32m-     // no need to update map if the messages have been init and the map 
is the same[39m
[32m-     if (get().messagesInit && isEqual(nextMap, get().messagesMap)) 
return;",[39m
[31m+     "pageContent": "await internal_coreProcessMessage(contextMessages, 
latestMsg.id, {
[39m
[31m+       traceId,
[39m
[31m+       ragQuery: currentMessage.content,
[39m
[31m+     });
[39m
[31m+   },
[39m
[31m+ 
[39m
[31m+   internal_updateMessageError: async (id, error) => {
[39m
[31m+     get().internal_dispatchMessage({ id, type: 'updateMessage', value: 
{ error } });
[39m
[31m+     await messageService.updateMessage(id, { error });
[39m
[31m+     await get().refreshMessages();
[39m
[31m+   },
[39m
[31m+   internal_updateMessageContent: async (id, content, toolCalls) => {
[39m
[31m+     const { internal_dispatchMessage, refreshMessages, 
internal_transformToolCalls } = get();
[39m
[31m+ 
[39m
[31m+     // Due to the async update method and refresh need about 100ms
[39m
[31m+     // we need to update the message content at the frontend to avoid 
the update flick
[39m
[31m+     // refs: https://medium.com/@kyledeguzmanx/what-are-optimistic-updat
es-483662c3e171",[39m
[2m    },[22m
[32m-   {[39m
[31m+   Document {[39m
[31m+     "id": undefined,[39m
[2m      "metadata": {[22m
[2m        "loc": {[22m
[2m          "lines": {[22m
[32m-           "from": 784,[39m
[32m-           "to": 801,[39m
[31m+           "from": 743,[39m
[31m+           "to": 761,[39m
[31m+         },[39m
[31m+       },[39m
[31m+     },[39m
[31m+     "pageContent": "const { internal_dispatchMessage, refreshMessages, 
internal_transformToolCalls } = get();
[39m
[31m+ 
[39m
[31m+     // Due to the async update method and refresh need about 100ms
[39m
[31m+     // we need to update the message content at the frontend to avoid 
the update flick
[39m
[31m+     // refs: 
https://medium.com/@kyledeguzmanx/what-are-optimistic-updates-483662c3e171
[39m
[31m+     if (toolCalls) {
[39m
[31m+       internal_dispatchMessage({
[39m
[31m+         id,
[39m
[31m+         type: 'updateMessage',
[39m
[31m+         value: { tools: internal_transformToolCalls(toolCalls) },
[39m
[31m+       });
[39m
[31m+     } else {
[39m
[31m+       internal_dispatchMessage({ id, type: 'updateMessage', value: { 
content } });
[39m
[31m+     }
[39m
[31m+ 
[39m
[31m+     await messageService.updateMessage(id, {
[39m
[31m+       content,
[39m
[31m+       tools: toolCalls ? internal_transformToolCalls(toolCalls) : 
undefined,
[39m
[31m+     });",[39m
[2m    },[22m
[31m+   Document {[39m
[31m+     "id": undefined,[39m
[31m+     "metadata": {[39m
[31m+       "loc": {[39m
[31m+         "lines": {[39m
[31m+           "from": 750,[39m
[31m+           "to": 772,[39m
[2m          },[22m
[2m        },[22m
[32m-     "pageContent": "internal_fetchMessages: async () => {[39m
[32m-     const messages = await messageService.getMessages(get().activeId, 
get().activeTopicId);[39m
[32m-     const nextMap = { ...get().messagesMap, 
[chatSelectors.currentChatKey(get())]: messages };[39m
[32m-     // no need to update map if the messages have been init and the map 
is the same[39m
[32m-     if (get().messagesInit && isEqual(nextMap, get().messagesMap)) 
return;[39m
[32m-[39m
[32m-     set([39m
[32m-       { messagesInit: true, messagesMap: nextMap },[39m
[32m-       false,[39m
[32m-       n('internal_fetchMessages', { messages }),[39m
[32m-     );[39m
[32m-   },[39m
[32m-   internal_createTmpMessage: (message) => {[39m
[32m-     const { internal_dispatchMessage } = get();[39m
[32m-[39m
[32m-     // use optimistic update to avoid the slow waiting[39m
[32m-     const tempId = 'tmp_' + nanoid();[39m
[32m-     internal_dispatchMessage({ type: 'createMessage', id: tempId, 
value: message });",[39m
[2m      },[22m
[32m-   {[39m
[31m+     "pageContent": "id,
[39m
[31m+         type: 'updateMessage',
[39m
[31m+         value: { tools: internal_transformToolCalls(toolCalls) },
[39m
[31m+       });
[39m
[31m+     } else {
[39m
[31m+       internal_dispatchMessage({ id, type: 'updateMessage', value: { 
content } });
[39m
[31m+     }
[39m
[31m+ 
[39m
[31m+     await messageService.updateMessage(id, {
[39m
[31m+       content,
[39m
[31m+       tools: toolCalls ? internal_transformToolCalls(toolCalls) : 
undefined,
[39m
[31m+     });
[39m
[31m+     await refreshMessages();
[39m
[31m+   },
[39m
[31m+ 
[39m
[31m+   internal_createMessage: async (message, context) => {
[39m
[31m+     const { internal_createTmpMessage, refreshMessages, 
internal_toggleMessageLoading } = get();
[39m
[31m+     let tempId = context?.tempMessageId;
[39m
[31m+     if (!tempId) {
[39m
[31m+       // use optimistic update to avoid the slow waiting
[39m
[31m+       tempId = internal_createTmpMessage(message);
[39m
[31m+ 
[39m
[31m+       internal_toggleMessageLoading(true, tempId);",[39m
[31m+   },[39m
[31m+   Document {[39m
[31m+     "id": undefined,[39m
[31m+     "metadata": {[39m
[31m+       "loc": {[39m
[31m+         "lines": {[39m
[31m+           "from": 763,[39m
[31m+           "to": 785,[39m
[31m+         },[39m
[31m+       },[39m
[31m+     },[39m
[31m+     "pageContent": "},
[39m
[31m+ 
[39m
[31m+   internal_createMessage: async (message, context) => {
[39m
[31m+     const { internal_createTmpMessage, refreshMessages, 
internal_toggleMessageLoading } = get();
[39m
[31m+     let tempId = context?.tempMessageId;
[39m
[31m+     if (!tempId) {
[39m
[31m+       // use optimistic update to avoid the slow waiting
[39m
[31m+       tempId = internal_createTmpMessage(message);
[39m
[31m+ 
[39m
[31m+       internal_toggleMessageLoading(true, tempId);
[39m
[31m+     }
[39m
[31m+ 
[39m
[31m+     const id = await messageService.createMessage(message);
[39m
[31m+     if (!context?.skipRefresh) {
[39m
[31m+       await refreshMessages();
[39m
[31m+     }
[39m
[31m+ 
[39m
[31m+     internal_toggleMessageLoading(false, tempId);
[39m
[31m+     return id;
[39m
[31m+   },
[39m
[31m+ 
[39m
[31m+   internal_fetchMessages: async () => {
[39m
[31m+     const messages = await messageService.getMessages(get().activeId, 
get().activeTopicId);",[39m
[31m+   },[39m
[31m+   Document {[39m
[31m+     "id": undefined,[39m
[31m+     "metadata": {[39m
[31m+       "loc": {[39m
[31m+         "lines": {[39m
[31m+           "from": 773,[39m
[31m+           "to": 796,[39m
[31m+         },[39m
[31m+       },[39m
[31m+     },[39m
[31m+     "pageContent": "}
[39m
[31m+ 
[39m
[31m+     const id = await messageService.createMessage(message);
[39m
[31m+     if (!context?.skipRefresh) {
[39m
[31m+       await refreshMessages();
[39m
[31m+     }
[39m
[31m+ 
[39m
[31m+     internal_toggleMessageLoading(false, tempId);
[39m
[31m+     return id;
[39m
[31m+   },
[39m
[31m+ 
[39m
[31m+   internal_fetchMessages: async () => {
[39m
[31m+     const messages = await messageService.getMessages(get().activeId, 
get().activeTopicId);
[39m
[31m+     const nextMap = { ...get().messagesMap, 
[chatSelectors.currentChatKey(get())]: messages };
[39m
[31m+     // no need to update map if the messages have been init and the map 
is the same
[39m
[31m+     if (get().messagesInit && isEqual(nextMap, get().messagesMap)) 
return;
[39m
[31m+ 
[39m
[31m+     set(
[39m
[31m+       { messagesInit: true, messagesMap: nextMap },
[39m
[31m+       false,
[39m
[31m+       n('internal_fetchMessages', { messages }),
[39m
[31m+     );
[39m
[31m+   },
[39m
[31m+   internal_createTmpMessage: (message) => {",[39m
[31m+   },[39m
[31m+   Document {[39m
[31m+     "id": undefined,[39m
[31m+     "metadata": {[39m
[31m+       "loc": {[39m
[31m+         "lines": {[39m
[31m+           "from": 787,[39m
[31m+           "to": 807,[39m
[31m+         },[39m
[31m+       },[39m
[31m+     },[39m
[31m+     "pageContent": "// no need to update map if the messages have been 
init and the map is the same
[39m
[31m+     if (get().messagesInit && isEqual(nextMap, get().messagesMap)) 
return;
[39m
[31m+ 
[39m
[31m+     set(
[39m
[31m+       { messagesInit: true, messagesMap: nextMap },
[39m
[31m+       false,
[39m
[31m+       n('internal_fetchMessages', { messages }),
[39m
[31m+     );
[39m
[31m+   },
[39m
[31m+   internal_createTmpMessage: (message) => {
[39m
[31m+     const { internal_dispatchMessage } = get();
[39m
[31m+ 
[39m
[31m+     // use optimistic update to avoid the slow waiting
[39m
[31m+     const tempId = 'tmp_' + nanoid();
[39m
[31m+     internal_dispatchMessage({ type: 'createMessage', id: tempId, 
value: message });
[39m
[31m+ 
[39m
[31m+     return tempId;
[39m
[31m+   },
[39m
[31m+   internal_deleteMessage: async (id: string) => {
[39m
[31m+     get().internal_dispatchMessage({ type: 'deleteMessage', id });
[39m
[31m+     await messageService.removeMessage(id);",[39m
[31m+   },[39m
[31m+   Document {[39m
[31m+     "id": undefined,[39m
[2m      "metadata": {[22m
[2m        "loc": {[22m
[2m          "lines": {[22m
[2m            "from": 799,[22m
[32m-           "to": 816,[39m
[31m+           "to": 819,[39m
[2m          },[22m
[2m        },[22m
[2m      },[22m
[32m-     "pageContent": "// use optimistic update to avoid the slow 
waiting[39m
[32m-     const tempId = 'tmp_' + nanoid();[39m
[32m-     internal_dispatchMessage({ type: 'createMessage', id: tempId, 
value: message });[39m
[32m-[39m
[32m-     return tempId;[39m
[32m-   },[39m
[32m-   internal_deleteMessage: async (id: string) => {[39m
[32m-     get().internal_dispatchMessage({ type: 'deleteMessage', id });[39m
[32m-     await messageService.removeMessage(id);[39m
[32m-     await get().refreshMessages();[39m
[32m-   },[39m
[32m-   internal_traceMessage: async (id, payload) => {[39m
[32m-     // tracing the diff of update[39m
[32m-     const message = chatSelectors.getMessageById(id)(get());[39m
[32m-     if (!message) return;[39m
[32m-[39m
[32m-     const traceId = message?.traceId;[39m
[32m-     const observationId = message?.observationId;",[39m
[31m+     "pageContent": "// use optimistic update to avoid the slow waiting
[39m
[31m+     const tempId = 'tmp_' + nanoid();
[39m
[31m+     internal_dispatchMessage({ type: 'createMessage', id: tempId, 
value: message });
[39m
[31m+ 
[39m
[31m+     return tempId;
[39m
[31m+   },
[39m
[31m+   internal_deleteMessage: async (id: string) => {
[39m
[31m+     get().internal_dispatchMessage({ type: 'deleteMessage', id });
[39m
[31m+     await messageService.removeMessage(id);
[39m
[31m+     await get().refreshMessages();
[39m
[31m+   },
[39m
[31m+   internal_traceMessage: async (id, payload) => {
[39m
[31m+     // tracing the diff of update
[39m
[31m+     const message = chatSelectors.getMessageById(id)(get());
[39m
[31m+     if (!message) return;
[39m
[31m+ 
[39m
[31m+     const traceId = message?.traceId;
[39m
[31m+     const observationId = message?.observationId;
[39m
[31m+ 
[39m
[31m+     if (traceId && message?.role === 'assistant') {
[39m
[31m+       traceService",[39m
[2m    },[22m
[32m-   {[39m
[31m+   Document {[39m
[31m+     "id": undefined,[39m
[2m      "metadata": {[22m
[2m        "loc": {[22m
[2m          "lines": {[22m
[32m-           "from": 815,[39m
[32m-           "to": 823,[39m
[31m+           "from": 808,[39m
[31m+           "to": 834,[39m
[2m          },[22m
[2m        },[22m
[2m      },[22m
[32m-     "pageContent": "const traceId = message?.traceId;[39m
[32m-     const observationId = message?.observationId;[39m
[32m-[39m
[32m-     if (traceId && message?.role === 'assistant') {[39m
[32m-       traceService[39m
[32m-         .traceEvent({ traceId, observationId, content: message.content, 
...payload })[39m
[32m-         .catch();[39m
[32m-     }[39m
[31m+     "pageContent": "await get().refreshMessages();
[39m
[31m+   },
[39m
[31m+   internal_traceMessage: async (id, payload) => {
[39m
[31m+     // tracing the diff of update
[39m
[31m+     const message = chatSelectors.getMessageById(id)(get());
[39m
[31m+     if (!message) return;
[39m
[31m+ 
[39m
[31m+     const traceId = message?.traceId;
[39m
[31m+     const observationId = message?.observationId;
[39m
[31m+ 
[39m
[31m+     if (traceId && message?.role === 'assistant') {
[39m
[31m+       traceService
[39m
[31m+         .traceEvent({ traceId, observationId, content: message.content, 
...payload })
[39m
[31m+         .catch();
[39m
[31m+     }
[39m
[31m+   },
[39m
[31m+ 
[39m
[31m+   // ----- Loading ------- //
[39m
[31m+   internal_toggleMessageLoading: (loading, id) => {
[39m
[31m+     set(
[39m
[31m+       {
[39m
[31m+         messageLoadingIds: toggleBooleanList(get().messageLoadingIds, 
id, loading),
[39m
[31m+       },
[39m
[31m+       false,
[39m
[31m+       'internal_toggleMessageLoading',
[39m
[31m+     );
[39m
[2m    },",[22m
[2m    },[22m
[32m-   {[39m
[31m+   Document {[39m
[31m+     "id": undefined,[39m
[2m      "metadata": {[22m
[2m        "loc": {[22m
[2m          "lines": {[22m
[32m-           "from": 825,[39m
[32m-           "to": 848,[39m
[31m+           "from": 820,[39m
[31m+           "to": 844,[39m
[31m+         },[39m
[2m        },[22m
[2m      },[22m
[31m+     "pageContent": ".traceEvent({ traceId, observationId, content: 
message.content, ...payload })
[39m
[31m+         .catch();
[39m
[31m+     }
[39m
[31m+   },
[39m
[31m+ 
[39m
[31m+   // ----- Loading ------- //
[39m
[31m+   internal_toggleMessageLoading: (loading, id) => {
[39m
[31m+     set(
[39m
[31m+       {
[39m
[31m+         messageLoadingIds: toggleBooleanList(get().messageLoadingIds, 
id, loading),
[39m
[31m+       },
[39m
[31m+       false,
[39m
[31m+       'internal_toggleMessageLoading',
[39m
[31m+     );
[39m
[31m+   },
[39m
[31m+   internal_toggleChatLoading: (loading, id, action) => {
[39m
[31m+     return get().internal_toggleLoadingArrays('chatLoadingIds', 
loading, id, action);
[39m
[31m+   },
[39m
[31m+   internal_toggleToolCallingStreaming: (id, streaming) => {
[39m
[31m+     set(
[39m
[31m+       {
[39m
[31m+         toolCallingStreamIds: produce(get().toolCallingStreamIds, 
(draft) => {
[39m
[31m+           if (!!streaming) {
[39m
[31m+             draft[id] = streaming;
[39m
[31m+           } else {",[39m
[31m+   },[39m
[31m+   Document {[39m
[31m+     "id": undefined,[39m
[31m+     "metadata": {[39m
[31m+       "loc": {[39m
[31m+         "lines": {[39m
[31m+           "from": 835,[39m
[31m+           "to": 861,[39m
[2m          },[22m
[32m-     "pageContent": "// ----- Loading ------- //[39m
[32m-   internal_toggleMessageLoading: (loading, id) => {[39m
[32m-     set([39m
[32m-       {[39m
[32m-         messageLoadingIds: toggleBooleanList(get().messageLoadingIds, 
id, loading),[39m
[32m-       },[39m
[32m-       false,[39m
[32m-       'internal_toggleMessageLoading',[39m
[32m-     );[39m
[32m-   },[39m
[32m-   internal_toggleChatLoading: (loading, id, action) => {[39m
[32m-     return get().internal_toggleLoadingArrays('chatLoadingIds', 
loading, id, action);[39m
[32m-   },[39m
[32m-   internal_toggleToolCallingStreaming: (id, streaming) => {[39m
[32m-     set([39m
[32m-       {[39m
[32m-         toolCallingStreamIds: produce(get().toolCallingStreamIds, 
(draft) => {[39m
[32m-           if (!!streaming) {[39m
[32m-             draft[id] = streaming;[39m
[32m-           } else {[39m
[32m-             delete draft[id];[39m
[32m-           }[39m
[32m-         }),[39m
[32m-       },",[39m
[31m+       },[39m
[31m+     },[39m
[31m+     "pageContent": "internal_toggleChatLoading: (loading, id, action) 
=> {
[39m
[31m+     return get().internal_toggleLoadingArrays('chatLoadingIds', 
loading, id, action);
[39m
[31m+   },
[39m
[31m+   internal_toggleToolCallingStreaming: (id, streaming) => {
[39m
[31m+     set(
[39m
[31m+       {
[39m
[31m+         toolCallingStreamIds: produce(get().toolCallingStreamIds, 
(draft) => {
[39m
[31m+           if (!!streaming) {
[39m
[31m+             draft[id] = streaming;
[39m
[31m+           } else {
[39m
[31m+             delete draft[id];
[39m
[31m+           }
[39m
[31m+         }),
[39m
[31m+       },
[39m
[31m+ 
[39m
[31m+       false,
[39m
[31m+       'toggleToolCallingStreaming',
[39m
[31m+     );
[39m
[31m+   },
[39m
[31m+   internal_toggleLoadingArrays: (key, loading, id, action) => {
[39m
[31m+     if (loading) {
[39m
[31m+       window.addEventListener('beforeunload', preventLeavingFn);
[39m
[31m+ 
[39m
[31m+       const abortController = new AbortController();
[39m
[31m+       set(
[39m
[31m+         {
[39m
[31m+           abortController,",[39m
[2m    },[22m
[32m-   {[39m
[31m+   Document {[39m
[31m+     "id": undefined,[39m
[2m      "metadata": {[22m
[2m        "loc": {[22m
[2m          "lines": {[22m
[32m-           "from": 850,[39m
[32m-           "to": 880,[39m
[31m+           "from": 845,[39m
[31m+           "to": 875,[39m
[2m          },[22m
[2m        },[22m
[2m      },[22m
[32m-     "pageContent": "false,[39m
[32m-       'toggleToolCallingStreaming',[39m
[32m-     );[39m
[32m-   },[39m
[32m-   internal_toggleLoadingArrays: (key, loading, id, action) => {[39m
[32m-     if (loading) {[39m
[32m-       window.addEventListener('beforeunload', preventLeavingFn);[39m
[32m-[39m
[32m-       const abortController = new AbortController();[39m
[32m-       set([39m
[32m-         {[39m
[32m-           abortController,[39m
[32m-           [key]: toggleBooleanList(get()[key] as string[], id!, 
loading),[39m
[32m-         },[39m
[32m-         false,[39m
[32m-         action,[39m
[32m-       );[39m
[32m-[39m
[32m-       return abortController;[39m
[32m-     } else {[39m
[32m-       if (!id) {[39m
[32m-         set({ abortController: undefined, [key]: [] }, false, 
action);[39m
[32m-       } else[39m
[32m-         set([39m
[32m-           {[39m
[32m-             abortController: undefined,[39m
[32m-             [key]: toggleBooleanList(get()[key] as string[], id, 
loading),[39m
[32m-           },[39m
[32m-           false,[39m
[32m-           action,[39m
[32m-         );",[39m
[31m+     "pageContent": "delete draft[id];
[39m
[31m+           }
[39m
[31m+         }),
[39m
[31m+       },
[39m
[31m+ 
[39m
[31m+       false,
[39m
[31m+       'toggleToolCallingStreaming',
[39m
[31m+     );
[39m
[31m+   },
[39m
[31m+   internal_toggleLoadingArrays: (key, loading, id, action) => {
[39m
[31m+     if (loading) {
[39m
[31m+       window.addEventListener('beforeunload', preventLeavingFn);
[39m
[31m+ 
[39m
[31m+       const abortController = new AbortController();
[39m
[31m+       set(
[39m
[31m+         {
[39m
[31m+           abortController,
[39m
[31m+           [key]: toggleBooleanList(get()[key] as string[], id!, 
loading),
[39m
[31m+         },
[39m
[31m+         false,
[39m
[31m+         action,
[39m
[31m+       );
[39m
[31m+ 
[39m
[31m+       return abortController;
[39m
[31m+     } else {
[39m
[31m+       if (!id) {
[39m
[31m+         set({ abortController: undefined, [key]: [] }, false, action);
[39m
[31m+       } else
[39m
[31m+         set(
[39m
[31m+           {
[39m
[31m+             abortController: undefined,",[39m
[2m    },[22m
[32m-   {[39m
[31m+   Document {[39m
[31m+     "id": undefined,[39m
[2m      "metadata": {[22m
[2m        "loc": {[22m
[2m          "lines": {[22m
[32m-           "from": 868,[39m
[31m+           "from": 859,[39m
[2m            "to": 885,[22m
[2m          },[22m
[2m        },[22m
[2m      },[22m
[32m-     "pageContent": "return abortController;[39m
[32m-     } else {[39m
[32m-       if (!id) {[39m
[32m-         set({ abortController: undefined, [key]: [] }, false, 
action);[39m
[32m-       } else[39m
[32m-         set([39m
[32m-           {[39m
[32m-             abortController: undefined,[39m
[32m-             [key]: toggleBooleanList(get()[key] as string[], id, 
loading),[39m
[32m-           },[39m
[32m-           false,[39m
[32m-           action,[39m
[32m-         );[39m
[32m-[39m
[32m-       window.removeEventListener('beforeunload', preventLeavingFn);[39m
[32m-     }[39m
[32m-   },[39m
[31m+     "pageContent": "set(
[39m
[31m+         {
[39m
[31m+           abortController,
[39m
[31m+           [key]: toggleBooleanList(get()[key] as string[], id!, 
loading),
[39m
[31m+         },
[39m
[31m+         false,
[39m
[31m+         action,
[39m
[31m+       );
[39m
[31m+ 
[39m
[31m+       return abortController;
[39m
[31m+     } else {
[39m
[31m+       if (!id) {
[39m
[31m+         set({ abortController: undefined, [key]: [] }, false, action);
[39m
[31m+       } else
[39m
[31m+         set(
[39m
[31m+           {
[39m
[31m+             abortController: undefined,
[39m
[31m+             [key]: toggleBooleanList(get()[key] as string[], id, 
loading),
[39m
[31m+           },
[39m
[31m+           false,
[39m
[31m+           action,
[39m
[31m+         );
[39m
[31m+ 
[39m
[31m+       window.removeEventListener('beforeunload', preventLeavingFn);
[39m
[31m+     }
[39m
[31m+   },
[39m
[2m  });",[22m
[2m    },[22m
[2m  ][22m

[36m [2mΓ¥»[22m 
src/libs/langchain/loaders/code/__tests__/index.test.ts:[2m32:20[22m[39m
    [90m 30| [39m    [35mconst[39m result [33m=[39m [35mawait[39m 
[33mCodeLoader[39m(code[33m,[39m [32m'js'[39m)[33m;[39m
    [90m 31| [39m
    [90m 32| [39m    
[34mexpect[39m(result)[33m.[39m[34mtoEqual[39m(longResult)[33m;[39m
    [90m   | [39m                   [31m^[39m
    [90m 33| [39m  })[33m;[39m
    [90m 34| [39m})[33m;[39m

[31m[2mΓÄ»ΓÄ»ΓÄ»ΓÄ»ΓÄ»ΓÄ»ΓÄ»ΓÄ»ΓÄ»ΓÄ»ΓÄ»ΓÄ»ΓÄ»ΓÄ»ΓÄ»ΓÄ»ΓÄ»ΓÄ»ΓÄ»ΓÄ»ΓÄ»ΓÄ»ΓÄ»[
9/14]ΓÄ»[22m[39m

[41m[1m FAIL [22m[49m 
src/libs/langchain/loaders/latex/__tests__/index.test.ts[2m > 
[22mLatexLoader[2m > [22mshould run
[31m[1mError[22m: Snapshot `LatexLoader > should run 1` mismatched[39m

[32m- Expected[39m
[31m+ Received[39m

[33m@@ -101,11 +101,11 @@[39m
[2m      "id": undefined,[22m
[2m      "metadata": {[22m
[2m        "loc": {[22m
[2m          "lines": {[22m
[2m            "from": 44,[22m
[32m-           "to": [7m93[27m,[39m
[31m+           "to": [7m81[27m,[39m
[2m          },[22m
[2m        },[22m
[2m      },[22m
[2m      "pageContent": "\section{Mathematical Equations}[22m
[2m  Here are some sample mathematical equations:[22m
[33m@@ -142,23 +142,64 @@[39m
[2m  Data 7 & Data 8 & Data 9 \\[22m
[2m  \hline[22m
[2m  \end{tabular}[22m
[2m  \caption{Sample Table}[22m
[2m  \label{table:1}[22m
[32m- \end{table}[39m
[32m-[39m
[32m-[39m
[32m- \section{Figures}[39m
[32m- Here is a sample figure:[39m
[32m-[39m
[32m-[39m
[32m- \begin{figure}[h!][39m
[32m- \centering[39m
[32m- \includegraphics[width=0.5\textwidth]{example-image}[39m
[32m- \caption{Sample Figure}[39m
[32m- \label{fig:1}[39m
[32m- [7m\end{figure}[27m",[39m
[31m+ \end{table}[7m",[27m[39m
[31m+   },[39m
[31m+   Document {[39m
[31m+     "id": undefined,[39m
[31m+     "metadata": {[39m
[31m+       "loc": {[39m
[31m+         "lines": {[39m
[31m+           "from": 64,[39m
[31m+           "to": 105,[39m
[31m+         },[39m
[31m+       },[39m
[31m+     },[39m
[31m+     "pageContent": "\section{Tables}[39m
[31m+ Here is a sample table:[39m
[31m+[39m
[31m+[39m
[31m+ \begin{table}[h!][39m
[31m+ \centering[39m
[31m+ \begin{tabular}{|c|c|c|}[39m
[31m+ \hline[39m
[31m+ Header 1 & Header 2 & Header 3 \\[39m
[31m+ \hline[39m
[31m+ Data 1 & Data 2 & Data 3 \\[39m
[31m+ Data 4 & Data 5 & Data 6 \\[39m
[31m+ Data 7 & Data 8 & Data 9 \\[39m
[31m+ \hline[39m
[31m+ \end{tabular}[39m
[31m+ \caption{Sample Table}[39m
[31m+ \label{table:1}[39m
[31m+ \end{table}[39m
[31m+[39m
[31m+[39m
[31m+ \section{Figures}[39m
[31m+ Here is a sample figure:[39m
[31m+[39m
[31m+[39m
[31m+ \begin{figure}[h!][39m
[31m+ \centering[39m
[31m+ \includegraphics[width=0.5\textwidth]{example-image}[39m
[31m+ \caption{Sample Figure}[39m
[31m+ \label{fig:1}[39m
[31m+ \end{figure}[39m
[31m+[39m
[31m+[39m
[31m+ \section{Sections and Subsections}[39m
[31m+ This is an example of a section with subsections.[39m
[31m+[39m
[31m+[39m
[31m+ \subsection{Subsection 1}[39m
[31m+ Content of subsection 1.[39m
[31m+[39m
[31m+[39m
[31m+ \subsection{Subsection 2}[39m
[31m+ [7mContent of subsection 2.[27m",[39m
[2m    },[22m
[2m    Document {[22m
[2m      "id": undefined,[22m
[2m      "metadata": {[22m
[2m        "loc": {[22m

[36m [2mΓ¥»[22m 
src/libs/langchain/loaders/latex/__tests__/index.test.ts:[2m14:18[22m[39m
    [90m 12| [39m    [35mconst[39m data [33m=[39m [35mawait[39m 
[33mLatexLoader[39m(content)[33m;[39m
    [90m 13| [39m
    [90m 14| [39m    
[34mexpect[39m(data)[33m.[39m[34mtoMatchSnapshot[39m()[33m;[39m
    [90m   | [39m                 [31m^[39m
    [90m 15| [39m  })[33m;[39m
    [90m 16| [39m})[33m;[39m

[31m[2mΓÄ»ΓÄ»ΓÄ»ΓÄ»ΓÄ»ΓÄ»ΓÄ»ΓÄ»ΓÄ»ΓÄ»ΓÄ»ΓÄ»ΓÄ»ΓÄ»ΓÄ»ΓÄ»ΓÄ»ΓÄ»ΓÄ»ΓÄ»ΓÄ»ΓÄ»[10/
14]ΓÄ»[22m[39m

[41m[1m FAIL [22m[49m 
src/libs/langchain/loaders/txt/__tests__/index.test.ts[2m > 
[22mTextLoader[2m > [22msplit long
[31m[1mAssertionError[22m: expected [ Document{ ΓÇª(3) }, ΓÇª(11) ] to 
deeply equal [ { ΓÇª(2) }, { ΓÇª(2) }, { ΓÇª(2) }, ΓÇª(6) ][39m

[32m- Expected[39m
[31m+ Received[39m

[2m  [[22m
[32m-   {[39m
[31m+   Document {[39m
[31m+     "id": undefined,[39m
[2m      "metadata": {[22m
[2m        "loc": {[22m
[2m          "lines": {[22m
[2m            "from": 1,[22m
[2m            "to": 13,[22m
[2m          },[22m
[2m        },[22m
[2m      },[22m
[32m-     "pageContent": "Marley was dead, to begin with. There is no doubt 
whatever about that.[39m
[32m- The register of his burial was signed by the clergyman, the clerk, 
the[39m
[32m- undertaker, and the chief mourner. Scrooge signed it. And Scrooge's 
name[39m
[32m- was good upon 'Change for anything he chose to put his hand to. Old[39m
[32m- Marley was as dead as a door-nail.[39m
[32m-[39m
[32m- Mind! I don't mean to say that I know of my own knowledge, what there 
is[39m
[32m- particularly dead about a door-nail. I might have been inclined, 
myself,[39m
[32m- to regard a coffin-nail as the deadest piece of ironmongery in the[39m
[32m- trade. But the wisdom of our ancestors is in the simile; and my[39m
[32m- unhallowed hands shall not disturb it, or the country's done for. 
You[39m
[32m- will, therefore, permit me to repeat, emphatically, that Marley was 
as[39m
[31m+     "pageContent": "Marley was dead, to begin with. There is no doubt 
whatever about that.
[39m
[31m+ The register of his burial was signed by the clergyman, the clerk, the
[39m
[31m+ undertaker, and the chief mourner. Scrooge signed it. And Scrooge's name
[39m
[31m+ was good upon 'Change for anything he chose to put his hand to. Old
[39m
[31m+ Marley was as dead as a door-nail.
[39m
[31m+ 
[39m
[31m+ Mind! I don't mean to say that I know of my own knowledge, what there is
[39m
[31m+ particularly dead about a door-nail. I might have been inclined, myself,
[39m
[31m+ to regard a coffin-nail as the deadest piece of ironmongery in the
[39m
[31m+ trade. But the wisdom of our ancestors is in the simile; and my
[39m
[31m+ unhallowed hands shall not disturb it, or the country's done for. You
[39m
[31m+ will, therefore, permit me to repeat, emphatically, that Marley was as
[39m
[2m  dead as a door-nail.",[22m
[2m    },[22m
[32m-   {[39m
[31m+   Document {[39m
[31m+     "id": undefined,[39m
[2m      "metadata": {[22m
[2m        "loc": {[22m
[2m          "lines": {[22m
[32m-           "from": 15,[39m
[32m-           "to": 21,[39m
[31m+           "from": 8,[39m
[31m+           "to": 19,[39m
[2m          },[22m
[2m        },[22m
[2m      },[22m
[32m-     "pageContent": "Scrooge knew he was dead? Of course he did. How 
could it be otherwise?[39m
[32m- Scrooge and he were partners for I don't know how many years. 
Scrooge[39m
[32m- was his sole executor, his sole administrator, his sole assign, his 
sole[39m
[32m- residuary legatee, his sole friend, and sole mourner. And even 
Scrooge[39m
[32m- was not so dreadfully cut up by the sad event but that he was an[39m
[32m- excellent man of business on the very day of the funeral, and 
solemnised[39m
[32m- it with an undoubted bargain.",[39m
[31m+     "pageContent": "particularly dead about a door-nail. I might have 
been inclined, myself,
[39m
[31m+ to regard a coffin-nail as the deadest piece of ironmongery in the
[39m
[31m+ trade. But the wisdom of our ancestors is in the simile; and my
[39m
[31m+ unhallowed hands shall not disturb it, or the country's done for. You
[39m
[31m+ will, therefore, permit me to repeat, emphatically, that Marley was as
[39m
[31m+ dead as a door-nail.
[39m
[31m+ 
[39m
[31m+ Scrooge knew he was dead? Of course he did. How could it be otherwise?
[39m
[31m+ Scrooge and he were partners for I don't know how many years. Scrooge
[39m
[31m+ was his sole executor, his sole administrator, his sole assign, his sole
[39m
[31m+ residuary legatee, his sole friend, and sole mourner. And even Scrooge
[39m
[31m+ was not so dreadfully cut up by the sad event but that he was an",[39m
[2m    },[22m
[32m-   {[39m
[31m+   Document {[39m
[31m+     "id": undefined,[39m
[2m      "metadata": {[22m
[2m        "loc": {[22m
[2m          "lines": {[22m
[32m-           "from": 23,[39m
[32m-           "to": 31,[39m
[31m+           "from": 13,[39m
[31m+           "to": 26,[39m
[2m          },[22m
[2m        },[22m
[2m      },[22m
[32m-     "pageContent": "The mention of Marley's funeral brings me back to 
the point I started[39m
[32m- from. There is no doubt that Marley was dead. This must be 
distinctly[39m
[32m- understood, or nothing wonderful can come of the story I am going 
to[39m
[32m- relate. If we were not perfectly convinced that Hamlet's father 
died[39m
[32m- before the play began, there would be nothing more remarkable in 
his[39m
[32m- taking a stroll at night, in an easterly wind, upon his own 
ramparts,[39m
[32m- than there would be in any other middle-aged gentleman rashly 
turning[39m
[32m- out after dark in a breezy spot--say St. Paul's Churchyard, for[39m
[32m- instance--literally to astonish his son's weak mind.",[39m
[31m+     "pageContent": "dead as a door-nail.
[39m
[31m+ 
[39m
[31m+ Scrooge knew he was dead? Of course he did. How could it be otherwise?
[39m
[31m+ Scrooge and he were partners for I don't know how many years. Scrooge
[39m
[31m+ was his sole executor, his sole administrator, his sole assign, his sole
[39m
[31m+ residuary legatee, his sole friend, and sole mourner. And even Scrooge
[39m
[31m+ was not so dreadfully cut up by the sad event but that he was an
[39m
[31m+ excellent man of business on the very day of the funeral, and solemnised
[39m
[31m+ it with an undoubted bargain.
[39m
[31m+ 
[39m
[31m+ The mention of Marley's funeral brings me back to the point I started
[39m
[31m+ from. There is no doubt that Marley was dead. This must be distinctly
[39m
[31m+ understood, or nothing wonderful can come of the story I am going to
[39m
[31m+ relate. If we were not perfectly convinced that Hamlet's father 
died",[39m
[2m    },[22m
[32m-   {[39m
[31m+   Document {[39m
[31m+     "id": undefined,[39m
[2m      "metadata": {[22m
[2m        "loc": {[22m
[2m          "lines": {[22m
[32m-           "from": 33,[39m
[32m-           "to": 37,[39m
[31m+           "from": 20,[39m
[31m+           "to": 33,[39m
[2m          },[22m
[2m        },[22m
[2m      },[22m
[32m-     "pageContent": "Scrooge never painted out Old Marley's name. There 
it stood, years[39m
[32m- afterwards, above the warehouse door: Scrooge and Marley. The firm 
was[39m
[32m- known as Scrooge and Marley. Sometimes people new to the business 
called[39m
[32m- Scrooge Scrooge, and sometimes Marley, but he answered to both names. 
It[39m
[32m- was all the same to him.",[39m
[31m+     "pageContent": "excellent man of business on the very day of the 
funeral, and solemnised
[39m
[31m+ it with an undoubted bargain.
[39m
[31m+ 
[39m
[31m+ The mention of Marley's funeral brings me back to the point I started
[39m
[31m+ from. There is no doubt that Marley was dead. This must be distinctly
[39m
[31m+ understood, or nothing wonderful can come of the story I am going to
[39m
[31m+ relate. If we were not perfectly convinced that Hamlet's father died
[39m
[31m+ before the play began, there would be nothing more remarkable in his
[39m
[31m+ taking a stroll at night, in an easterly wind, upon his own ramparts,
[39m
[31m+ than there would be in any other middle-aged gentleman rashly turning
[39m
[31m+ out after dark in a breezy spot--say St. Paul's Churchyard, for
[39m
[31m+ instance--literally to astonish his son's weak mind.
[39m
[31m+ 
[39m
[31m+ Scrooge never painted out Old Marley's name. There it stood, 
years",[39m
[2m    },[22m
[32m-   {[39m
[31m+   Document {[39m
[31m+     "id": undefined,[39m
[2m      "metadata": {[22m
[2m        "loc": {[22m
[2m          "lines": {[22m
[32m-           "from": 39,[39m
[32m-           "to": 48,[39m
[31m+           "from": 28,[39m
[31m+           "to": 41,[39m
[2m          },[22m
[2m        },[22m
[2m      },[22m
[32m-     "pageContent": "Oh! but he was a tight-fisted hand at the 
grindstone, Scrooge! a[39m
[32m- squeezing, wrenching, grasping, scraping, clutching, covetous old[39m
[32m- sinner! Hard and sharp as flint, from which no steel had ever struck 
out[39m
[32m- generous fire; secret, and self-contained, and solitary as an 
oyster.[39m
[32m- The cold within him froze his old features, nipped his pointed 
nose,[39m
[32m- shrivelled his cheek, stiffened his gait; made his eyes red, his 
thin[39m
[32m- lips blue; and spoke out shrewdly in his grating voice. A frosty 
rime[39m
[32m- was on his head, and on his eyebrows, and his wiry chin. He carried 
his[39m
[32m- own low temperature always about with him; he iced his office in 
the[39m
[32m- dog-days, and didn't thaw it one degree at Christmas.",[39m
[31m+     "pageContent": "taking a stroll at night, in an easterly wind, upon 
his own ramparts,
[39m
[31m+ than there would be in any other middle-aged gentleman rashly turning
[39m
[31m+ out after dark in a breezy spot--say St. Paul's Churchyard, for
[39m
[31m+ instance--literally to astonish his son's weak mind.
[39m
[31m+ 
[39m
[31m+ Scrooge never painted out Old Marley's name. There it stood, years
[39m
[31m+ afterwards, above the warehouse door: Scrooge and Marley. The firm was
[39m
[31m+ known as Scrooge and Marley. Sometimes people new to the business called
[39m
[31m+ Scrooge Scrooge, and sometimes Marley, but he answered to both names. It
[39m
[31m+ was all the same to him.
[39m
[31m+ 
[39m
[31m+ Oh! but he was a tight-fisted hand at the grindstone, Scrooge! a
[39m
[31m+ squeezing, wrenching, grasping, scraping, clutching, covetous old
[39m
[31m+ sinner! Hard and sharp as flint, from which no steel had ever struck 
out",[39m
[2m    },[22m
[32m-   {[39m
[31m+   Document {[39m
[31m+     "id": undefined,[39m
[2m      "metadata": {[22m
[2m        "loc": {[22m
[2m          "lines": {[22m
[32m-           "from": 50,[39m
[32m-           "to": 56,[39m
[31m+           "from": 35,[39m
[31m+           "to": 46,[39m
[2m          },[22m
[2m        },[22m
[2m      },[22m
[32m-     "pageContent": "External heat and cold had little influence on 
Scrooge. No warmth could[39m
[32m- warm, no wintry weather chill him. No wind that blew was bitterer 
than[39m
[32m- he, no falling snow was more intent upon its purpose, no pelting 
rain[39m
[32m- less open to entreaty. Foul weather didn't know where to have him. 
The[39m
[32m- heaviest rain, and snow, and hail, and sleet could boast of the[39m
[32m- advantage over him in only one respect. They often 'came down'[39m
[32m- handsomely, and Scrooge never did.",[39m
[31m+     "pageContent": "known as Scrooge and Marley. Sometimes people new 
to the business called
[39m
[31m+ Scrooge Scrooge, and sometimes Marley, but he answered to both names. It
[39m
[31m+ was all the same to him.
[39m
[31m+ 
[39m
[31m+ Oh! but he was a tight-fisted hand at the grindstone, Scrooge! a
[39m
[31m+ squeezing, wrenching, grasping, scraping, clutching, covetous old
[39m
[31m+ sinner! Hard and sharp as flint, from which no steel had ever struck out
[39m
[31m+ generous fire; secret, and self-contained, and solitary as an oyster.
[39m
[31m+ The cold within him froze his old features, nipped his pointed nose,
[39m
[31m+ shrivelled his cheek, stiffened his gait; made his eyes red, his thin
[39m
[31m+ lips blue; and spoke out shrewdly in his grating voice. A frosty rime
[39m
[31m+ was on his head, and on his eyebrows, and his wiry chin. He carried 
his",[39m
[2m    },[22m
[32m-   {[39m
[31m+   Document {[39m
[31m+     "id": undefined,[39m
[2m      "metadata": {[22m
[2m        "loc": {[22m
[2m          "lines": {[22m
[32m-           "from": 58,[39m
[32m-           "to": 69,[39m
[31m+           "from": 42,[39m
[31m+           "to": 53,[39m
[2m          },[22m
[2m        },[22m
[2m      },[22m
[32m-     "pageContent": "Nobody ever stopped him in the street to say, with 
gladsome looks, 'My[39m
[32m- dear Scrooge, how are you? When will you come to see me?' No 
beggars[39m
[32m- implored him to bestow a trifle, no children asked him what it was[39m
[32m- o'clock, no man or woman ever once in all his life inquired the way 
to[39m
[32m- such and such a place, of Scrooge. Even the blind men's dogs appeared 
to[39m
[32m- know him; and, when they saw him coming on, would tug their owners 
into[39m
[32m- doorways and up courts; and then would wag their tails as though 
they[39m
[32m- said, 'No eye at all is better than an evil eye, dark master!'[39m
[32m-[39m
[32m- But what did Scrooge care? It was the very thing he liked. To edge 
his[39m
[32m- way along the crowded paths of life, warning all human sympathy to 
keep[39m
[32m- its distance, was what the knowing ones call 'nuts' to Scrooge.",[39m
[31m+     "pageContent": "generous fire; secret, and self-contained, and 
solitary as an oyster.
[39m
[31m+ The cold within him froze his old features, nipped his pointed nose,
[39m
[31m+ shrivelled his cheek, stiffened his gait; made his eyes red, his thin
[39m
[31m+ lips blue; and spoke out shrewdly in his grating voice. A frosty rime
[39m
[31m+ was on his head, and on his eyebrows, and his wiry chin. He carried his
[39m
[31m+ own low temperature always about with him; he iced his office in the
[39m
[31m+ dog-days, and didn't thaw it one degree at Christmas.
[39m
[31m+ 
[39m
[31m+ External heat and cold had little influence on Scrooge. No warmth could
[39m
[31m+ warm, no wintry weather chill him. No wind that blew was bitterer than
[39m
[31m+ he, no falling snow was more intent upon its purpose, no pelting rain
[39m
[31m+ less open to entreaty. Foul weather didn't know where to have him. 
The",[39m
[2m    },[22m
[32m-   {[39m
[31m+   Document {[39m
[31m+     "id": undefined,[39m
[2m      "metadata": {[22m
[2m        "loc": {[22m
[2m          "lines": {[22m
[32m-           "from": 71,[39m
[32m-           "to": 81,[39m
[31m+           "from": 48,[39m
[31m+           "to": 61,[39m
[2m          },[22m
[2m        },[22m
[2m      },[22m
[32m-     "pageContent": "Once upon a time--of all the good days in the year, 
on Christmas[39m
[32m- Eve--old Scrooge sat busy in his counting-house. It was cold, 
bleak,[39m
[32m- biting weather; foggy withal; and he could hear the people in the 
court[39m
[32m- outside go wheezing up and down, beating their hands upon their 
breasts,[39m
[32m- and stamping their feet upon the pavement stones to warm them. The 
City[39m
[32m- clocks had only just gone three, but it was quite dark already--it 
had[39m
[32m- not been light all day--and candles were flaring in the windows of 
the[39m
[32m- neighbouring offices, like ruddy smears upon the palpable brown air. 
The[39m
[32m- fog came pouring in at every chink and keyhole, and was so dense[39m
[32m- without, that, although the court was of the narrowest, the houses[39m
[32m- opposite were mere phantoms. To see the dingy cloud come drooping 
down,",[39m
[31m+     "pageContent": "dog-days, and didn't thaw it one degree at 
Christmas.
[39m
[31m+ 
[39m
[31m+ External heat and cold had little influence on Scrooge. No warmth could
[39m
[31m+ warm, no wintry weather chill him. No wind that blew was bitterer than
[39m
[31m+ he, no falling snow was more intent upon its purpose, no pelting rain
[39m
[31m+ less open to entreaty. Foul weather didn't know where to have him. The
[39m
[31m+ heaviest rain, and snow, and hail, and sleet could boast of the
[39m
[31m+ advantage over him in only one respect. They often 'came down'
[39m
[31m+ handsomely, and Scrooge never did.
[39m
[31m+ 
[39m
[31m+ Nobody ever stopped him in the street to say, with gladsome looks, 'My
[39m
[31m+ dear Scrooge, how are you? When will you come to see me?' No beggars
[39m
[31m+ implored him to bestow a trifle, no children asked him what it was
[39m

[31m+ o'clock, no man or woman ever once in all his life inquired the way 
to",[39m
[2m    },[22m
[32m-   {[39m
[31m+   Document {[39m
[31m+     "id": undefined,[39m
[2m      "metadata": {[22m
[2m        "loc": {[22m
[2m          "lines": {[22m
[32m-           "from": 77,[39m
[31m+           "from": 55,[39m
[31m+           "to": 67,[39m
[31m+         },[39m
[31m+       },[39m
[31m+     },[39m
[31m+     "pageContent": "advantage over him in only one respect. They often 
'came down'
[39m
[31m+ handsomely, and Scrooge never did.
[39m
[31m+ 
[39m
[31m+ Nobody ever stopped him in the street to say, with gladsome looks, 'My
[39m
[31m+ dear Scrooge, how are you? When will you come to see me?' No beggars
[39m
[31m+ implored him to bestow a trifle, no children asked him what it was
[39m
[31m+ o'clock, no man or woman ever once in all his life inquired the way to
[39m
[31m+ such and such a place, of Scrooge. Even the blind men's dogs appeared to
[39m
[31m+ know him; and, when they saw him coming on, would tug their owners into
[39m
[31m+ doorways and up courts; and then would wag their tails as though they
[39m
[31m+ said, 'No eye at all is better than an evil eye, dark master!'
[39m
[31m+ 
[39m
[31m+ But what did Scrooge care? It was the very thing he liked. To edge 
his",[39m
[31m+   },[39m
[31m+   Document {[39m
[31m+     "id": undefined,[39m
[31m+     "metadata": {[39m
[31m+       "loc": {[39m
[31m+         "lines": {[39m
[31m+           "from": 62,[39m
[31m+           "to": 74,[39m
[31m+         },[39m
[31m+       },[39m
[31m+     },[39m
[31m+     "pageContent": "such and such a place, of Scrooge. Even the blind 
men's dogs appeared to
[39m
[31m+ know him; and, when they saw him coming on, would tug their owners into
[39m
[31m+ doorways and up courts; and then would wag their tails as though they
[39m
[31m+ said, 'No eye at all is better than an evil eye, dark master!'
[39m
[31m+ 
[39m
[31m+ But what did Scrooge care? It was the very thing he liked. To edge his
[39m
[31m+ way along the crowded paths of life, warning all human sympathy to keep
[39m
[31m+ its distance, was what the knowing ones call 'nuts' to Scrooge.
[39m
[31m+ 
[39m
[31m+ Once upon a time--of all the good days in the year, on Christmas
[39m
[31m+ Eve--old Scrooge sat busy in his counting-house. It was cold, bleak,
[39m
[31m+ biting weather; foggy withal; and he could hear the people in the court
[39m
[31m+ outside go wheezing up and down, beating their hands upon their 
breasts,",[39m
[31m+   },[39m
[31m+   Document {[39m
[31m+     "id": undefined,[39m
[31m+     "metadata": {[39m
[31m+       "loc": {[39m
[31m+         "lines": {[39m
[31m+           "from": 69,[39m
[31m+           "to": 80,[39m
[31m+         },[39m
[31m+       },[39m
[31m+     },[39m
[31m+     "pageContent": "its distance, was what the knowing ones call 'nuts' 
to Scrooge.
[39m
[31m+ 
[39m
[31m+ Once upon a time--of all the good days in the year, on Christmas
[39m
[31m+ Eve--old Scrooge sat busy in his counting-house. It was cold, bleak,
[39m
[31m+ biting weather; foggy withal; and he could hear the people in the court
[39m
[31m+ outside go wheezing up and down, beating their hands upon their breasts,
[39m
[31m+ and stamping their feet upon the pavement stones to warm them. The City
[39m
[31m+ clocks had only just gone three, but it was quite dark already--it had
[39m
[31m+ not been light all day--and candles were flaring in the windows of the
[39m
[31m+ neighbouring offices, like ruddy smears upon the palpable brown air. The
[39m
[31m+ fog came pouring in at every chink and keyhole, and was so dense
[39m
[31m+ without, that, although the court was of the narrowest, the 
houses",[39m
[31m+   },[39m
[31m+   Document {[39m
[31m+     "id": undefined,[39m
[31m+     "metadata": {[39m
[31m+       "loc": {[39m
[31m+         "lines": {[39m
[31m+           "from": 76,[39m
[2m            "to": 83,[22m
[2m          },[22m
[2m        },[22m
[2m      },[22m
[32m-     "pageContent": "not been light all day--and candles were flaring in 
the windows of the[39m
[32m- neighbouring offices, like ruddy smears upon the palpable brown air. 
The[39m
[32m- fog came pouring in at every chink and keyhole, and was so dense[39m
[32m- without, that, although the court was of the narrowest, the houses[39m
[32m- opposite were mere phantoms. To see the dingy cloud come drooping 
down,[39m
[32m- obscuring everything, one might have thought that nature lived hard 
by,[39m
[31m+     "pageContent": "clocks had only just gone three, but it was quite 
dark already--it had
[39m
[31m+ not been light all day--and candles were flaring in the windows of the
[39m
[31m+ neighbouring offices, like ruddy smears upon the palpable brown air. The
[39m
[31m+ fog came pouring in at every chink and keyhole, and was so dense
[39m
[2m  Snapshots [22m [1m[31m1 failed[39m[22m
[31m+ without, that, although the court was of the narrowest, the houses
[39m
[31m+ opposite were mere phantoms. To see the dingy cloud come drooping down,
[39m
[31m+ obscuring everything, one might have thought that nature lived hard by,
[39m
[2m  and was brewing on a large scale.",[22m
[2m    },[22m
[2m  ][22m

[36m [2mΓ¥»[22m 
src/libs/langchain/loaders/txt/__tests__/index.test.ts:[2m52:20[22m[39m
    [90m 50| [39m    [35mconst[39m result [33m=[39m [35mawait[39m 
[33mTextLoader[39m(content)[33m;[39m
    [90m 51| [39m
    [90m 52| [39m    
[34mexpect[39m(result)[33m.[39m[34mtoEqual[39m(longResult)[33m;[39m
    [90m   | [39m                   [31m^[39m
    [90m 53| [39m  })[33m;[39m
    [90m 54| [39m})[33m;[39m

[31m[2mΓÄ»ΓÄ»ΓÄ»ΓÄ»ΓÄ»ΓÄ»ΓÄ»ΓÄ»ΓÄ»ΓÄ»ΓÄ»ΓÄ»ΓÄ»ΓÄ»ΓÄ»ΓÄ»ΓÄ»ΓÄ»ΓÄ»ΓÄ»ΓÄ»ΓÄ»[11/
14]ΓÄ»[22m[39m

[2m            [22m [1m[33m1 obsolete[39m[22m
[2m            [22m [90mΓå│[39m [2msrc/libs/mcp/__tests__/[22m[1mindex[22m[2m.test.ts[22m
[2m            [22m   [90m┬╖[39m MCPClient > Stdio Transport > should list tools via stdio 1

[2m Test Files [22m [1m[31m8 failed[39m[22m[2m | [22m[1m[32m240 passed[39m[22m[2m | [22m[33m2 skipped[39m[90m (250)[39m
[2m      Tests [22m [1m[31m14 failed[39m[22m[2m | [22m[1m[32m2496 passed[39m[22m[2m | [22m[33m13 skipped[39m[90m (2523)[39m
[2m   Start at [22m 18:16:38
[2m   Duration [22m 171.73s[2m (transform 36.07s, setup 944.25s, collect 579.30s, tests 90.30s, environment 141.88s, prepare 40.64s)[22m

